******************************************************************************
                  TI ARM Linker PC v5.1.6                      
******************************************************************************
>> Linked Wed Feb 04 19:56:32 2015

OUTPUT FILE NAME:   <MiniLab_Final.out>
ENTRY POINT SYMBOL: "_c_int00"  address: 00000a35


MEMORY CONFIGURATION

         name            origin    length      used     unused   attr    fill
----------------------  --------  ---------  --------  --------  ----  --------
  FLASH                 00000000   00040000  00000df6  0003f20a  R  X
  SRAM                  20000000   00008000  00000221  00007ddf  RW X


SEGMENT ALLOCATION MAP

run origin  load origin   length   init length attrs members
----------  ----------- ---------- ----------- ----- -------
00000000    00000000    00000df8   00000df8    r-x
  00000000    00000000    0000026c   0000026c    r-- .intvecs
  0000026c    0000026c    00000a36   00000a36    r-x .text
  00000ca4    00000ca4    0000011c   0000011c    r-- .const
  00000dc0    00000dc0    00000038   00000038    r-- .cinit
20000000    20000000    00000221   00000000    rw-
  20000000    20000000    00000200   00000000    rw- .stack
  20000200    20000200    00000018   00000000    rw- .data
  20000218    20000218    00000009   00000000    rw- .bss


SECTION ALLOCATION MAP

 output                                  attributes/
section   page    origin      length       input sections
--------  ----  ----------  ----------   ----------------
.intvecs   0    00000000    0000026c     
                  00000000    0000026c     lm4f121h5qr_startup_ccs.obj (.intvecs)

.init_array 
*          0    00000000    00000000     UNINITIALIZED

.text      0    0000026c    00000a36     
                  0000026c    000001d8     driverlib-cm4f.lib : sysctl.obj (.text:SysCtlClockGet)
                  00000444    000001a0     main.obj (.text)
                  000005e4    0000013c     driverlib-cm4f.lib : sysctl.obj (.text:SysCtlClockSet)
                  00000720    000000c8                        : gpio.obj (.text:GPIOPadConfigSet)
                  000007e8    0000009c     rtsv7M4_T_le_v4SPD16_eabi.lib : memcpy_t2.obj (.text)
                  00000884    00000094                                   : auto_init.obj (.text)
                  00000918    00000064     driverlib-cm4f.lib : interrupt.obj (.text:IntEnable)
                  0000097c    0000005e     rtsv7M4_T_le_v4SPD16_eabi.lib : copy_decompress_rle.obj (.text)
                  000009da    00000002     --HOLE-- [fill = 0]
                  000009dc    00000058     driverlib-cm4f.lib : sysctl.obj (.text:SysCtlPeripheralEnable)
                  00000a34    00000048     rtsv7M4_T_le_v4SPD16_eabi.lib : boot.obj (.text)
                  00000a7c    00000044     driverlib-cm4f.lib : gpio.obj (.text:GPIOIntTypeSet)
                  00000ac0    00000044     rtsv7M4_T_le_v4SPD16_eabi.lib : cpy_tbl.obj (.text)
                  00000b04    00000044                                   : exit.obj (.text)
                  00000b48    0000002e     driverlib-cm4f.lib : gpio.obj (.text:GPIODirModeSet)
                  00000b76    00000002     --HOLE-- [fill = 0]
                  00000b78    00000028                        : timer.obj (.text:TimerConfigure)
                  00000ba0    00000018     rtsv7M4_T_le_v4SPD16_eabi.lib : args_main.obj (.text)
                  00000bb8    00000014                                   : _lock.obj (.text)
                  00000bcc    00000012     driverlib-cm4f.lib : gpio.obj (.text:GPIOPinTypeGPIOInput)
                  00000bde    00000012                        : gpio.obj (.text:GPIOPinTypeGPIOOutput)
                  00000bf0    00000012                        : timer.obj (.text:TimerLoadSet)
                  00000c02    00000012     rtsv7M4_T_le_v4SPD16_eabi.lib : copy_zero_init.obj (.text:decompress:ZI)
                  00000c14    0000000e     driverlib-cm4f.lib : gpio.obj (.text:GPIOPinIntDisable)
                  00000c22    0000000e                        : gpio.obj (.text:GPIOPinIntStatus)
                  00000c30    0000000e                        : timer.obj (.text:TimerEnable)
                  00000c3e    0000000e     rtsv7M4_T_le_v4SPD16_eabi.lib : copy_decompress_none.obj (.text:decompress:none)
                  00000c4c    0000000c     driverlib-cm4f.lib : cpu.obj (.text:CPUcpsie)
                  00000c58    0000000c                        : gpio.obj (.text:GPIOPinIntEnable)
                  00000c64    0000000c     lm4f121h5qr_startup_ccs.obj (.text)
                  00000c70    0000000a     driverlib-cm4f.lib : gpio.obj (.text:GPIOPinWrite)
                  00000c7a    0000000a                        : interrupt.obj (.text:IntMasterEnable)
                  00000c84    00000008                        : timer.obj (.text:TimerIntEnable)
                  00000c8c    00000006                        : gpio.obj (.text:GPIOPinIntClear)
                  00000c92    00000006                        : sysctl.obj (.text:SysCtlDelay)
                  00000c98    00000006     rtsv7M4_T_le_v4SPD16_eabi.lib : copy_decompress_rle.obj (.text:decompress:rle24)
                  00000c9e    00000004     driverlib-cm4f.lib : timer.obj (.text:TimerIntClear)

.const     0    00000ca4    0000011c     
                  00000ca4    00000070     driverlib-cm4f.lib : interrupt.obj (.const)
                  00000d14    0000006c                        : sysctl.obj (.const:g_pulXtals)
                  00000d80    00000040                        : sysctl.obj (.const)

.cinit     0    00000dc0    00000038     
                  00000dc0    00000013     (.cinit..data.load) [load image, compression = rle]
                  00000dd3    00000001     --HOLE-- [fill = 0]
                  00000dd4    0000000c     (__TI_handler_table)
                  00000de0    00000008     (.cinit..bss.load) [load image, compression = zero_init]
                  00000de8    00000010     (__TI_cinit_table)

.stack     0    20000000    00000200     UNINITIALIZED
                  20000000    00000200     --HOLE--

.data      0    20000200    00000018     UNINITIALIZED
                  20000200    00000008     rtsv7M4_T_le_v4SPD16_eabi.lib : _lock.obj (.data)
                  20000208    00000008                                   : exit.obj (.data)
                  20000210    00000004     main.obj (.data)
                  20000214    00000004     rtsv7M4_T_le_v4SPD16_eabi.lib : stkdepth_vars.obj (.data)

.bss       0    20000218    00000009     UNINITIALIZED
                  20000218    00000004     (.common:MaxPeriod)
                  2000021c    00000004     (.common:ulPeriod)
                  20000220    00000001     (.common:EnableLED)


LINKER GENERATED COPY TABLES

__TI_cinit_table @ 00000de8 records: 2, size/record: 8, table size: 16
	.data: load addr=00000dc0, load size=00000013 bytes, run addr=20000200, run size=00000018 bytes, compression=rle
	.bss: load addr=00000de0, load size=00000008 bytes, run addr=20000218, run size=00000009 bytes, compression=zero_init


LINKER GENERATED HANDLER TABLE

__TI_handler_table @ 00000dd4 records: 3, size/record: 4, table size: 12
	index: 0, handler: __TI_decompress_rle24
	index: 1, handler: __TI_decompress_none
	index: 2, handler: __TI_zero_init


GLOBAL SYMBOLS: SORTED ALPHABETICALLY BY Name 

address    name
--------   ----
00000b05   C$$EXIT
00000c4d   CPUcpsie
20000220   EnableLED
00000b49   GPIODirModeSet
00000549   GPIOFIntHandler
00000a7d   GPIOIntTypeSet
00000721   GPIOPadConfigSet
00000c8d   GPIOPinIntClear
00000c15   GPIOPinIntDisable
00000c59   GPIOPinIntEnable
00000c23   GPIOPinIntStatus
00000bcd   GPIOPinTypeGPIOInput
00000bdf   GPIOPinTypeGPIOOutput
00000c71   GPIOPinWrite
00000919   IntEnable
00000c7b   IntMasterEnable
20000210   Led
20000218   MaxPeriod
00000c65   ResetISR
UNDEFED    SHT$$INIT_ARRAY$$Base
UNDEFED    SHT$$INIT_ARRAY$$Limit
0000026d   SysCtlClockGet
000005e5   SysCtlClockSet
00000c93   SysCtlDelay
000009dd   SysCtlPeripheralEnable
00000507   Timer0IntHandler
00000b79   TimerConfigure
00000c31   TimerEnable
00000c9f   TimerIntClear
00000c85   TimerIntEnable
00000bf1   TimerLoadSet
20000200   __STACK_END
00000200   __STACK_SIZE
20000200   __STACK_TOP
00000de8   __TI_CINIT_Base
00000df8   __TI_CINIT_Limit
00000dd4   __TI_Handler_Table_Base
00000de0   __TI_Handler_Table_Limit
00000001   __TI_args_main
00000885   __TI_auto_init
20000208   __TI_cleanup_ptr
00000c3f   __TI_decompress_none
00000c99   __TI_decompress_rle24
2000020c   __TI_dtors_ptr
00000000   __TI_static_base__
00000c03   __TI_zero_init
000007e9   __aeabi_memcpy
000007e9   __aeabi_memcpy4
000007e9   __aeabi_memcpy8
ffffffff   __binit__
ffffffff   __c_args__
20000000   __stack
00000ba1   _args_main
00000a35   _c_int00
20000200   _lock
00000bc7   _nop
00000bbf   _register_lock
00000bb9   _register_unlock
20000204   _unlock
00000b09   abort
ffffffff   binit
00000ac1   copy_in
00000b11   exit
00000000   g_pfnVectors
00000445   main
20000214   main_func_sp
000007e9   memcpy
2000021c   ulPeriod


GLOBAL SYMBOLS: SORTED BY Symbol Address 

address    name
--------   ----
00000000   __TI_static_base__
00000000   g_pfnVectors
00000001   __TI_args_main
00000200   __STACK_SIZE
0000026d   SysCtlClockGet
00000445   main
00000507   Timer0IntHandler
00000549   GPIOFIntHandler
000005e5   SysCtlClockSet
00000721   GPIOPadConfigSet
000007e9   __aeabi_memcpy
000007e9   __aeabi_memcpy4
000007e9   __aeabi_memcpy8
000007e9   memcpy
00000885   __TI_auto_init
00000919   IntEnable
000009dd   SysCtlPeripheralEnable
00000a35   _c_int00
00000a7d   GPIOIntTypeSet
00000ac1   copy_in
00000b05   C$$EXIT
00000b09   abort
00000b11   exit
00000b49   GPIODirModeSet
00000b79   TimerConfigure
00000ba1   _args_main
00000bb9   _register_unlock
00000bbf   _register_lock
00000bc7   _nop
00000bcd   GPIOPinTypeGPIOInput
00000bdf   GPIOPinTypeGPIOOutput
00000bf1   TimerLoadSet
00000c03   __TI_zero_init
00000c15   GPIOPinIntDisable
00000c23   GPIOPinIntStatus
00000c31   TimerEnable
00000c3f   __TI_decompress_none
00000c4d   CPUcpsie
00000c59   GPIOPinIntEnable
00000c65   ResetISR
00000c71   GPIOPinWrite
00000c7b   IntMasterEnable
00000c85   TimerIntEnable
00000c8d   GPIOPinIntClear
00000c93   SysCtlDelay
00000c99   __TI_decompress_rle24
00000c9f   TimerIntClear
00000dd4   __TI_Handler_Table_Base
00000de0   __TI_Handler_Table_Limit
00000de8   __TI_CINIT_Base
00000df8   __TI_CINIT_Limit
20000000   __stack
20000200   __STACK_END
20000200   __STACK_TOP
20000200   _lock
20000204   _unlock
20000208   __TI_cleanup_ptr
2000020c   __TI_dtors_ptr
20000210   Led
20000214   main_func_sp
20000218   MaxPeriod
2000021c   ulPeriod
20000220   EnableLED
ffffffff   __binit__
ffffffff   __c_args__
ffffffff   binit
UNDEFED    SHT$$INIT_ARRAY$$Base
UNDEFED    SHT$$INIT_ARRAY$$Limit

[68 symbols]
