******************************************************************************
                  TI ARM Linker PC v5.1.6                      
******************************************************************************
>> Linked Tue Feb 03 12:39:40 2015

OUTPUT FILE NAME:   <Clocks_LED.out>
ENTRY POINT SYMBOL: "_c_int00"  address: 000006bd


MEMORY CONFIGURATION

         name            origin    length      used     unused   attr    fill
----------------------  --------  ---------  --------  --------  ----  --------
  FLASH                 00000000   00040000  0000088e  0003f772  R  X
  SRAM                  20000000   00008000  00000218  00007de8  RW X


SEGMENT ALLOCATION MAP

run origin  load origin   length   init length attrs members
----------  ----------- ---------- ----------- ----- -------
00000000    00000000    00000894   00000894    r-x
  00000000    00000000    0000026c   0000026c    r-- .intvecs
  0000026c    0000026c    000005be   000005be    r-x .text
  0000082c    0000082c    00000040   00000040    r-- .const
  00000870    00000870    00000024   00000024    r-- .cinit
20000000    20000000    00000218   00000000    rw-
  20000000    20000000    00000200   00000000    rw- .stack
  20000200    20000200    00000018   00000000    rw- .data


SECTION ALLOCATION MAP

 output                                  attributes/
section   page    origin      length       input sections
--------  ----  ----------  ----------   ----------------
.intvecs   0    00000000    0000026c     
                  00000000    0000026c     lm4f121h5qr_startup_ccs.obj (.intvecs)

.init_array 
*          0    00000000    00000000     UNINITIALIZED

.text      0    0000026c    000005be     
                  0000026c    0000013c     driverlib-cm4f.lib : sysctl.obj (.text:SysCtlClockSet)
                  000003a8    000000c8                        : gpio.obj (.text:GPIOPadConfigSet)
                  00000470    0000009c     rtsv7M4_T_le_v4SPD16_eabi.lib : memcpy_t2.obj (.text)
                  0000050c    00000094                                   : auto_init.obj (.text)
                  000005a0    00000064     main.obj (.text)
                  00000604    0000005e     rtsv7M4_T_le_v4SPD16_eabi.lib : copy_decompress_rle.obj (.text)
                  00000662    00000002     --HOLE-- [fill = 0]
                  00000664    00000058     driverlib-cm4f.lib : sysctl.obj (.text:SysCtlPeripheralEnable)
                  000006bc    00000048     rtsv7M4_T_le_v4SPD16_eabi.lib : boot.obj (.text)
                  00000704    00000044                                   : cpy_tbl.obj (.text)
                  00000748    00000044                                   : exit.obj (.text)
                  0000078c    0000002e     driverlib-cm4f.lib : gpio.obj (.text:GPIODirModeSet)
                  000007ba    00000002     --HOLE-- [fill = 0]
                  000007bc    00000018     rtsv7M4_T_le_v4SPD16_eabi.lib : args_main.obj (.text)
                  000007d4    00000014                                   : _lock.obj (.text)
                  000007e8    00000012     driverlib-cm4f.lib : gpio.obj (.text:GPIOPinTypeGPIOOutput)
                  000007fa    0000000e     rtsv7M4_T_le_v4SPD16_eabi.lib : copy_decompress_none.obj (.text:decompress:none)
                  00000808    0000000c     lm4f121h5qr_startup_ccs.obj (.text)
                  00000814    0000000a     driverlib-cm4f.lib : gpio.obj (.text:GPIOPinWrite)
                  0000081e    00000006                        : sysctl.obj (.text:SysCtlDelay)
                  00000824    00000006     rtsv7M4_T_le_v4SPD16_eabi.lib : copy_decompress_rle.obj (.text:decompress:rle24)

.const     0    0000082c    00000040     
                  0000082c    00000040     driverlib-cm4f.lib : sysctl.obj (.const)

.cinit     0    00000870    00000024     
                  00000870    00000013     (.cinit..data.load) [load image, compression = rle]
                  00000883    00000001     --HOLE-- [fill = 0]
                  00000884    00000008     (__TI_handler_table)
                  0000088c    00000008     (__TI_cinit_table)

.stack     0    20000000    00000200     UNINITIALIZED
                  20000000    00000200     --HOLE--

.data      0    20000200    00000018     UNINITIALIZED
                  20000200    00000008     rtsv7M4_T_le_v4SPD16_eabi.lib : _lock.obj (.data)
                  20000208    00000008                                   : exit.obj (.data)
                  20000210    00000004     main.obj (.data)
                  20000214    00000004     rtsv7M4_T_le_v4SPD16_eabi.lib : stkdepth_vars.obj (.data)


LINKER GENERATED COPY TABLES

__TI_cinit_table @ 0000088c records: 1, size/record: 8, table size: 8
	.data: load addr=00000870, load size=00000013 bytes, run addr=20000200, run size=00000018 bytes, compression=rle


LINKER GENERATED HANDLER TABLE

__TI_handler_table @ 00000884 records: 2, size/record: 4, table size: 8
	index: 0, handler: __TI_decompress_rle24
	index: 1, handler: __TI_decompress_none


GLOBAL SYMBOLS: SORTED ALPHABETICALLY BY Name 

address    name
--------   ----
00000749   C$$EXIT
0000078d   GPIODirModeSet
000003a9   GPIOPadConfigSet
000007e9   GPIOPinTypeGPIOOutput
00000815   GPIOPinWrite
20000210   LED
00000809   ResetISR
UNDEFED    SHT$$INIT_ARRAY$$Base
UNDEFED    SHT$$INIT_ARRAY$$Limit
0000026d   SysCtlClockSet
0000081f   SysCtlDelay
00000665   SysCtlPeripheralEnable
20000200   __STACK_END
00000200   __STACK_SIZE
20000200   __STACK_TOP
0000088c   __TI_CINIT_Base
00000894   __TI_CINIT_Limit
00000884   __TI_Handler_Table_Base
0000088c   __TI_Handler_Table_Limit
00000001   __TI_args_main
0000050d   __TI_auto_init
20000208   __TI_cleanup_ptr
000007fb   __TI_decompress_none
00000825   __TI_decompress_rle24
2000020c   __TI_dtors_ptr
00000000   __TI_static_base__
00000471   __aeabi_memcpy
00000471   __aeabi_memcpy4
00000471   __aeabi_memcpy8
ffffffff   __binit__
ffffffff   __c_args__
20000000   __stack
000007bd   _args_main
000006bd   _c_int00
20000200   _lock
000007e3   _nop
000007db   _register_lock
000007d5   _register_unlock
20000204   _unlock
0000074d   abort
ffffffff   binit
00000705   copy_in
00000755   exit
00000000   g_pfnVectors
000005a1   main
20000214   main_func_sp
00000471   memcpy


GLOBAL SYMBOLS: SORTED BY Symbol Address 

address    name
--------   ----
00000000   __TI_static_base__
00000000   g_pfnVectors
00000001   __TI_args_main
00000200   __STACK_SIZE
0000026d   SysCtlClockSet
000003a9   GPIOPadConfigSet
00000471   __aeabi_memcpy
00000471   __aeabi_memcpy4
00000471   __aeabi_memcpy8
00000471   memcpy
0000050d   __TI_auto_init
000005a1   main
00000665   SysCtlPeripheralEnable
000006bd   _c_int00
00000705   copy_in
00000749   C$$EXIT
0000074d   abort
00000755   exit
0000078d   GPIODirModeSet
000007bd   _args_main
000007d5   _register_unlock
000007db   _register_lock
000007e3   _nop
000007e9   GPIOPinTypeGPIOOutput
000007fb   __TI_decompress_none
00000809   ResetISR
00000815   GPIOPinWrite
0000081f   SysCtlDelay
00000825   __TI_decompress_rle24
00000884   __TI_Handler_Table_Base
0000088c   __TI_CINIT_Base
0000088c   __TI_Handler_Table_Limit
00000894   __TI_CINIT_Limit
20000000   __stack
20000200   __STACK_END
20000200   __STACK_TOP
20000200   _lock
20000204   _unlock
20000208   __TI_cleanup_ptr
2000020c   __TI_dtors_ptr
20000210   LED
20000214   main_func_sp
ffffffff   __binit__
ffffffff   __c_args__
ffffffff   binit
UNDEFED    SHT$$INIT_ARRAY$$Base
UNDEFED    SHT$$INIT_ARRAY$$Limit

[47 symbols]
