******************************************************************************
                  TI ARM Linker PC v5.1.6                      
******************************************************************************
>> Linked Wed Feb 11 16:20:48 2015

OUTPUT FILE NAME:   <Project_2.out>
ENTRY POINT SYMBOL: "_c_int00"  address: 0000076d


MEMORY CONFIGURATION

         name            origin    length      used     unused   attr    fill
----------------------  --------  ---------  --------  --------  ----  --------
  FLASH                 00000000   00040000  00000a58  0003f5a8  R  X
  SRAM                  20000000   00008000  00000230  00007dd0  RW X


SEGMENT ALLOCATION MAP

run origin  load origin   length   init length attrs members
----------  ----------- ---------- ----------- ----- -------
00000000    00000000    00000a58   00000a58    r-x
  00000000    00000000    0000026c   0000026c    r-- .intvecs
  0000026c    0000026c    00000704   00000704    r-x .text
  00000970    00000970    000000b0   000000b0    r-- .const
  00000a20    00000a20    00000038   00000038    r-- .cinit
20000000    20000000    00000230   00000000    rw-
  20000000    20000000    00000200   00000000    rw- .stack
  20000200    20000200    0000001c   00000000    rw- .bss
  2000021c    2000021c    00000014   00000000    rw- .data


SECTION ALLOCATION MAP

 output                                  attributes/
section   page    origin      length       input sections
--------  ----  ----------  ----------   ----------------
.intvecs   0    00000000    0000026c     
                  00000000    0000026c     lm4f120h5qr_startup_ccs.obj (.intvecs)

.init_array 
*          0    00000000    00000000     UNINITIALIZED

.text      0    0000026c    00000704     
                  0000026c    0000013c     driverlib-cm4f.lib : sysctl.obj (.text:SysCtlClockSet)
                  000003a8    0000010c     main.obj (.text)
                  000004b4    0000009c     rtsv7M4_T_le_v4SPD16_eabi.lib : memcpy_t2.obj (.text)
                  00000550    00000094                                   : auto_init.obj (.text)
                  000005e4    0000006c     driverlib-cm4f.lib : adc.obj (.text:ADCSequenceStepConfigure)
                  00000650    00000064                        : interrupt.obj (.text:IntEnable)
                  000006b4    0000005e     rtsv7M4_T_le_v4SPD16_eabi.lib : copy_decompress_rle.obj (.text)
                  00000712    00000002     --HOLE-- [fill = 0]
                  00000714    00000058     driverlib-cm4f.lib : sysctl.obj (.text:SysCtlPeripheralEnable)
                  0000076c    00000048     rtsv7M4_T_le_v4SPD16_eabi.lib : boot.obj (.text)
                  000007b4    00000044                                   : cpy_tbl.obj (.text)
                  000007f8    00000044                                   : exit.obj (.text)
                  0000083c    0000002a     driverlib-cm4f.lib : adc.obj (.text:ADCSequenceConfigure)
                  00000866    00000020                        : adc.obj (.text:ADCSequenceDataGet)
                  00000886    00000002     --HOLE-- [fill = 0]
                  00000888    00000020                        : sysctl.obj (.text:SysCtlADCSpeedSet)
                  000008a8    00000018     rtsv7M4_T_le_v4SPD16_eabi.lib : args_main.obj (.text)
                  000008c0    00000016     driverlib-cm4f.lib : adc.obj (.text:ADCProcessorTrigger)
                  000008d6    00000002     --HOLE-- [fill = 0]
                  000008d8    00000014     rtsv7M4_T_le_v4SPD16_eabi.lib : _lock.obj (.text)
                  000008ec    00000012                                   : copy_zero_init.obj (.text:decompress:ZI)
                  000008fe    00000010     driverlib-cm4f.lib : adc.obj (.text:ADCIntEnable)
                  0000090e    0000000e                        : adc.obj (.text:ADCSequenceDisable)
                  0000091c    0000000e                        : adc.obj (.text:ADCSequenceEnable)
                  0000092a    0000000e     rtsv7M4_T_le_v4SPD16_eabi.lib : copy_decompress_none.obj (.text:decompress:none)
                  00000938    0000000c     driverlib-cm4f.lib : cpu.obj (.text:CPUcpsie)
                  00000944    0000000c     lm4f120h5qr_startup_ccs.obj (.text)
                  00000950    0000000a     driverlib-cm4f.lib : adc.obj (.text:ADCIntClear)
                  0000095a    0000000a                        : interrupt.obj (.text:IntMasterEnable)
                  00000964    00000006                        : sysctl.obj (.text:SysCtlDelay)
                  0000096a    00000006     rtsv7M4_T_le_v4SPD16_eabi.lib : copy_decompress_rle.obj (.text:decompress:rle24)

.const     0    00000970    000000b0     
                  00000970    00000070     driverlib-cm4f.lib : interrupt.obj (.const)
                  000009e0    00000040                        : sysctl.obj (.const)

.cinit     0    00000a20    00000038     
                  00000a20    0000000f     (.cinit..data.load) [load image, compression = rle]
                  00000a2f    00000001     --HOLE-- [fill = 0]
                  00000a30    0000000c     (__TI_handler_table)
                  00000a3c    00000004     --HOLE-- [fill = 0]
                  00000a40    00000008     (.cinit..bss.load) [load image, compression = zero_init]
                  00000a48    00000010     (__TI_cinit_table)

.stack     0    20000000    00000200     UNINITIALIZED
                  20000000    00000200     --HOLE--

.bss       0    20000200    0000001c     UNINITIALIZED
                  20000200    00000010     (.common:ulADC0Value)
                  20000210    00000004     (.common:ulTempAvg)
                  20000214    00000004     (.common:ulTempValueC)
                  20000218    00000004     (.common:ulTempValueF)

.data      0    2000021c    00000014     UNINITIALIZED
                  2000021c    00000008     rtsv7M4_T_le_v4SPD16_eabi.lib : _lock.obj (.data)
                  20000224    00000008                                   : exit.obj (.data)
                  2000022c    00000004                                   : stkdepth_vars.obj (.data)


LINKER GENERATED COPY TABLES

__TI_cinit_table @ 00000a48 records: 2, size/record: 8, table size: 16
	.data: load addr=00000a20, load size=0000000f bytes, run addr=2000021c, run size=00000014 bytes, compression=rle
	.bss: load addr=00000a40, load size=00000008 bytes, run addr=20000200, run size=0000001c bytes, compression=zero_init


LINKER GENERATED HANDLER TABLE

__TI_handler_table @ 00000a30 records: 3, size/record: 4, table size: 12
	index: 0, handler: __TI_decompress_rle24
	index: 1, handler: __TI_decompress_none
	index: 2, handler: __TI_zero_init


GLOBAL SYMBOLS: SORTED ALPHABETICALLY BY Name 

address    name
--------   ----
00000951   ADCIntClear
000008ff   ADCIntEnable
000008c1   ADCProcessorTrigger
0000083d   ADCSequenceConfigure
00000867   ADCSequenceDataGet
0000090f   ADCSequenceDisable
0000091d   ADCSequenceEnable
000005e5   ADCSequenceStepConfigure
000007f9   C$$EXIT
00000939   CPUcpsie
00000651   IntEnable
0000095b   IntMasterEnable
00000945   ResetISR
UNDEFED    SHT$$INIT_ARRAY$$Base
UNDEFED    SHT$$INIT_ARRAY$$Limit
00000427   SequenceIntHandler
00000889   SysCtlADCSpeedSet
0000026d   SysCtlClockSet
00000965   SysCtlDelay
00000715   SysCtlPeripheralEnable
20000200   __STACK_END
00000200   __STACK_SIZE
20000200   __STACK_TOP
00000a48   __TI_CINIT_Base
00000a58   __TI_CINIT_Limit
00000a30   __TI_Handler_Table_Base
00000a3c   __TI_Handler_Table_Limit
00000001   __TI_args_main
00000551   __TI_auto_init
20000224   __TI_cleanup_ptr
0000092b   __TI_decompress_none
0000096b   __TI_decompress_rle24
20000228   __TI_dtors_ptr
00000000   __TI_static_base__
000008ed   __TI_zero_init
000004b5   __aeabi_memcpy
000004b5   __aeabi_memcpy4
000004b5   __aeabi_memcpy8
ffffffff   __binit__
ffffffff   __c_args__
20000000   __stack
000008a9   _args_main
0000076d   _c_int00
2000021c   _lock
000008e7   _nop
000008df   _register_lock
000008d9   _register_unlock
20000220   _unlock
000007fd   abort
ffffffff   binit
000007b5   copy_in
00000805   exit
00000000   g_pfnVectors
000003a9   main
2000022c   main_func_sp
000004b5   memcpy
20000200   ulADC0Value
20000210   ulTempAvg
20000214   ulTempValueC
20000218   ulTempValueF


GLOBAL SYMBOLS: SORTED BY Symbol Address 

address    name
--------   ----
00000000   __TI_static_base__
00000000   g_pfnVectors
00000001   __TI_args_main
00000200   __STACK_SIZE
0000026d   SysCtlClockSet
000003a9   main
00000427   SequenceIntHandler
000004b5   __aeabi_memcpy
000004b5   __aeabi_memcpy4
000004b5   __aeabi_memcpy8
000004b5   memcpy
00000551   __TI_auto_init
000005e5   ADCSequenceStepConfigure
00000651   IntEnable
00000715   SysCtlPeripheralEnable
0000076d   _c_int00
000007b5   copy_in
000007f9   C$$EXIT
000007fd   abort
00000805   exit
0000083d   ADCSequenceConfigure
00000867   ADCSequenceDataGet
00000889   SysCtlADCSpeedSet
000008a9   _args_main
000008c1   ADCProcessorTrigger
000008d9   _register_unlock
000008df   _register_lock
000008e7   _nop
000008ed   __TI_zero_init
000008ff   ADCIntEnable
0000090f   ADCSequenceDisable
0000091d   ADCSequenceEnable
0000092b   __TI_decompress_none
00000939   CPUcpsie
00000945   ResetISR
00000951   ADCIntClear
0000095b   IntMasterEnable
00000965   SysCtlDelay
0000096b   __TI_decompress_rle24
00000a30   __TI_Handler_Table_Base
00000a3c   __TI_Handler_Table_Limit
00000a48   __TI_CINIT_Base
00000a58   __TI_CINIT_Limit
20000000   __stack
20000200   __STACK_END
20000200   __STACK_TOP
20000200   ulADC0Value
20000210   ulTempAvg
20000214   ulTempValueC
20000218   ulTempValueF
2000021c   _lock
20000220   _unlock
20000224   __TI_cleanup_ptr
20000228   __TI_dtors_ptr
2000022c   main_func_sp
ffffffff   __binit__
ffffffff   __c_args__
ffffffff   binit
UNDEFED    SHT$$INIT_ARRAY$$Base
UNDEFED    SHT$$INIT_ARRAY$$Limit

[60 symbols]
