******************************************************************************
                  TI ARM Linker PC v5.1.10                     
******************************************************************************
>> Linked Wed Feb 11 00:01:54 2015

OUTPUT FILE NAME:   <Project_2.out>
ENTRY POINT SYMBOL: "_c_int00"  address: 00000711


MEMORY CONFIGURATION

         name            origin    length      used     unused   attr    fill
----------------------  --------  ---------  --------  --------  ----  --------
  FLASH                 00000000   00040000  000009b8  0003f648  R  X
  SRAM                  20000000   00008000  00000230  00007dd0  RW X


SEGMENT ALLOCATION MAP

run origin  load origin   length   init length attrs members
----------  ----------- ---------- ----------- ----- -------
00000000    00000000    000009b8   000009b8    r-x
  00000000    00000000    0000026c   0000026c    r-- .intvecs
  0000026c    0000026c    000006d4   000006d4    r-x .text
  00000940    00000940    00000040   00000040    r-- .const
  00000980    00000980    00000038   00000038    r-- .cinit
20000000    20000000    00000230   00000000    rw-
  20000000    20000000    00000200   00000000    rw- .stack
  20000200    20000200    0000001c   00000000    rw- .bss
  2000021c    2000021c    00000014   00000000    rw- .data


SECTION ALLOCATION MAP

 output                                  attributes/
section   page    origin      length       input sections
--------  ----  ----------  ----------   ----------------
.init_array 
*          0    00000000    00000000     UNINITIALIZED

.intvecs   0    00000000    0000026c     
                  00000000    0000026c     lm4f120h5qr_startup_ccs.obj (.intvecs)

.text      0    0000026c    000006d4     
                  0000026c    0000013c     driverlib-cm4f.lib : sysctl.obj (.text:SysCtlClockSet)
                  000003a8    00000114     main.obj (.text)
                  000004bc    0000009c     rtsv7M4_T_le_v4SPD16_eabi.lib : memcpy_t2.obj (.text)
                  00000558    00000094                                   : auto_init.obj (.text)
                  000005ec    0000006c     driverlib-cm4f.lib : adc.obj (.text:ADCSequenceStepConfigure)
                  00000658    0000005e     rtsv7M4_T_le_v4SPD16_eabi.lib : copy_decompress_rle.obj (.text)
                  000006b6    00000002     --HOLE-- [fill = 0]
                  000006b8    00000058     driverlib-cm4f.lib : sysctl.obj (.text:SysCtlPeripheralEnable)
                  00000710    00000048     rtsv7M4_T_le_v4SPD16_eabi.lib : boot.obj (.text)
                  00000758    00000044                                   : cpy_tbl.obj (.text)
                  0000079c    00000044                                   : exit.obj (.text)
                  000007e0    0000002e     driverlib-cm4f.lib : adc.obj (.text:ADCIntStatus)
                  0000080e    0000002a                        : adc.obj (.text:ADCSequenceConfigure)
                  00000838    00000020                        : adc.obj (.text:ADCSequenceDataGet)
                  00000858    00000020                        : sysctl.obj (.text:SysCtlADCSpeedSet)
                  00000878    00000018     rtsv7M4_T_le_v4SPD16_eabi.lib : args_main.obj (.text)
                  00000890    00000016     driverlib-cm4f.lib : adc.obj (.text:ADCProcessorTrigger)
                  000008a6    00000002     --HOLE-- [fill = 0]
                  000008a8    00000014     rtsv7M4_T_le_v4SPD16_eabi.lib : _lock.obj (.text)
                  000008bc    00000012                                   : copy_zero_init.obj (.text:decompress:ZI)
                  000008ce    00000010     driverlib-cm4f.lib : adc.obj (.text:ADCIntEnable)
                  000008de    0000000e                        : adc.obj (.text:ADCSequenceDisable)
                  000008ec    0000000e                        : adc.obj (.text:ADCSequenceEnable)
                  000008fa    0000000e     rtsv7M4_T_le_v4SPD16_eabi.lib : copy_decompress_none.obj (.text:decompress:none)
                  00000908    0000000c     driverlib-cm4f.lib : cpu.obj (.text:CPUcpsie)
                  00000914    0000000c     lm4f120h5qr_startup_ccs.obj (.text)
                  00000920    0000000a     driverlib-cm4f.lib : adc.obj (.text:ADCIntClear)
                  0000092a    0000000a                        : interrupt.obj (.text:IntMasterEnable)
                  00000934    00000006                        : sysctl.obj (.text:SysCtlDelay)
                  0000093a    00000006     rtsv7M4_T_le_v4SPD16_eabi.lib : copy_decompress_rle.obj (.text:decompress:rle24)

.const     0    00000940    00000040     
                  00000940    00000040     driverlib-cm4f.lib : sysctl.obj (.const)

.cinit     0    00000980    00000038     
                  00000980    0000000f     (.cinit..data.load) [load image, compression = rle]
                  0000098f    00000001     --HOLE-- [fill = 0]
                  00000990    0000000c     (__TI_handler_table)
                  0000099c    00000004     --HOLE-- [fill = 0]
                  000009a0    00000008     (.cinit..bss.load) [load image, compression = zero_init]
                  000009a8    00000010     (__TI_cinit_table)

.stack     0    20000000    00000200     UNINITIALIZED
                  20000000    00000200     --HOLE--

.bss       0    20000200    0000001c     UNINITIALIZED
                  20000200    00000010     (.common:ulADC0Value)
                  20000210    00000004     (.common:ulTempAvg)
                  20000214    00000004     (.common:ulTempValueC)
                  20000218    00000004     (.common:ulTempValueF)

.data      0    2000021c    00000014     UNINITIALIZED
                  2000021c    00000008     rtsv7M4_T_le_v4SPD16_eabi.lib : _lock.obj (.data)
                  20000224    00000008                                   : exit.obj (.data)
                  2000022c    00000004                                   : stkdepth_vars.obj (.data)


LINKER GENERATED COPY TABLES

__TI_cinit_table @ 000009a8 records: 2, size/record: 8, table size: 16
	.data: load addr=00000980, load size=0000000f bytes, run addr=2000021c, run size=00000014 bytes, compression=rle
	.bss: load addr=000009a0, load size=00000008 bytes, run addr=20000200, run size=0000001c bytes, compression=zero_init


LINKER GENERATED HANDLER TABLE

__TI_handler_table @ 00000990 records: 3, size/record: 4, table size: 12
	index: 0, handler: __TI_decompress_rle24
	index: 1, handler: __TI_decompress_none
	index: 2, handler: __TI_zero_init


GLOBAL SYMBOLS: SORTED ALPHABETICALLY BY Name 

address    name
--------   ----
00000921   ADCIntClear
000008cf   ADCIntEnable
000007e1   ADCIntStatus
00000891   ADCProcessorTrigger
0000080f   ADCSequenceConfigure
00000839   ADCSequenceDataGet
000008df   ADCSequenceDisable
000008ed   ADCSequenceEnable
000005ed   ADCSequenceStepConfigure
0000079d   C$$EXIT
00000909   CPUcpsie
0000092b   IntMasterEnable
00000915   ResetISR
UNDEFED    SHT$$INIT_ARRAY$$Base
UNDEFED    SHT$$INIT_ARRAY$$Limit
00000421   SequenceIntHandler
00000859   SysCtlADCSpeedSet
0000026d   SysCtlClockSet
00000935   SysCtlDelay
000006b9   SysCtlPeripheralEnable
20000200   __STACK_END
00000200   __STACK_SIZE
20000200   __STACK_TOP
000009a8   __TI_CINIT_Base
000009b8   __TI_CINIT_Limit
00000990   __TI_Handler_Table_Base
0000099c   __TI_Handler_Table_Limit
00000001   __TI_args_main
00000559   __TI_auto_init
20000224   __TI_cleanup_ptr
000008fb   __TI_decompress_none
0000093b   __TI_decompress_rle24
20000228   __TI_dtors_ptr
00000980   __TI_static_base__
000008bd   __TI_zero_init
000004bd   __aeabi_memcpy
000004bd   __aeabi_memcpy4
000004bd   __aeabi_memcpy8
ffffffff   __binit__
ffffffff   __c_args__
20000000   __stack
00000879   _args_main
00000711   _c_int00
2000021c   _lock
000008b7   _nop
000008af   _register_lock
000008a9   _register_unlock
20000220   _unlock
000007a1   abort
ffffffff   binit
00000759   copy_in
000007a9   exit
00000000   g_pfnVectors
000003a9   main
2000022c   main_func_sp
000004bd   memcpy
20000200   ulADC0Value
20000210   ulTempAvg
20000214   ulTempValueC
20000218   ulTempValueF


GLOBAL SYMBOLS: SORTED BY Symbol Address 

address    name
--------   ----
00000000   g_pfnVectors
00000001   __TI_args_main
00000200   __STACK_SIZE
0000026d   SysCtlClockSet
000003a9   main
00000421   SequenceIntHandler
000004bd   __aeabi_memcpy
000004bd   __aeabi_memcpy4
000004bd   __aeabi_memcpy8
000004bd   memcpy
00000559   __TI_auto_init
000005ed   ADCSequenceStepConfigure
000006b9   SysCtlPeripheralEnable
00000711   _c_int00
00000759   copy_in
0000079d   C$$EXIT
000007a1   abort
000007a9   exit
000007e1   ADCIntStatus
0000080f   ADCSequenceConfigure
00000839   ADCSequenceDataGet
00000859   SysCtlADCSpeedSet
00000879   _args_main
00000891   ADCProcessorTrigger
000008a9   _register_unlock
000008af   _register_lock
000008b7   _nop
000008bd   __TI_zero_init
000008cf   ADCIntEnable
000008df   ADCSequenceDisable
000008ed   ADCSequenceEnable
000008fb   __TI_decompress_none
00000909   CPUcpsie
00000915   ResetISR
00000921   ADCIntClear
0000092b   IntMasterEnable
00000935   SysCtlDelay
0000093b   __TI_decompress_rle24
00000980   __TI_static_base__
00000990   __TI_Handler_Table_Base
0000099c   __TI_Handler_Table_Limit
000009a8   __TI_CINIT_Base
000009b8   __TI_CINIT_Limit
20000000   __stack
20000200   __STACK_END
20000200   __STACK_TOP
20000200   ulADC0Value
20000210   ulTempAvg
20000214   ulTempValueC
20000218   ulTempValueF
2000021c   _lock
20000220   _unlock
20000224   __TI_cleanup_ptr
20000228   __TI_dtors_ptr
2000022c   main_func_sp
ffffffff   __binit__
ffffffff   __c_args__
ffffffff   binit
UNDEFED    SHT$$INIT_ARRAY$$Base
UNDEFED    SHT$$INIT_ARRAY$$Limit

[60 symbols]
