******************************************************************************
                  TI ARM Linker PC v5.1.10                     
******************************************************************************
>> Linked Tue Feb 10 16:57:55 2015

OUTPUT FILE NAME:   <Project_1.out>
ENTRY POINT SYMBOL: "_c_int00"  address: 000006e1


MEMORY CONFIGURATION

         name            origin    length      used     unused   attr    fill
----------------------  --------  ---------  --------  --------  ----  --------
  FLASH                 00000000   00040000  00000938  0003f6c8  R  X
  SRAM                  20000000   00008000  00000214  00007dec  RW X


SEGMENT ALLOCATION MAP

run origin  load origin   length   init length attrs members
----------  ----------- ---------- ----------- ----- -------
00000000    00000000    00000938   00000938    r-x
  00000000    00000000    0000026c   0000026c    r-- .intvecs
  0000026c    0000026c    0000066c   0000066c    r-x .text
  000008d8    000008d8    00000040   00000040    r-- .const
  00000918    00000918    00000020   00000020    r-- .cinit
20000000    20000000    00000214   00000000    rw-
  20000000    20000000    00000200   00000000    rw- .stack
  20000200    20000200    00000014   00000000    rw- .data


SECTION ALLOCATION MAP

 output                                  attributes/
section   page    origin      length       input sections
--------  ----  ----------  ----------   ----------------
.init_array 
*          0    00000000    00000000     UNINITIALIZED

.intvecs   0    00000000    0000026c     
                  00000000    0000026c     lm4f120h5qr_startup_ccs.obj (.intvecs)

.text      0    0000026c    0000066c     
                  0000026c    0000013c     driverlib-cm4f.lib : sysctl.obj (.text:SysCtlClockSet)
                  000003a8    000000e4     main.obj (.text)
                  0000048c    0000009c     rtsv7M4_T_le_v4SPD16_eabi.lib : memcpy_t2.obj (.text)
                  00000528    00000094                                   : auto_init.obj (.text)
                  000005bc    0000006c     driverlib-cm4f.lib : adc.obj (.text:ADCSequenceStepConfigure)
                  00000628    0000005e     rtsv7M4_T_le_v4SPD16_eabi.lib : copy_decompress_rle.obj (.text)
                  00000686    00000002     --HOLE-- [fill = 0]
                  00000688    00000058     driverlib-cm4f.lib : sysctl.obj (.text:SysCtlPeripheralEnable)
                  000006e0    00000048     rtsv7M4_T_le_v4SPD16_eabi.lib : boot.obj (.text)
                  00000728    00000044                                   : cpy_tbl.obj (.text)
                  0000076c    00000044                                   : exit.obj (.text)
                  000007b0    0000002e     driverlib-cm4f.lib : adc.obj (.text:ADCIntStatus)
                  000007de    0000002a                        : adc.obj (.text:ADCSequenceConfigure)
                  00000808    00000020                        : adc.obj (.text:ADCSequenceDataGet)
                  00000828    00000020                        : sysctl.obj (.text:SysCtlADCSpeedSet)
                  00000848    00000018     rtsv7M4_T_le_v4SPD16_eabi.lib : args_main.obj (.text)
                  00000860    00000016     driverlib-cm4f.lib : adc.obj (.text:ADCProcessorTrigger)
                  00000876    00000002     --HOLE-- [fill = 0]
                  00000878    00000014     rtsv7M4_T_le_v4SPD16_eabi.lib : _lock.obj (.text)
                  0000088c    0000000e     driverlib-cm4f.lib : adc.obj (.text:ADCSequenceDisable)
                  0000089a    0000000e                        : adc.obj (.text:ADCSequenceEnable)
                  000008a8    0000000e     rtsv7M4_T_le_v4SPD16_eabi.lib : copy_decompress_none.obj (.text:decompress:none)
                  000008b6    0000000c     lm4f120h5qr_startup_ccs.obj (.text)
                  000008c2    0000000a     driverlib-cm4f.lib : adc.obj (.text:ADCIntClear)
                  000008cc    00000006                        : sysctl.obj (.text:SysCtlDelay)
                  000008d2    00000006     rtsv7M4_T_le_v4SPD16_eabi.lib : copy_decompress_rle.obj (.text:decompress:rle24)

.const     0    000008d8    00000040     
                  000008d8    00000040     driverlib-cm4f.lib : sysctl.obj (.const)

.cinit     0    00000918    00000020     
                  00000918    0000000f     (.cinit..data.load) [load image, compression = rle]
                  00000927    00000001     --HOLE-- [fill = 0]
                  00000928    00000008     (__TI_handler_table)
                  00000930    00000008     (__TI_cinit_table)

.stack     0    20000000    00000200     UNINITIALIZED
                  20000000    00000200     --HOLE--

.data      0    20000200    00000014     UNINITIALIZED
                  20000200    00000008     rtsv7M4_T_le_v4SPD16_eabi.lib : _lock.obj (.data)
                  20000208    00000008                                   : exit.obj (.data)
                  20000210    00000004                                   : stkdepth_vars.obj (.data)


LINKER GENERATED COPY TABLES

__TI_cinit_table @ 00000930 records: 1, size/record: 8, table size: 8
	.data: load addr=00000918, load size=0000000f bytes, run addr=20000200, run size=00000014 bytes, compression=rle


LINKER GENERATED HANDLER TABLE

__TI_handler_table @ 00000928 records: 2, size/record: 4, table size: 8
	index: 0, handler: __TI_decompress_rle24
	index: 1, handler: __TI_decompress_none


GLOBAL SYMBOLS: SORTED ALPHABETICALLY BY Name 

address    name
--------   ----
000008c3   ADCIntClear
000007b1   ADCIntStatus
00000861   ADCProcessorTrigger
000007df   ADCSequenceConfigure
00000809   ADCSequenceDataGet
0000088d   ADCSequenceDisable
0000089b   ADCSequenceEnable
000005bd   ADCSequenceStepConfigure
0000076d   C$$EXIT
000008b7   ResetISR
UNDEFED    SHT$$INIT_ARRAY$$Base
UNDEFED    SHT$$INIT_ARRAY$$Limit
00000829   SysCtlADCSpeedSet
0000026d   SysCtlClockSet
000008cd   SysCtlDelay
00000689   SysCtlPeripheralEnable
20000200   __STACK_END
00000200   __STACK_SIZE
20000200   __STACK_TOP
00000930   __TI_CINIT_Base
00000938   __TI_CINIT_Limit
00000928   __TI_Handler_Table_Base
00000930   __TI_Handler_Table_Limit
00000001   __TI_args_main
00000529   __TI_auto_init
20000208   __TI_cleanup_ptr
000008a9   __TI_decompress_none
000008d3   __TI_decompress_rle24
2000020c   __TI_dtors_ptr
00000918   __TI_static_base__
0000048d   __aeabi_memcpy
0000048d   __aeabi_memcpy4
0000048d   __aeabi_memcpy8
ffffffff   __binit__
ffffffff   __c_args__
20000000   __stack
00000849   _args_main
000006e1   _c_int00
20000200   _lock
00000887   _nop
0000087f   _register_lock
00000879   _register_unlock
20000204   _unlock
00000771   abort
ffffffff   binit
00000729   copy_in
00000779   exit
00000000   g_pfnVectors
000003b5   main
20000210   main_func_sp
0000048d   memcpy
000003a9   void__error__


GLOBAL SYMBOLS: SORTED BY Symbol Address 

address    name
--------   ----
00000000   g_pfnVectors
00000001   __TI_args_main
00000200   __STACK_SIZE
0000026d   SysCtlClockSet
000003a9   void__error__
000003b5   main
0000048d   __aeabi_memcpy
0000048d   __aeabi_memcpy4
0000048d   __aeabi_memcpy8
0000048d   memcpy
00000529   __TI_auto_init
000005bd   ADCSequenceStepConfigure
00000689   SysCtlPeripheralEnable
000006e1   _c_int00
00000729   copy_in
0000076d   C$$EXIT
00000771   abort
00000779   exit
000007b1   ADCIntStatus
000007df   ADCSequenceConfigure
00000809   ADCSequenceDataGet
00000829   SysCtlADCSpeedSet
00000849   _args_main
00000861   ADCProcessorTrigger
00000879   _register_unlock
0000087f   _register_lock
00000887   _nop
0000088d   ADCSequenceDisable
0000089b   ADCSequenceEnable
000008a9   __TI_decompress_none
000008b7   ResetISR
000008c3   ADCIntClear
000008cd   SysCtlDelay
000008d3   __TI_decompress_rle24
00000918   __TI_static_base__
00000928   __TI_Handler_Table_Base
00000930   __TI_CINIT_Base
00000930   __TI_Handler_Table_Limit
00000938   __TI_CINIT_Limit
20000000   __stack
20000200   __STACK_END
20000200   __STACK_TOP
20000200   _lock
20000204   _unlock
20000208   __TI_cleanup_ptr
2000020c   __TI_dtors_ptr
20000210   main_func_sp
ffffffff   __binit__
ffffffff   __c_args__
ffffffff   binit
UNDEFED    SHT$$INIT_ARRAY$$Base
UNDEFED    SHT$$INIT_ARRAY$$Limit

[52 symbols]
