******************************************************************************
                  TI ARM Linker PC v5.1.6                      
******************************************************************************
>> Linked Wed Feb 11 20:56:08 2015

OUTPUT FILE NAME:   <Project_3.out>
ENTRY POINT SYMBOL: "_c_int00"  address: 000011c1


MEMORY CONFIGURATION

         name            origin    length      used     unused   attr    fill
----------------------  --------  ---------  --------  --------  ----  --------
  FLASH                 00000000   00040000  00001604  0003e9fc  R  X
  SRAM                  20000000   00008000  000006c1  0000793f  RW X


SEGMENT ALLOCATION MAP

run origin  load origin   length   init length attrs members
----------  ----------- ---------- ----------- ----- -------
00000000    00000000    00001608   00001608    r-x
  00000000    00000000    0000026c   0000026c    r-- .intvecs
  0000026c    0000026c    000011fe   000011fe    r-x .text
  0000146c    0000146c    00000162   00000162    r-- .const
  000015d0    000015d0    00000038   00000038    r-- .cinit
20000000    20000000    000006c4   00000000    rw-
  20000000    20000000    00000495   00000000    rw- .bss
  20000498    20000498    00000200   00000000    rw- .stack
  20000698    20000698    0000002c   00000000    rw- .data


SECTION ALLOCATION MAP

 output                                  attributes/
section   page    origin      length       input sections
--------  ----  ----------  ----------   ----------------
.intvecs   0    00000000    0000026c     
                  00000000    0000026c     lm4f120h5qr_startup_ccs.obj (.intvecs)

.init_array 
*          0    00000000    00000000     UNINITIALIZED

.text      0    0000026c    000011fe     
                  0000026c    00000918     uartstdio.obj (.text)
                  00000b84    0000013c     driverlib-cm4f.lib : sysctl.obj (.text:SysCtlClockSet)
                  00000cc0    00000138     main.obj (.text)
                  00000df8    000000c8     driverlib-cm4f.lib : gpio.obj (.text:GPIOPadConfigSet)
                  00000ec0    0000009c     rtsv7M4_T_le_v4SPD16_eabi.lib : memcpy_t2.obj (.text)
                  00000f5c    00000094                                   : auto_init.obj (.text)
                  00000ff0    0000006c     driverlib-cm4f.lib : adc.obj (.text:ADCSequenceStepConfigure)
                  0000105c    00000064                        : interrupt.obj (.text:IntEnable)
                  000010c0    0000005e     rtsv7M4_T_le_v4SPD16_eabi.lib : copy_decompress_rle.obj (.text)
                  0000111e    00000002     --HOLE-- [fill = 0]
                  00001120    00000058     driverlib-cm4f.lib : sysctl.obj (.text:SysCtlPeripheralEnable)
                  00001178    00000048                        : gpio.obj (.text:GPIOPinConfigure)
                  000011c0    00000048     rtsv7M4_T_le_v4SPD16_eabi.lib : boot.obj (.text)
                  00001208    00000044                                   : cpy_tbl.obj (.text)
                  0000124c    00000044                                   : exit.obj (.text)
                  00001290    00000042                                   : u_divt2.obj (.text)
                  000012d2    0000002e     driverlib-cm4f.lib : gpio.obj (.text:GPIODirModeSet)
                  00001300    0000002a                        : adc.obj (.text:ADCSequenceConfigure)
                  0000132a    00000020                        : adc.obj (.text:ADCSequenceDataGet)
                  0000134a    00000002     --HOLE-- [fill = 0]
                  0000134c    00000020                        : sysctl.obj (.text:SysCtlADCSpeedSet)
                  0000136c    00000018     rtsv7M4_T_le_v4SPD16_eabi.lib : args_main.obj (.text)
                  00001384    00000016     driverlib-cm4f.lib : adc.obj (.text:ADCProcessorTrigger)
                  0000139a    00000002     --HOLE-- [fill = 0]
                  0000139c    00000014     rtsv7M4_T_le_v4SPD16_eabi.lib : _lock.obj (.text)
                  000013b0    00000012     driverlib-cm4f.lib : gpio.obj (.text:GPIOPinTypeADC)
                  000013c2    00000012                        : gpio.obj (.text:GPIOPinTypeGPIOInput)
                  000013d4    00000012                        : gpio.obj (.text:GPIOPinTypeUART)
                  000013e6    00000012     rtsv7M4_T_le_v4SPD16_eabi.lib : copy_zero_init.obj (.text:decompress:ZI)
                  000013f8    00000010     driverlib-cm4f.lib : adc.obj (.text:ADCIntEnable)
                  00001408    0000000e                        : adc.obj (.text:ADCSequenceDisable)
                  00001416    0000000e                        : adc.obj (.text:ADCSequenceEnable)
                  00001424    0000000e     rtsv7M4_T_le_v4SPD16_eabi.lib : copy_decompress_none.obj (.text:decompress:none)
                  00001432    0000000c     driverlib-cm4f.lib : cpu.obj (.text:CPUcpsie)
                  0000143e    0000000c     lm4f120h5qr_startup_ccs.obj (.text)
                  0000144a    0000000a     driverlib-cm4f.lib : adc.obj (.text:ADCIntClear)
                  00001454    0000000a                        : interrupt.obj (.text:IntMasterEnable)
                  0000145e    00000006                        : sysctl.obj (.text:SysCtlDelay)
                  00001464    00000006     rtsv7M4_T_le_v4SPD16_eabi.lib : copy_decompress_rle.obj (.text:decompress:rle24)

.const     0    0000146c    00000162     
                  0000146c    00000078     driverlib-cm4f.lib : gpio.obj (.const:g_pulGPIOBaseAddrs)
                  000014e4    00000070                        : interrupt.obj (.const)
                  00001554    00000040                        : sysctl.obj (.const)
                  00001594    00000028     uartstdio.obj (.const)
                  000015bc    00000012     uartstdio.obj (.const:.string)

.cinit     0    000015d0    00000038     
                  000015d0    00000012     (.cinit..data.load) [load image, compression = rle]
                  000015e2    00000002     --HOLE-- [fill = 0]
                  000015e4    0000000c     (__TI_handler_table)
                  000015f0    00000008     (.cinit..bss.load) [load image, compression = zero_init]
                  000015f8    00000010     (__TI_cinit_table)

.bss       0    20000000    00000495     UNINITIALIZED
                  20000000    00000400     uartstdio.obj (.bss:g_pcUARTTxBuffer)
                  20000400    00000080     uartstdio.obj (.bss:g_pcUARTRxBuffer)
                  20000480    00000010     (.common:ulADC0Value)
                  20000490    00000004     (.common:g_ulPortNum)
                  20000494    00000001     (.common:g_bDisableEcho)

.stack     0    20000498    00000200     UNINITIALIZED
                  20000498    00000200     --HOLE--

.data      0    20000698    0000002c     UNINITIALIZED
                  20000698    00000015     uartstdio.obj (.data)
                  200006ad    00000003     --HOLE--
                  200006b0    00000008     rtsv7M4_T_le_v4SPD16_eabi.lib : _lock.obj (.data)
                  200006b8    00000008                                   : exit.obj (.data)
                  200006c0    00000004                                   : stkdepth_vars.obj (.data)


LINKER GENERATED COPY TABLES

__TI_cinit_table @ 000015f8 records: 2, size/record: 8, table size: 16
	.data: load addr=000015d0, load size=00000012 bytes, run addr=20000698, run size=0000002c bytes, compression=rle
	.bss: load addr=000015f0, load size=00000008 bytes, run addr=20000000, run size=00000495 bytes, compression=zero_init


LINKER GENERATED HANDLER TABLE

__TI_handler_table @ 000015e4 records: 3, size/record: 4, table size: 12
	index: 0, handler: __TI_decompress_rle24
	index: 1, handler: __TI_decompress_none
	index: 2, handler: __TI_zero_init


GLOBAL SYMBOLS: SORTED ALPHABETICALLY BY Name 

address    name
--------   ----
0000144b   ADCIntClear
000013f9   ADCIntEnable
00001385   ADCProcessorTrigger
00001301   ADCSequenceConfigure
0000132b   ADCSequenceDataGet
00001409   ADCSequenceDisable
00001417   ADCSequenceEnable
00000ff1   ADCSequenceStepConfigure
0000124d   C$$EXIT
00001433   CPUcpsie
000012d3   GPIODirModeSet
00000df9   GPIOPadConfigSet
00001179   GPIOPinConfigure
000013b1   GPIOPinTypeADC
000013c3   GPIOPinTypeGPIOInput
000013d5   GPIOPinTypeUART
0000105d   IntEnable
00001455   IntMasterEnable
0000143f   ResetISR
UNDEFED    SHT$$INIT_ARRAY$$Base
UNDEFED    SHT$$INIT_ARRAY$$Limit
00000d7f   SequenceIntHandler
0000134d   SysCtlADCSpeedSet
00000b85   SysCtlClockSet
0000145f   SysCtlDelay
00001121   SysCtlPeripheralEnable
000009cd   UARTEchoSet
00000965   UARTFlushRx
0000098f   UARTFlushTx
0000090b   UARTPeek
000008e9   UARTRxBytesAvail
00000373   UARTStdioConfig
0000042b   UARTStdioInit
00000445   UARTStdioInitExpClk
000009f9   UARTStdioIntHandler
000008f7   UARTTxBytesFree
00000581   UARTgetc
00000505   UARTgets
000005e9   UARTprintf
0000045f   UARTwrite
20000698   __STACK_END
00000200   __STACK_SIZE
20000698   __STACK_TOP
000015f8   __TI_CINIT_Base
00001608   __TI_CINIT_Limit
000015e4   __TI_Handler_Table_Base
000015f0   __TI_Handler_Table_Limit
00000001   __TI_args_main
00000f5d   __TI_auto_init
200006b8   __TI_cleanup_ptr
00001425   __TI_decompress_none
00001465   __TI_decompress_rle24
200006bc   __TI_dtors_ptr
00000000   __TI_static_base__
000013e7   __TI_zero_init
00000ec1   __aeabi_memcpy
00000ec1   __aeabi_memcpy4
00000ec1   __aeabi_memcpy8
00001291   __aeabi_uidivmod
ffffffff   __binit__
ffffffff   __c_args__
20000498   __stack
0000136d   _args_main
000011c1   _c_int00
200006b0   _lock
000013ab   _nop
000013a3   _register_lock
0000139d   _register_unlock
200006b4   _unlock
00001251   abort
ffffffff   binit
00001209   copy_in
00001259   exit
00000000   g_pfnVectors
00000cc1   main
200006c0   main_func_sp
00000ec1   memcpy
20000480   ulADC0Value


GLOBAL SYMBOLS: SORTED BY Symbol Address 

address    name
--------   ----
00000000   __TI_static_base__
00000000   g_pfnVectors
00000001   __TI_args_main
00000200   __STACK_SIZE
00000373   UARTStdioConfig
0000042b   UARTStdioInit
00000445   UARTStdioInitExpClk
0000045f   UARTwrite
00000505   UARTgets
00000581   UARTgetc
000005e9   UARTprintf
000008e9   UARTRxBytesAvail
000008f7   UARTTxBytesFree
0000090b   UARTPeek
00000965   UARTFlushRx
0000098f   UARTFlushTx
000009cd   UARTEchoSet
000009f9   UARTStdioIntHandler
00000b85   SysCtlClockSet
00000cc1   main
00000d7f   SequenceIntHandler
00000df9   GPIOPadConfigSet
00000ec1   __aeabi_memcpy
00000ec1   __aeabi_memcpy4
00000ec1   __aeabi_memcpy8
00000ec1   memcpy
00000f5d   __TI_auto_init
00000ff1   ADCSequenceStepConfigure
0000105d   IntEnable
00001121   SysCtlPeripheralEnable
00001179   GPIOPinConfigure
000011c1   _c_int00
00001209   copy_in
0000124d   C$$EXIT
00001251   abort
00001259   exit
00001291   __aeabi_uidivmod
000012d3   GPIODirModeSet
00001301   ADCSequenceConfigure
0000132b   ADCSequenceDataGet
0000134d   SysCtlADCSpeedSet
0000136d   _args_main
00001385   ADCProcessorTrigger
0000139d   _register_unlock
000013a3   _register_lock
000013ab   _nop
000013b1   GPIOPinTypeADC
000013c3   GPIOPinTypeGPIOInput
000013d5   GPIOPinTypeUART
000013e7   __TI_zero_init
000013f9   ADCIntEnable
00001409   ADCSequenceDisable
00001417   ADCSequenceEnable
00001425   __TI_decompress_none
00001433   CPUcpsie
0000143f   ResetISR
0000144b   ADCIntClear
00001455   IntMasterEnable
0000145f   SysCtlDelay
00001465   __TI_decompress_rle24
000015e4   __TI_Handler_Table_Base
000015f0   __TI_Handler_Table_Limit
000015f8   __TI_CINIT_Base
00001608   __TI_CINIT_Limit
20000480   ulADC0Value
20000498   __stack
20000698   __STACK_END
20000698   __STACK_TOP
200006b0   _lock
200006b4   _unlock
200006b8   __TI_cleanup_ptr
200006bc   __TI_dtors_ptr
200006c0   main_func_sp
ffffffff   __binit__
ffffffff   __c_args__
ffffffff   binit
UNDEFED    SHT$$INIT_ARRAY$$Base
UNDEFED    SHT$$INIT_ARRAY$$Limit

[78 symbols]
