******************************************************************************
                  TI ARM Linker PC v5.1.10                     
******************************************************************************
>> Linked Wed Feb 11 15:37:24 2015

OUTPUT FILE NAME:   <Project_3.out>
ENTRY POINT SYMBOL: "_c_int00"  address: 000017f9


MEMORY CONFIGURATION

         name            origin    length      used     unused   attr    fill
----------------------  --------  ---------  --------  --------  ----  --------
  FLASH                 00000000   00040000  00001cd4  0003e32c  R  X
  SRAM                  20000000   00008000  0000092d  000076d3  RW X


SEGMENT ALLOCATION MAP

run origin  load origin   length   init length attrs members
----------  ----------- ---------- ----------- ----- -------
00000000    00000000    00001cd8   00001cd8    r-x
  00000000    00000000    0000026c   0000026c    r-- .intvecs
  0000026c    0000026c    0000187e   0000187e    r-x .text
  00001aec    00001aec    000001a2   000001a2    r-- .const
  00001c90    00001c90    00000048   00000048    r-- .cinit
20000000    20000000    00000930   00000000    rw-
  20000000    20000000    0000026c   00000000    rw- .vtable
  2000026c    2000026c    00000495   00000000    rw- .bss
  20000704    20000704    00000200   00000000    rw- .stack
  20000904    20000904    0000002c   00000000    rw- .data


SECTION ALLOCATION MAP

 output                                  attributes/
section   page    origin      length       input sections
--------  ----  ----------  ----------   ----------------
.init_array 
*          0    00000000    00000000     UNINITIALIZED

.intvecs   0    00000000    0000026c     
                  00000000    0000026c     lm4f120h5qr_startup_ccs.obj (.intvecs)

.text      0    0000026c    0000187e     
                  0000026c    00000918     uartstdio.obj (.text)
                  00000b84    000005d4     uart.obj (.text)
                  00001158    0000013c     driverlib-cm4f.lib : sysctl.obj (.text:SysCtlClockSet)
                  00001294    00000138     main.obj (.text)
                  000013cc    000000c8     driverlib-cm4f.lib : gpio.obj (.text:GPIOPadConfigSet)
                  00001494    0000009c     rtsv7M4_T_le_v4SPD16_eabi.lib : memcpy_t2.obj (.text)
                  00001530    00000094                                   : auto_init.obj (.text)
                  000015c4    0000006c     driverlib-cm4f.lib : adc.obj (.text:ADCSequenceStepConfigure)
                  00001630    00000064                        : interrupt.obj (.text:IntDisable)
                  00001694    00000064                        : interrupt.obj (.text:IntEnable)
                  000016f8    0000005e     rtsv7M4_T_le_v4SPD16_eabi.lib : copy_decompress_rle.obj (.text)
                  00001756    00000002     driverlib-cm4f.lib : interrupt.obj (.text:IntDefaultHandler)
                  00001758    00000058                        : sysctl.obj (.text:SysCtlPeripheralEnable)
                  000017b0    00000048                        : gpio.obj (.text:GPIOPinConfigure)
                  000017f8    00000048     rtsv7M4_T_le_v4SPD16_eabi.lib : boot.obj (.text)
                  00001840    00000044                                   : cpy_tbl.obj (.text)
                  00001884    00000044                                   : exit.obj (.text)
                  000018c8    00000042                                   : u_divt2.obj (.text)
                  0000190a    00000002     --HOLE-- [fill = 0]
                  0000190c    00000034     driverlib-cm4f.lib : interrupt.obj (.text:IntRegister)
                  00001940    0000002e                        : gpio.obj (.text:GPIODirModeSet)
                  0000196e    0000002a                        : adc.obj (.text:ADCSequenceConfigure)
                  00001998    00000020                        : adc.obj (.text:ADCSequenceDataGet)
                  000019b8    00000020                        : sysctl.obj (.text:SysCtlADCSpeedSet)
                  000019d8    00000018     rtsv7M4_T_le_v4SPD16_eabi.lib : args_main.obj (.text)
                  000019f0    00000016     driverlib-cm4f.lib : adc.obj (.text:ADCProcessorTrigger)
                  00001a06    00000002     --HOLE-- [fill = 0]
                  00001a08    00000014                        : interrupt.obj (.text:IntUnregister)
                  00001a1c    00000014     rtsv7M4_T_le_v4SPD16_eabi.lib : _lock.obj (.text)
                  00001a30    00000012     driverlib-cm4f.lib : gpio.obj (.text:GPIOPinTypeADC)
                  00001a42    00000012                        : gpio.obj (.text:GPIOPinTypeGPIOInput)
                  00001a54    00000012                        : gpio.obj (.text:GPIOPinTypeUART)
                  00001a66    00000012     rtsv7M4_T_le_v4SPD16_eabi.lib : copy_zero_init.obj (.text:decompress:ZI)
                  00001a78    00000010     driverlib-cm4f.lib : adc.obj (.text:ADCIntEnable)
                  00001a88    0000000e                        : adc.obj (.text:ADCSequenceDisable)
                  00001a96    0000000e                        : adc.obj (.text:ADCSequenceEnable)
                  00001aa4    0000000e     rtsv7M4_T_le_v4SPD16_eabi.lib : copy_decompress_none.obj (.text:decompress:none)
                  00001ab2    0000000c     driverlib-cm4f.lib : cpu.obj (.text:CPUcpsie)
                  00001abe    0000000c     lm4f120h5qr_startup_ccs.obj (.text)
                  00001aca    0000000a     driverlib-cm4f.lib : adc.obj (.text:ADCIntClear)
                  00001ad4    0000000a                        : interrupt.obj (.text:IntMasterEnable)
                  00001ade    00000006                        : sysctl.obj (.text:SysCtlDelay)
                  00001ae4    00000006     rtsv7M4_T_le_v4SPD16_eabi.lib : copy_decompress_rle.obj (.text:decompress:rle24)

.const     0    00001aec    000001a2     
                  00001aec    00000078     driverlib-cm4f.lib : gpio.obj (.const:g_pulGPIOBaseAddrs)
                  00001b64    00000070                        : interrupt.obj (.const)
                  00001bd4    00000040                        : sysctl.obj (.const)
                  00001c14    00000040     uart.obj (.const:g_ppulUARTIntMap)
                  00001c54    00000028     uartstdio.obj (.const)
                  00001c7c    00000012     uartstdio.obj (.const:.string)

.cinit     0    00001c90    00000048     
                  00001c90    00000012     (.cinit..data.load) [load image, compression = rle]
                  00001ca2    00000002     --HOLE-- [fill = 0]
                  00001ca4    0000000c     (__TI_handler_table)
                  00001cb0    00000008     (.cinit..bss.load) [load image, compression = zero_init]
                  00001cb8    00000008     (.cinit..vtable.load) [load image, compression = zero_init]
                  00001cc0    00000018     (__TI_cinit_table)

.vtable    0    20000000    0000026c     UNINITIALIZED
                  20000000    0000026c     driverlib-cm4f.lib : interrupt.obj (.vtable)

.bss       0    2000026c    00000495     UNINITIALIZED
                  2000026c    00000400     uartstdio.obj (.bss:g_pcUARTTxBuffer)
                  2000066c    00000080     uartstdio.obj (.bss:g_pcUARTRxBuffer)
                  200006ec    00000010     (.common:ulADC0Value)
                  200006fc    00000004     (.common:g_ulPortNum)
                  20000700    00000001     (.common:g_bDisableEcho)

.stack     0    20000704    00000200     UNINITIALIZED
                  20000704    00000200     --HOLE--

.data      0    20000904    0000002c     UNINITIALIZED
                  20000904    00000015     uartstdio.obj (.data)
                  20000919    00000003     --HOLE--
                  2000091c    00000008     rtsv7M4_T_le_v4SPD16_eabi.lib : _lock.obj (.data)
                  20000924    00000008                                   : exit.obj (.data)
                  2000092c    00000004                                   : stkdepth_vars.obj (.data)


LINKER GENERATED COPY TABLES

__TI_cinit_table @ 00001cc0 records: 3, size/record: 8, table size: 24
	.data: load addr=00001c90, load size=00000012 bytes, run addr=20000904, run size=0000002c bytes, compression=rle
	.bss: load addr=00001cb0, load size=00000008 bytes, run addr=2000026c, run size=00000495 bytes, compression=zero_init
	.vtable: load addr=00001cb8, load size=00000008 bytes, run addr=20000000, run size=0000026c bytes, compression=zero_init


LINKER GENERATED HANDLER TABLE

__TI_handler_table @ 00001ca4 records: 3, size/record: 4, table size: 12
	index: 0, handler: __TI_zero_init
	index: 1, handler: __TI_decompress_rle24
	index: 2, handler: __TI_decompress_none


GLOBAL SYMBOLS: SORTED ALPHABETICALLY BY Name 

address    name
--------   ----
00001acb   ADCIntClear
00001a79   ADCIntEnable
000019f1   ADCProcessorTrigger
0000196f   ADCSequenceConfigure
00001999   ADCSequenceDataGet
00001a89   ADCSequenceDisable
00001a97   ADCSequenceEnable
000015c5   ADCSequenceStepConfigure
00001885   C$$EXIT
00001ab3   CPUcpsie
00001941   GPIODirModeSet
000013cd   GPIOPadConfigSet
000017b1   GPIOPinConfigure
00001a31   GPIOPinTypeADC
00001a43   GPIOPinTypeGPIOInput
00001a55   GPIOPinTypeUART
00001631   IntDisable
00001695   IntEnable
00001ad5   IntMasterEnable
0000190d   IntRegister
00001a09   IntUnregister
00001abf   ResetISR
UNDEFED    SHT$$INIT_ARRAY$$Base
UNDEFED    SHT$$INIT_ARRAY$$Limit
00001353   SequenceIntHandler
000019b9   SysCtlADCSpeedSet
00001159   SysCtlClockSet
00001adf   SysCtlDelay
00001759   SysCtlPeripheralEnable
00001115   UART9BitAddrSend
000010ef   UART9BitAddrSet
000010d9   UART9BitDisable
000010c3   UART9BitEnable
00000f6d   UARTBreakCtl
00000f97   UARTBusy
00000f15   UARTCharGet
00000ef9   UARTCharGetNonBlocking
00000f4f   UARTCharPut
00000f2b   UARTCharPutNonBlocking
00000ec9   UARTCharsAvail
000010b3   UARTClockSourceGet
0000109f   UARTClockSourceSet
00000ca5   UARTConfigGetExpClk
00000c2f   UARTConfigSetExpClk
00001065   UARTDMADisable
0000104d   UARTDMAEnable
00000d15   UARTDisable
00000d99   UARTDisableSIR
000009cd   UARTEchoSet
00000cf1   UARTEnable
00000d6b   UARTEnableSIR
00000d55   UARTFIFODisable
00000d3f   UARTFIFOEnable
00000c07   UARTFIFOLevelGet
00000bef   UARTFIFOLevelSet
00000e89   UARTFlowControlGet
00000e6d   UARTFlowControlSet
00000965   UARTFlushRx
0000098f   UARTFlushTx
0000103b   UARTIntClear
00001005   UARTIntDisable
00000fe7   UARTIntEnable
00000faf   UARTIntRegister
0000101d   UARTIntStatus
00000fcd   UARTIntUnregister
00000e1b   UARTModemControlClear
00000e3f   UARTModemControlGet
00000df7   UARTModemControlSet
00000e51   UARTModemStatusGet
00000bdd   UARTParityModeGet
00000bc1   UARTParityModeSet
0000090b   UARTPeek
000008e9   UARTRxBytesAvail
0000108f   UARTRxErrorClear
0000107d   UARTRxErrorGet
00000de1   UARTSmartCardDisable
00000daf   UARTSmartCardEnable
00000ee1   UARTSpaceAvail
00000373   UARTStdioConfig
0000042b   UARTStdioInit
00000445   UARTStdioInitExpClk
000009f9   UARTStdioIntHandler
000008f7   UARTTxBytesFree
00000eb7   UARTTxIntModeGet
00000e9b   UARTTxIntModeSet
00000581   UARTgetc
00000505   UARTgets
000005e9   UARTprintf
0000045f   UARTwrite
20000904   __STACK_END
00000200   __STACK_SIZE
20000904   __STACK_TOP
00001cc0   __TI_CINIT_Base
00001cd8   __TI_CINIT_Limit
00001ca4   __TI_Handler_Table_Base
00001cb0   __TI_Handler_Table_Limit
00000001   __TI_args_main
00001531   __TI_auto_init
20000924   __TI_cleanup_ptr
00001aa5   __TI_decompress_none
00001ae5   __TI_decompress_rle24
20000928   __TI_dtors_ptr
00000000   __TI_static_base__
00001a67   __TI_zero_init
00001495   __aeabi_memcpy
00001495   __aeabi_memcpy4
00001495   __aeabi_memcpy8
000018c9   __aeabi_uidiv
000018c9   __aeabi_uidivmod
ffffffff   __binit__
ffffffff   __c_args__
20000704   __stack
000019d9   _args_main
000017f9   _c_int00
2000091c   _lock
00001a2b   _nop
00001a23   _register_lock
00001a1d   _register_unlock
20000920   _unlock
00001889   abort
ffffffff   binit
00001841   copy_in
00001891   exit
20000000   g_pfnRAMVectors
00000000   g_pfnVectors
00001295   main
2000092c   main_func_sp
00001495   memcpy
200006ec   ulADC0Value


GLOBAL SYMBOLS: SORTED BY Symbol Address 

address    name
--------   ----
00000000   __TI_static_base__
00000000   g_pfnVectors
00000001   __TI_args_main
00000200   __STACK_SIZE
00000373   UARTStdioConfig
0000042b   UARTStdioInit
00000445   UARTStdioInitExpClk
0000045f   UARTwrite
00000505   UARTgets
00000581   UARTgetc
000005e9   UARTprintf
000008e9   UARTRxBytesAvail
000008f7   UARTTxBytesFree
0000090b   UARTPeek
00000965   UARTFlushRx
0000098f   UARTFlushTx
000009cd   UARTEchoSet
000009f9   UARTStdioIntHandler
00000bc1   UARTParityModeSet
00000bdd   UARTParityModeGet
00000bef   UARTFIFOLevelSet
00000c07   UARTFIFOLevelGet
00000c2f   UARTConfigSetExpClk
00000ca5   UARTConfigGetExpClk
00000cf1   UARTEnable
00000d15   UARTDisable
00000d3f   UARTFIFOEnable
00000d55   UARTFIFODisable
00000d6b   UARTEnableSIR
00000d99   UARTDisableSIR
00000daf   UARTSmartCardEnable
00000de1   UARTSmartCardDisable
00000df7   UARTModemControlSet
00000e1b   UARTModemControlClear
00000e3f   UARTModemControlGet
00000e51   UARTModemStatusGet
00000e6d   UARTFlowControlSet
00000e89   UARTFlowControlGet
00000e9b   UARTTxIntModeSet
00000eb7   UARTTxIntModeGet
00000ec9   UARTCharsAvail
00000ee1   UARTSpaceAvail
00000ef9   UARTCharGetNonBlocking
00000f15   UARTCharGet
00000f2b   UARTCharPutNonBlocking
00000f4f   UARTCharPut
00000f6d   UARTBreakCtl
00000f97   UARTBusy
00000faf   UARTIntRegister
00000fcd   UARTIntUnregister
00000fe7   UARTIntEnable
00001005   UARTIntDisable
0000101d   UARTIntStatus
0000103b   UARTIntClear
0000104d   UARTDMAEnable
00001065   UARTDMADisable
0000107d   UARTRxErrorGet
0000108f   UARTRxErrorClear
0000109f   UARTClockSourceSet
000010b3   UARTClockSourceGet
000010c3   UART9BitEnable
000010d9   UART9BitDisable
000010ef   UART9BitAddrSet
00001115   UART9BitAddrSend
00001159   SysCtlClockSet
00001295   main
00001353   SequenceIntHandler
000013cd   GPIOPadConfigSet
00001495   __aeabi_memcpy
00001495   __aeabi_memcpy4
00001495   __aeabi_memcpy8
00001495   memcpy
00001531   __TI_auto_init
000015c5   ADCSequenceStepConfigure
00001631   IntDisable
00001695   IntEnable
00001759   SysCtlPeripheralEnable
000017b1   GPIOPinConfigure
000017f9   _c_int00
00001841   copy_in
00001885   C$$EXIT
00001889   abort
00001891   exit
000018c9   __aeabi_uidiv
000018c9   __aeabi_uidivmod
0000190d   IntRegister
00001941   GPIODirModeSet
0000196f   ADCSequenceConfigure
00001999   ADCSequenceDataGet
000019b9   SysCtlADCSpeedSet
000019d9   _args_main
000019f1   ADCProcessorTrigger
00001a09   IntUnregister
00001a1d   _register_unlock
00001a23   _register_lock
00001a2b   _nop
00001a31   GPIOPinTypeADC
00001a43   GPIOPinTypeGPIOInput
00001a55   GPIOPinTypeUART
00001a67   __TI_zero_init
00001a79   ADCIntEnable
00001a89   ADCSequenceDisable
00001a97   ADCSequenceEnable
00001aa5   __TI_decompress_none
00001ab3   CPUcpsie
00001abf   ResetISR
00001acb   ADCIntClear
00001ad5   IntMasterEnable
00001adf   SysCtlDelay
00001ae5   __TI_decompress_rle24
00001ca4   __TI_Handler_Table_Base
00001cb0   __TI_Handler_Table_Limit
00001cc0   __TI_CINIT_Base
00001cd8   __TI_CINIT_Limit
20000000   g_pfnRAMVectors
200006ec   ulADC0Value
20000704   __stack
20000904   __STACK_END
20000904   __STACK_TOP
2000091c   _lock
20000920   _unlock
20000924   __TI_cleanup_ptr
20000928   __TI_dtors_ptr
2000092c   main_func_sp
ffffffff   __binit__
ffffffff   __c_args__
ffffffff   binit
UNDEFED    SHT$$INIT_ARRAY$$Base
UNDEFED    SHT$$INIT_ARRAY$$Limit

[129 symbols]
