******************************************************************************
                  TI ARM Linker PC v5.1.6                      
******************************************************************************
>> Linked Tue Feb 03 20:25:37 2015

OUTPUT FILE NAME:   <Blink_LED.out>
ENTRY POINT SYMBOL: "_c_int00"  address: 00000575


MEMORY CONFIGURATION

         name            origin    length      used     unused   attr    fill
----------------------  --------  ---------  --------  --------  ----  --------
  FLASH                 00000000   00040000  00000742  0003f8be  R  X
  SRAM                  20000000   00008000  00000214  00007dec  RW X


SEGMENT ALLOCATION MAP

run origin  load origin   length   init length attrs members
----------  ----------- ---------- ----------- ----- -------
00000000    00000000    00000748   00000748    r-x
  00000000    00000000    0000026c   0000026c    r-- .intvecs
  0000026c    0000026c    00000476   00000476    r-x .text
  000006e4    000006e4    00000040   00000040    r-- .const
  00000728    00000728    00000020   00000020    r-- .cinit
20000000    20000000    00000214   00000000    rw-
  20000000    20000000    00000200   00000000    rw- .stack
  20000200    20000200    00000014   00000000    rw- .data


SECTION ALLOCATION MAP

 output                                  attributes/
section   page    origin      length       input sections
--------  ----  ----------  ----------   ----------------
.intvecs   0    00000000    0000026c     
                  00000000    0000026c     lm4f121h5qr_startup_ccs.obj (.intvecs)

.init_array 
*          0    00000000    00000000     UNINITIALIZED

.text      0    0000026c    00000476     
                  0000026c    000000c8     driverlib-cm4f.lib : gpio.obj (.text:GPIOPadConfigSet)
                  00000334    0000009c     rtsv7M4_T_le_v4SPD16_eabi.lib : memcpy_t2.obj (.text)
                  000003d0    00000094                                   : auto_init.obj (.text)
                  00000464    0000005e                                   : copy_decompress_rle.obj (.text)
                  000004c2    00000002     --HOLE-- [fill = 0]
                  000004c4    00000058     driverlib-cm4f.lib : sysctl.obj (.text:SysCtlPeripheralEnable)
                  0000051c    00000058     main.obj (.text)
                  00000574    00000048     rtsv7M4_T_le_v4SPD16_eabi.lib : boot.obj (.text)
                  000005bc    00000044                                   : cpy_tbl.obj (.text)
                  00000600    00000044                                   : exit.obj (.text)
                  00000644    0000002e     driverlib-cm4f.lib : gpio.obj (.text:GPIODirModeSet)
                  00000672    00000002     --HOLE-- [fill = 0]
                  00000674    00000018     rtsv7M4_T_le_v4SPD16_eabi.lib : args_main.obj (.text)
                  0000068c    00000014                                   : _lock.obj (.text)
                  000006a0    00000012     driverlib-cm4f.lib : gpio.obj (.text:GPIOPinTypeGPIOOutput)
                  000006b2    0000000e     rtsv7M4_T_le_v4SPD16_eabi.lib : copy_decompress_none.obj (.text:decompress:none)
                  000006c0    0000000c     lm4f121h5qr_startup_ccs.obj (.text)
                  000006cc    0000000a     driverlib-cm4f.lib : gpio.obj (.text:GPIOPinWrite)
                  000006d6    00000006                        : sysctl.obj (.text:SysCtlDelay)
                  000006dc    00000006     rtsv7M4_T_le_v4SPD16_eabi.lib : copy_decompress_rle.obj (.text:decompress:rle24)

.const     0    000006e4    00000040     
                  000006e4    00000040     driverlib-cm4f.lib : sysctl.obj (.const)

.cinit     0    00000728    00000020     
                  00000728    0000000f     (.cinit..data.load) [load image, compression = rle]
                  00000737    00000001     --HOLE-- [fill = 0]
                  00000738    00000008     (__TI_handler_table)
                  00000740    00000008     (__TI_cinit_table)

.stack     0    20000000    00000200     UNINITIALIZED
                  20000000    00000200     --HOLE--

.data      0    20000200    00000014     UNINITIALIZED
                  20000200    00000008     rtsv7M4_T_le_v4SPD16_eabi.lib : _lock.obj (.data)
                  20000208    00000008                                   : exit.obj (.data)
                  20000210    00000004                                   : stkdepth_vars.obj (.data)


LINKER GENERATED COPY TABLES

__TI_cinit_table @ 00000740 records: 1, size/record: 8, table size: 8
	.data: load addr=00000728, load size=0000000f bytes, run addr=20000200, run size=00000014 bytes, compression=rle


LINKER GENERATED HANDLER TABLE

__TI_handler_table @ 00000738 records: 2, size/record: 4, table size: 8
	index: 0, handler: __TI_decompress_rle24
	index: 1, handler: __TI_decompress_none


GLOBAL SYMBOLS: SORTED ALPHABETICALLY BY Name 

address    name
--------   ----
00000601   C$$EXIT
00000645   GPIODirModeSet
0000026d   GPIOPadConfigSet
000006a1   GPIOPinTypeGPIOOutput
000006cd   GPIOPinWrite
000006c1   ResetISR
UNDEFED    SHT$$INIT_ARRAY$$Base
UNDEFED    SHT$$INIT_ARRAY$$Limit
000006d7   SysCtlDelay
000004c5   SysCtlPeripheralEnable
20000200   __STACK_END
00000200   __STACK_SIZE
20000200   __STACK_TOP
00000740   __TI_CINIT_Base
00000748   __TI_CINIT_Limit
00000738   __TI_Handler_Table_Base
00000740   __TI_Handler_Table_Limit
00000001   __TI_args_main
000003d1   __TI_auto_init
20000208   __TI_cleanup_ptr
000006b3   __TI_decompress_none
000006dd   __TI_decompress_rle24
2000020c   __TI_dtors_ptr
00000000   __TI_static_base__
00000335   __aeabi_memcpy
00000335   __aeabi_memcpy4
00000335   __aeabi_memcpy8
ffffffff   __binit__
ffffffff   __c_args__
20000000   __stack
00000675   _args_main
00000575   _c_int00
20000200   _lock
0000069b   _nop
00000693   _register_lock
0000068d   _register_unlock
20000204   _unlock
00000605   abort
ffffffff   binit
000005bd   copy_in
0000060d   exit
00000000   g_pfnVectors
0000051d   main
20000210   main_func_sp
00000335   memcpy


GLOBAL SYMBOLS: SORTED BY Symbol Address 

address    name
--------   ----
00000000   __TI_static_base__
00000000   g_pfnVectors
00000001   __TI_args_main
00000200   __STACK_SIZE
0000026d   GPIOPadConfigSet
00000335   __aeabi_memcpy
00000335   __aeabi_memcpy4
00000335   __aeabi_memcpy8
00000335   memcpy
000003d1   __TI_auto_init
000004c5   SysCtlPeripheralEnable
0000051d   main
00000575   _c_int00
000005bd   copy_in
00000601   C$$EXIT
00000605   abort
0000060d   exit
00000645   GPIODirModeSet
00000675   _args_main
0000068d   _register_unlock
00000693   _register_lock
0000069b   _nop
000006a1   GPIOPinTypeGPIOOutput
000006b3   __TI_decompress_none
000006c1   ResetISR
000006cd   GPIOPinWrite
000006d7   SysCtlDelay
000006dd   __TI_decompress_rle24
00000738   __TI_Handler_Table_Base
00000740   __TI_CINIT_Base
00000740   __TI_Handler_Table_Limit
00000748   __TI_CINIT_Limit
20000000   __stack
20000200   __STACK_END
20000200   __STACK_TOP
20000200   _lock
20000204   _unlock
20000208   __TI_cleanup_ptr
2000020c   __TI_dtors_ptr
20000210   main_func_sp
ffffffff   __binit__
ffffffff   __c_args__
ffffffff   binit
UNDEFED    SHT$$INIT_ARRAY$$Base
UNDEFED    SHT$$INIT_ARRAY$$Limit

[45 symbols]
