******************************************************************************
                  TI ARM Linker PC v5.1.6                      
******************************************************************************
>> Linked Wed Feb 11 20:57:03 2015

OUTPUT FILE NAME:   <qs-rgb.out>
ENTRY POINT SYMBOL: "_c_int00"  address: 00001015


MEMORY CONFIGURATION

         name            origin    length      used     unused   attr    fill
----------------------  --------  ---------  --------  --------  ----  --------
  FLASH                 00000000   00040000  0000157a  0003ea86  R  X
  SRAM                  20000000   00008000  00000a0c  000075f4  RW X


SEGMENT ALLOCATION MAP

run origin  load origin   length   init length attrs members
----------  ----------- ---------- ----------- ----- -------
00000000    00000000    00001580   00001580    r-x
  00000000    00000000    0000026c   0000026c    r-- .intvecs
  0000026c    0000026c    000011c2   000011c2    r-x .text
  00001430    00001430    000000d4   000000d4    r-- .const
  00001508    00001508    00000078   00000078    r-- .cinit
20000000    20000000    00000a0c   00000000    rw-
  20000000    20000000    00000800   00000000    rw- .stack
  20000800    20000800    00000154   00000000    rw- .data
  20000954    20000954    000000b8   00000000    rw- .bss


SECTION ALLOCATION MAP

 output                                  attributes/
section   page    origin      length       input sections
--------  ----  ----------  ----------   ----------------
.intvecs   0    00000000    0000026c     
                  00000000    0000026c     startup_ccs.obj (.intvecs)

.init_array 
*          0    00000000    00000000     UNINITIALIZED

.text      0    0000026c    000011c2     
                  0000026c    000002a4     qs-rgb.obj (.text:main)
                  00000510    000001d8     driverlib-cm4f.lib : sysctl.obj (.text:SysCtlClockGet)
                  000006e8    00000170     rtsv7M4_T_le_v4SPD16_eabi.lib : xfsin.obj (.text)
                  00000858    00000124                                   : fmodf.obj (.text)
                  0000097c    000000e0     qs-rgb.obj (.text:AppRainbow)
                  00000a5c    000000d4     qs-rgb.obj (.text:AppButtonHandler)
                  00000b30    000000c0     rtsv7M4_T_le_v4SPD16_eabi.lib : xfdscale.obj (.text)
                  00000bf0    0000009c                                   : memcpy_t2.obj (.text)
                  00000c8c    00000094                                   : auto_init.obj (.text)
                  00000d20    00000086                                   : fd_cmp_t2.obj (.text:__aeabi_cdcmple)
                  00000da6    0000007a                                   : xfdnorm.obj (.text)
                  00000e20    00000078     qs-rgb.obj (.text:AppHibernateEnter)
                  00000e98    00000078     qs-rgb.obj (.text:SysTickIntHandler)
                  00000f10    0000005e     rtsv7M4_T_le_v4SPD16_eabi.lib : copy_decompress_rle.obj (.text)
                  00000f6e    00000002     startup_ccs.obj (.text:FaultISR)
                  00000f70    00000058     driverlib-cm4f.lib : sysctl.obj (.text:SysCtlPeripheralEnable)
                  00000fc8    0000004c                        : hibernate.obj (.text:HibernateEnableExpClk)
                  00001014    00000048     rtsv7M4_T_le_v4SPD16_eabi.lib : boot.obj (.text)
                  0000105c    00000044                                   : cpy_tbl.obj (.text)
                  000010a0    00000044                                   : exit.obj (.text)
                  000010e4    00000040                                   : signal.obj (.text)
                  00001124    00000038     driverlib-cm4f.lib : hibernate.obj (.text:HibernateWriteComplete)
                  0000115c    00000038     rtsv7M4_T_le_v4SPD16_eabi.lib : fs_tod_t2.obj (.text)
                  00001194    00000034                                   : feraiseexcept.obj (.text)
                  000011c8    00000034                                   : xfdtest.obj (.text)
                  000011fc    00000030                                   : xferaise.obj (.text)
                  0000122c    0000002e                                   : raise.obj (.text)
                  0000125a    00000002     startup_ccs.obj (.text:IntDefaultHandler)
                  0000125c    00000028     driverlib-cm4f.lib : hibernate.obj (.text:HibernateDataSet)
                  00001284    00000024                        : hibernate.obj (.text:HibernateIntStatus)
                  000012a8    0000001c                        : hibernate.obj (.text:HibernateDataGet)
                  000012c4    00000018     rtsv7M4_T_le_v4SPD16_eabi.lib : args_main.obj (.text)
                  000012dc    00000014     driverlib-cm4f.lib : hibernate.obj (.text:HibernateGPIORetentionEnable)
                  000012f0    00000014                        : hibernate.obj (.text:HibernateIntClear)
                  00001304    00000014                        : hibernate.obj (.text:HibernateRTCEnable)
                  00001318    00000014                        : hibernate.obj (.text:HibernateRequest)
                  0000132c    00000014                        : hibernate.obj (.text:HibernateWakeSet)
                  00001340    00000014                        : sysctl.obj (.text:SysCtlResetCauseClear)
                  00001354    00000014                        : systick.obj (.text:SysTickEnable)
                  00001368    00000014                        : systick.obj (.text:SysTickIntEnable)
                  0000137c    00000014     rtsv7M4_T_le_v4SPD16_eabi.lib : _lock.obj (.text)
                  00001390    00000012                                   : copy_zero_init.obj (.text:decompress:ZI)
                  000013a2    00000002     startup_ccs.obj (.text:NmiSR)
                  000013a4    00000010     driverlib-cm4f.lib : hibernate.obj (.text:HibernateIsActive)
                  000013b4    00000010                        : hibernate.obj (.text:HibernateRTCMatch0Set)
                  000013c4    00000010                        : hibernate.obj (.text:HibernateRTCSet)
                  000013d4    00000010                        : systick.obj (.text:SysTickPeriodSet)
                  000013e4    0000000e     rtsv7M4_T_le_v4SPD16_eabi.lib : copy_decompress_none.obj (.text:decompress:none)
                  000013f2    0000000c     driverlib-cm4f.lib : cpu.obj (.text:CPUcpsie)
                  000013fe    00000002     --HOLE-- [fill = 0]
                  00001400    0000000c                        : sysctl.obj (.text:SysCtlResetCauseGet)
                  0000140c    0000000a                        : interrupt.obj (.text:IntMasterEnable)
                  00001416    00000006     startup_ccs.obj (.text:ResetISR)
                  0000141c    00000006     driverlib-cm4f.lib : sysctl.obj (.text:SysCtlDelay)
                  00001422    00000006     rtsv7M4_T_le_v4SPD16_eabi.lib : copy_decompress_rle.obj (.text:decompress:rle24)
                  00001428    00000006                                   : sinf.obj (.text)

.const     0    00001430    000000d4     
                  00001430    0000006c     driverlib-cm4f.lib : sysctl.obj (.const:g_pulXtals)
                  0000149c    00000040                        : sysctl.obj (.const)
                  000014dc    00000028     rtsv7M4_T_le_v4SPD16_eabi.lib : xfsin.obj (.const)

.cinit     0    00001508    00000078     
                  00001508    00000050     (.cinit..data.load) [load image, compression = rle]
                  00001558    0000000c     (__TI_handler_table)
                  00001564    00000004     --HOLE-- [fill = 0]
                  00001568    00000008     (.cinit..bss.load) [load image, compression = zero_init]
                  00001570    00000010     (__TI_cinit_table)

.stack     0    20000000    00000800     UNINITIALIZED
                  20000000    00000800     --HOLE--

.data      0    20000800    00000154     UNINITIALIZED
                  20000800    000000b0     rtsv7M4_T_le_v4SPD16_eabi.lib : signal.obj (.data:sigtable)
                  200008b0    00000068                                   : xfvalues.obj (.data)
                  20000918    0000001c     qs-rgb.obj (.data)
                  20000934    00000008     rtsv7M4_T_le_v4SPD16_eabi.lib : _lock.obj (.data)
                  2000093c    00000008                                   : exit.obj (.data)
                  20000944    00000008                                   : feraiseexcept.obj (.data)
                  2000094c    00000004                                   : errno.obj (.data)
                  20000950    00000004                                   : stkdepth_vars.obj (.data)

.bss       0    20000954    000000b8     UNINITIALIZED
                  20000954    00000080     qs-rgb.obj (.bss:g_cInput)
                  200009d4    00000024     qs-rgb.obj (.bss:g_sAppState)
                  200009f8    00000004     driverlib-cm4f.lib : hibernate.obj (.bss)
                  200009fc    00000004     (.common:fPrevPos$2)
                  20000a00    00000004     (.common:ulHibModeEntryCount)
                  20000a04    00000004     (.common:ulTickCounter$1)
                  20000a08    00000004     (.common:x$3)


LINKER GENERATED COPY TABLES

__TI_cinit_table @ 00001570 records: 2, size/record: 8, table size: 16
	.data: load addr=00001508, load size=00000050 bytes, run addr=20000800, run size=00000154 bytes, compression=rle
	.bss: load addr=00001568, load size=00000008 bytes, run addr=20000954, run size=000000b8 bytes, compression=zero_init


LINKER GENERATED HANDLER TABLE

__TI_handler_table @ 00001558 records: 3, size/record: 4, table size: 12
	index: 0, handler: __TI_decompress_rle24
	index: 1, handler: __TI_decompress_none
	index: 2, handler: __TI_zero_init


GLOBAL SYMBOLS: SORTED ALPHABETICALLY BY Name 

address    name
--------   ----
00000a5d   AppButtonHandler
00000e21   AppHibernateEnter
0000097d   AppRainbow
UNDEFED    ButtonsInit
UNDEFED    ButtonsPoll
000010a1   C$$EXIT
000013f3   CPUcpsie
UNDEFED    CmdLineProcess
000012a9   HibernateDataGet
0000125d   HibernateDataSet
00000fc9   HibernateEnableExpClk
000012dd   HibernateGPIORetentionEnable
000012f1   HibernateIntClear
00001285   HibernateIntStatus
000013a5   HibernateIsActive
00001305   HibernateRTCEnable
000013b5   HibernateRTCMatch0Set
000013c5   HibernateRTCSet
00001319   HibernateRequest
0000132d   HibernateWakeSet
00001125   HibernateWriteComplete
0000140d   IntMasterEnable
UNDEFED    RGBColorSet
UNDEFED    RGBDisable
UNDEFED    RGBEnable
UNDEFED    RGBInit
UNDEFED    RGBIntensitySet
00001417   ResetISR
UNDEFED    SHT$$INIT_ARRAY$$Base
UNDEFED    SHT$$INIT_ARRAY$$Limit
00000511   SysCtlClockGet
0000141d   SysCtlDelay
00000f71   SysCtlPeripheralEnable
00001341   SysCtlResetCauseClear
00001401   SysCtlResetCauseGet
00001355   SysTickEnable
00001369   SysTickIntEnable
00000e99   SysTickIntHandler
000013d5   SysTickPeriodSet
UNDEFED    UARTPeek
UNDEFED    UARTStdioInit
UNDEFED    UARTStdioIntHandler
UNDEFED    UARTgets
UNDEFED    UARTprintf
2000094c   _Errno
200008b0   _FDenorm
00000da7   _FDnorm
00000b31   _FDscale
000011c9   _FDtest
200008c0   _FEps
200008d0   _FInf
200008e0   _FNan
20000900   _FRteps
000006e9   _FSin
200008f0   _FSnan
20000910   _FXbig
20000914   _FZero
20000944   _Fenv
000011fd   _Feraise
20000948   _Tls_setup__Fenv
20000800   __STACK_END
00000800   __STACK_SIZE
20000800   __STACK_TOP
00001570   __TI_CINIT_Base
00001580   __TI_CINIT_Limit
00001558   __TI_Handler_Table_Base
00001564   __TI_Handler_Table_Limit
00000001   __TI_args_main
00000c8d   __TI_auto_init
2000093c   __TI_cleanup_ptr
000013e5   __TI_decompress_none
00001423   __TI_decompress_rle24
20000940   __TI_dtors_ptr
00000000   __TI_static_base__
00001391   __TI_zero_init
00000d21   __aeabi_cdcmpeq
00000d21   __aeabi_cdcmple
0000115d   __aeabi_f2d
00000bf1   __aeabi_memcpy
00000bf1   __aeabi_memcpy4
00000bf1   __aeabi_memcpy8
ffffffff   __binit__
ffffffff   __c_args__
20000000   __stack
000012c5   _args_main
00001015   _c_int00
20000934   _lock
0000138b   _nop
00001383   _register_lock
0000137d   _register_unlock
20000938   _unlock
000010a5   abort
ffffffff   binit
0000105d   copy_in
000010ad   exit
00001195   feraiseexcept
00000859   fmodf
00000000   g_pfnVectors
200009d4   g_sAppState
0000026d   main
20000950   main_func_sp
00000bf1   memcpy
0000122d   raise
000010e5   signal
00001429   sinf


GLOBAL SYMBOLS: SORTED BY Symbol Address 

address    name
--------   ----
00000000   __TI_static_base__
00000000   g_pfnVectors
00000001   __TI_args_main
0000026d   main
00000511   SysCtlClockGet
000006e9   _FSin
00000800   __STACK_SIZE
00000859   fmodf
0000097d   AppRainbow
00000a5d   AppButtonHandler
00000b31   _FDscale
00000bf1   __aeabi_memcpy
00000bf1   __aeabi_memcpy4
00000bf1   __aeabi_memcpy8
00000bf1   memcpy
00000c8d   __TI_auto_init
00000d21   __aeabi_cdcmpeq
00000d21   __aeabi_cdcmple
00000da7   _FDnorm
00000e21   AppHibernateEnter
00000e99   SysTickIntHandler
00000f71   SysCtlPeripheralEnable
00000fc9   HibernateEnableExpClk
00001015   _c_int00
0000105d   copy_in
000010a1   C$$EXIT
000010a5   abort
000010ad   exit
000010e5   signal
00001125   HibernateWriteComplete
0000115d   __aeabi_f2d
00001195   feraiseexcept
000011c9   _FDtest
000011fd   _Feraise
0000122d   raise
0000125d   HibernateDataSet
00001285   HibernateIntStatus
000012a9   HibernateDataGet
000012c5   _args_main
000012dd   HibernateGPIORetentionEnable
000012f1   HibernateIntClear
00001305   HibernateRTCEnable
00001319   HibernateRequest
0000132d   HibernateWakeSet
00001341   SysCtlResetCauseClear
00001355   SysTickEnable
00001369   SysTickIntEnable
0000137d   _register_unlock
00001383   _register_lock
0000138b   _nop
00001391   __TI_zero_init
000013a5   HibernateIsActive
000013b5   HibernateRTCMatch0Set
000013c5   HibernateRTCSet
000013d5   SysTickPeriodSet
000013e5   __TI_decompress_none
000013f3   CPUcpsie
00001401   SysCtlResetCauseGet
0000140d   IntMasterEnable
00001417   ResetISR
0000141d   SysCtlDelay
00001423   __TI_decompress_rle24
00001429   sinf
00001558   __TI_Handler_Table_Base
00001564   __TI_Handler_Table_Limit
00001570   __TI_CINIT_Base
00001580   __TI_CINIT_Limit
20000000   __stack
20000800   __STACK_END
20000800   __STACK_TOP
200008b0   _FDenorm
200008c0   _FEps
200008d0   _FInf
200008e0   _FNan
200008f0   _FSnan
20000900   _FRteps
20000910   _FXbig
20000914   _FZero
20000934   _lock
20000938   _unlock
2000093c   __TI_cleanup_ptr
20000940   __TI_dtors_ptr
20000944   _Fenv
20000948   _Tls_setup__Fenv
2000094c   _Errno
20000950   main_func_sp
200009d4   g_sAppState
ffffffff   __binit__
ffffffff   __c_args__
ffffffff   binit
UNDEFED    ButtonsInit
UNDEFED    ButtonsPoll
UNDEFED    CmdLineProcess
UNDEFED    RGBColorSet
UNDEFED    RGBDisable
UNDEFED    RGBEnable
UNDEFED    RGBInit
UNDEFED    RGBIntensitySet
UNDEFED    SHT$$INIT_ARRAY$$Base
UNDEFED    SHT$$INIT_ARRAY$$Limit
UNDEFED    UARTPeek
UNDEFED    UARTStdioInit
UNDEFED    UARTStdioIntHandler
UNDEFED    UARTgets
UNDEFED    UARTprintf

[105 symbols]
