******************************************************************************
                  TI ARM Linker PC v5.1.10                     
******************************************************************************
>> Linked Wed Feb 11 13:31:30 2015

OUTPUT FILE NAME:   <qs-rgb.out>
ENTRY POINT SYMBOL: "_c_int00"  address: 00001aa1


MEMORY CONFIGURATION

         name            origin    length      used     unused   attr    fill
----------------------  --------  ---------  --------  --------  ----  --------
  FLASH                 00000000   00040000  000024a2  0003db5e  R  X
  SRAM                  20000000   00008000  00000f25  000070db  RW X


SEGMENT ALLOCATION MAP

run origin  load origin   length   init length attrs members
----------  ----------- ---------- ----------- ----- -------
00000000    00000000    000024a8   000024a8    r-x
  00000000    00000000    0000026c   0000026c    r-- .intvecs
  0000026c    0000026c    00001f14   00001f14    r-x .text
  00002180    00002180    00000262   00000262    r-- .const
  000023e8    000023e8    000000c0   000000c0    r-- .cinit
20000000    20000000    00000f28   00000000    rw-
  20000000    20000000    00000800   00000000    rw- .stack
  20000800    20000800    0000056d   00000000    rw- .bss
  20000d70    20000d70    000001b8   00000000    rw- .data


SECTION ALLOCATION MAP

 output                                  attributes/
section   page    origin      length       input sections
--------  ----  ----------  ----------   ----------------
.init_array 
*          0    00000000    00000000     UNINITIALIZED

.intvecs   0    00000000    0000026c     
                  00000000    0000026c     startup_ccs.obj (.intvecs)

.text      0    0000026c    00001f14     
                  0000026c    000002a4     qs-rgb.obj (.text:main)
                  00000510    00000216     uartstdio.obj (.text:UARTprintf)
                  00000726    00000002     startup_ccs.obj (.text:FaultISR)
                  00000728    000001d8     driverlib-cm4f.lib : sysctl.obj (.text:SysCtlClockGet)
                  00000900    00000170     rtsv7M4_T_le_v4SPD16_eabi.lib : xfsin.obj (.text)
                  00000a70    0000015c     uartstdio.obj (.text:UARTStdioIntHandler)
                  00000bcc    00000124     rtsv7M4_T_le_v4SPD16_eabi.lib : fmodf.obj (.text)
                  00000cf0    000000e0     qs-rgb.obj (.text:AppRainbow)
                  00000dd0    000000d4     qs-rgb.obj (.text:AppButtonHandler)
                  00000ea4    000000c8     driverlib-cm4f.lib : gpio.obj (.text:GPIOPadConfigSet)
                  00000f6c    000000c0     rtsv7M4_T_le_v4SPD16_eabi.lib : xfdscale.obj (.text)
                  0000102c    000000b0     uartstdio.obj (.text:UARTStdioConfig)
                  000010dc    000000a8     uartstdio.obj (.text:UARTwrite)
                  00001184    0000009c     rtsv7M4_T_le_v4SPD16_eabi.lib : memcpy_t2.obj (.text)
                  00001220    00000098     rgb.obj (.text:RGBInit)
                  000012b8    00000098     ustdlib.obj (.text:ustrtoul)
                  00001350    00000094     rtsv7M4_T_le_v4SPD16_eabi.lib : auto_init.obj (.text)
                  000013e4    0000008c     rgb.obj (.text:RGBEnable)
                  00001470    0000008c     uartstdio.obj (.text:UARTPrimeTransmit)
                  000014fc    00000086     rtsv7M4_T_le_v4SPD16_eabi.lib : fd_cmp_t2.obj (.text:__aeabi_cdcmple)
                  00001582    00000002     startup_ccs.obj (.text:IntDefaultHandler)
                  00001584    00000080     rgb.obj (.text:RGBColorSet)
                  00001604    0000007c     buttons.obj (.text:ButtonsPoll)
                  00001680    0000007a     rtsv7M4_T_le_v4SPD16_eabi.lib : xfdnorm.obj (.text)
                  000016fa    00000002     startup_ccs.obj (.text:NmiSR)
                  000016fc    00000078     qs-rgb.obj (.text:AppHibernateEnter)
                  00001774    00000078     qs-rgb.obj (.text:SysTickIntHandler)
                  000017ec    00000068     buttons.obj (.text:ButtonsInit)
                  00001854    00000060     cmdline.obj (.text:CmdLineProcess)
                  000018b4    0000005e     rtsv7M4_T_le_v4SPD16_eabi.lib : copy_decompress_rle.obj (.text)
                  00001912    00000002     --HOLE-- [fill = 0]
                  00001914    00000058     driverlib-cm4f.lib : sysctl.obj (.text:SysCtlPeripheralEnable)
                  0000196c    00000054     uartstdio.obj (.text:UARTgets)
                  000019c0    0000004c     driverlib-cm4f.lib : hibernate.obj (.text:HibernateEnableExpClk)
                  00001a0c    0000004c     rgb.obj (.text:RGBDisable)
                  00001a58    00000048     driverlib-cm4f.lib : gpio.obj (.text:GPIOPinConfigure)
                  00001aa0    00000048     rtsv7M4_T_le_v4SPD16_eabi.lib : boot.obj (.text)
                  00001ae8    00000044     uartstdio.obj (.text:UARTPeek)
                  00001b2c    00000044     rtsv7M4_T_le_v4SPD16_eabi.lib : cpy_tbl.obj (.text)
                  00001b70    00000044                                   : exit.obj (.text)
                  00001bb4    00000042                                   : u_divt2.obj (.text)
                  00001bf6    00000002     --HOLE-- [fill = 0]
                  00001bf8    00000040                                   : signal.obj (.text)
                  00001c38    0000003c     rgb_commands.obj (.text:CMD_help)
                  00001c74    0000003c     rgb_commands.obj (.text:CMD_intensity)
                  00001cb0    0000003c     rgb_commands.obj (.text:CMD_rgb)
                  00001cec    0000003c     uartstdio.obj (.text:UARTFlushTx)
                  00001d28    00000038     driverlib-cm4f.lib : hibernate.obj (.text:HibernateWriteComplete)
                  00001d60    00000038     rtsv7M4_T_le_v4SPD16_eabi.lib : fs_tod_t2.obj (.text)
                  00001d98    00000034                                   : feraiseexcept.obj (.text)
                  00001dcc    00000034                                   : xfdtest.obj (.text)
                  00001e00    00000030                                   : xferaise.obj (.text)
                  00001e30    0000002e     driverlib-cm4f.lib : gpio.obj (.text:GPIODirModeSet)
                  00001e5e    0000002e     rtsv7M4_T_le_v4SPD16_eabi.lib : raise.obj (.text)
                  00001e8c    0000002c     uartstdio.obj (.text:UARTFlushRx)
                  00001eb8    00000028     driverlib-cm4f.lib : hibernate.obj (.text:HibernateDataSet)
                  00001ee0    00000024                        : hibernate.obj (.text:HibernateIntStatus)
                  00001f04    00000020     uartstdio.obj (.text:UARTStdioInit)
                  00001f24    0000001c     driverlib-cm4f.lib : hibernate.obj (.text:HibernateDataGet)
                  00001f40    00000018     uartstdio.obj (.text:IsBufferFull)
                  00001f58    00000018     rtsv7M4_T_le_v4SPD16_eabi.lib : args_main.obj (.text)
                  00001f70    00000018                                   : strcmp.obj (.text)
                  00001f88    00000014     uartstdio.obj (.text:GetBufferCount)
                  00001f9c    00000014     driverlib-cm4f.lib : hibernate.obj (.text:HibernateGPIORetentionEnable)
                  00001fb0    00000014                        : hibernate.obj (.text:HibernateIntClear)
                  00001fc4    00000014                        : hibernate.obj (.text:HibernateRTCEnable)
                  00001fd8    00000014                        : hibernate.obj (.text:HibernateRequest)
                  00001fec    00000014                        : hibernate.obj (.text:HibernateWakeSet)
                  00002000    00000014     rgb.obj (.text:RGBIntensitySet)
                  00002014    00000014     driverlib-cm4f.lib : sysctl.obj (.text:SysCtlResetCauseClear)
                  00002028    00000014                        : systick.obj (.text:SysTickEnable)
                  0000203c    00000014                        : systick.obj (.text:SysTickIntEnable)
                  00002050    00000014                        : timer.obj (.text:TimerDisable)
                  00002064    00000014     rtsv7M4_T_le_v4SPD16_eabi.lib : _lock.obj (.text)
                  00002078    00000012     driverlib-cm4f.lib : gpio.obj (.text:GPIOPinTypeGPIOInput)
                  0000208a    00000012                        : gpio.obj (.text:GPIOPinTypeTimer)
                  0000209c    00000012                        : timer.obj (.text:TimerMatchSet)
                  000020ae    00000012     rtsv7M4_T_le_v4SPD16_eabi.lib : copy_zero_init.obj (.text:decompress:ZI)
                  000020c0    00000010     rgb_commands.obj (.text:CMD_rand)
                  000020d0    00000010     driverlib-cm4f.lib : hibernate.obj (.text:HibernateIsActive)
                  000020e0    00000010                        : hibernate.obj (.text:HibernateRTCMatch0Set)
                  000020f0    00000010                        : hibernate.obj (.text:HibernateRTCSet)
                  00002100    00000010                        : systick.obj (.text:SysTickPeriodSet)
                  00002110    0000000e     uartstdio.obj (.text:IsBufferEmpty)
                  0000211e    0000000e     driverlib-cm4f.lib : timer.obj (.text:TimerEnable)
                  0000212c    0000000e     rtsv7M4_T_le_v4SPD16_eabi.lib : copy_decompress_none.obj (.text:decompress:none)
                  0000213a    0000000c     driverlib-cm4f.lib : cpu.obj (.text:CPUcpsie)
                  00002146    00000002     --HOLE-- [fill = 0]
                  00002148    0000000c                        : sysctl.obj (.text:SysCtlResetCauseGet)
                  00002154    0000000a     rgb_commands.obj (.text:CMD_hib)
                  0000215e    0000000a     driverlib-cm4f.lib : interrupt.obj (.text:IntMasterEnable)
                  00002168    00000006     startup_ccs.obj (.text:ResetISR)
                  0000216e    00000006     driverlib-cm4f.lib : sysctl.obj (.text:SysCtlDelay)
                  00002174    00000006     rtsv7M4_T_le_v4SPD16_eabi.lib : copy_decompress_rle.obj (.text:decompress:rle24)
                  0000217a    00000006                                   : sinf.obj (.text)

.const     0    00002180    00000262     
                  00002180    000000dc     rgb_commands.obj (.const:.string)
                  0000225c    00000078     driverlib-cm4f.lib : gpio.obj (.const:g_pulGPIOBaseAddrs)
                  000022d4    0000006c                        : sysctl.obj (.const:g_pulXtals)
                  00002340    00000040                        : sysctl.obj (.const)
                  00002380    00000028     rtsv7M4_T_le_v4SPD16_eabi.lib : xfsin.obj (.const)
                  000023a8    00000028     uartstdio.obj (.const)
                  000023d0    00000012     uartstdio.obj (.const:.string)

.cinit     0    000023e8    000000c0     
                  000023e8    0000009a     (.cinit..data.load) [load image, compression = rle]
                  00002482    00000002     --HOLE-- [fill = 0]
                  00002484    0000000c     (__TI_handler_table)
                  00002490    00000008     (.cinit..bss.load) [load image, compression = zero_init]
                  00002498    00000010     (__TI_cinit_table)

.stack     0    20000000    00000800     UNINITIALIZED
                  20000000    00000800     --HOLE--

.bss       0    20000800    0000056d     UNINITIALIZED
                  20000800    00000400     uartstdio.obj (.bss:g_pcUARTTxBuffer)
                  20000c00    00000080     qs-rgb.obj (.bss:g_cInput)
                  20000c80    00000080     uartstdio.obj (.bss:g_pcUARTRxBuffer)
                  20000d00    00000024     cmdline.obj (.bss:argv$1)
                  20000d24    00000024     qs-rgb.obj (.bss:g_sAppState)
                  20000d48    0000000c     (.common:g_ulColors)
                  20000d54    00000004     driverlib-cm4f.lib : hibernate.obj (.bss)
                  20000d58    00000004     (.common:fPrevPos$2)
                  20000d5c    00000004     (.common:g_ulPortNum)
                  20000d60    00000004     (.common:ulHibModeEntryCount)
                  20000d64    00000004     (.common:ulTickCounter$1)
                  20000d68    00000004     (.common:x$3)
                  20000d6c    00000001     (.common:g_bDisableEcho)

.data      0    20000d70    000001b8     UNINITIALIZED
                  20000d70    000000b0     rtsv7M4_T_le_v4SPD16_eabi.lib : signal.obj (.data:sigtable)
                  20000e20    00000068                                   : xfvalues.obj (.data)
                  20000e88    00000048     rgb_commands.obj (.data:g_sCmdTable)
                  20000ed0    0000001c     qs-rgb.obj (.data)
                  20000eec    00000015     uartstdio.obj (.data)
                  20000f01    00000003     buttons.obj (.data)
                  20000f04    00000008     rtsv7M4_T_le_v4SPD16_eabi.lib : _lock.obj (.data)
                  20000f0c    00000008                                   : exit.obj (.data)
                  20000f14    00000008                                   : feraiseexcept.obj (.data)
                  20000f1c    00000004     rgb.obj (.data)
                  20000f20    00000004     rtsv7M4_T_le_v4SPD16_eabi.lib : errno.obj (.data)
                  20000f24    00000004                                   : stkdepth_vars.obj (.data)


LINKER GENERATED COPY TABLES

__TI_cinit_table @ 00002498 records: 2, size/record: 8, table size: 16
	.data: load addr=000023e8, load size=0000009a bytes, run addr=20000d70, run size=000001b8 bytes, compression=rle
	.bss: load addr=00002490, load size=00000008 bytes, run addr=20000800, run size=0000056d bytes, compression=zero_init


LINKER GENERATED HANDLER TABLE

__TI_handler_table @ 00002484 records: 3, size/record: 4, table size: 12
	index: 0, handler: __TI_decompress_rle24
	index: 1, handler: __TI_decompress_none
	index: 2, handler: __TI_zero_init


GLOBAL SYMBOLS: SORTED ALPHABETICALLY BY Name 

address    name
--------   ----
00000dd1   AppButtonHandler
000016fd   AppHibernateEnter
00000cf1   AppRainbow
000017ed   ButtonsInit
00001605   ButtonsPoll
00001b71   C$$EXIT
00001c39   CMD_help
00002155   CMD_hib
00001c75   CMD_intensity
000020c1   CMD_rand
00001cb1   CMD_rgb
0000213b   CPUcpsie
00001855   CmdLineProcess
00001e31   GPIODirModeSet
00000ea5   GPIOPadConfigSet
00001a59   GPIOPinConfigure
00002079   GPIOPinTypeGPIOInput
0000208b   GPIOPinTypeTimer
00001f25   HibernateDataGet
00001eb9   HibernateDataSet
000019c1   HibernateEnableExpClk
00001f9d   HibernateGPIORetentionEnable
00001fb1   HibernateIntClear
00001ee1   HibernateIntStatus
000020d1   HibernateIsActive
00001fc5   HibernateRTCEnable
000020e1   HibernateRTCMatch0Set
000020f1   HibernateRTCSet
00001fd9   HibernateRequest
00001fed   HibernateWakeSet
00001d29   HibernateWriteComplete
0000215f   IntMasterEnable
00001585   RGBColorSet
00001a0d   RGBDisable
000013e5   RGBEnable
00001221   RGBInit
00002001   RGBIntensitySet
00002169   ResetISR
UNDEFED    SHT$$INIT_ARRAY$$Base
UNDEFED    SHT$$INIT_ARRAY$$Limit
00000729   SysCtlClockGet
0000216f   SysCtlDelay
00001915   SysCtlPeripheralEnable
00002015   SysCtlResetCauseClear
00002149   SysCtlResetCauseGet
00002029   SysTickEnable
0000203d   SysTickIntEnable
00001775   SysTickIntHandler
00002101   SysTickPeriodSet
00002051   TimerDisable
0000211f   TimerEnable
0000209d   TimerMatchSet
00001e8d   UARTFlushRx
00001ced   UARTFlushTx
00001ae9   UARTPeek
0000102d   UARTStdioConfig
00001f05   UARTStdioInit
00000a71   UARTStdioIntHandler
0000196d   UARTgets
00000511   UARTprintf
000010dd   UARTwrite
20000f20   _Errno
20000e20   _FDenorm
00001681   _FDnorm
00000f6d   _FDscale
00001dcd   _FDtest
20000e30   _FEps
20000e40   _FInf
20000e50   _FNan
20000e70   _FRteps
00000901   _FSin
20000e60   _FSnan
20000e80   _FXbig
20000e84   _FZero
20000f14   _Fenv
00001e01   _Feraise
20000f18   _Tls_setup__Fenv
20000800   __STACK_END
00000800   __STACK_SIZE
20000800   __STACK_TOP
00002498   __TI_CINIT_Base
000024a8   __TI_CINIT_Limit
00002484   __TI_Handler_Table_Base
00002490   __TI_Handler_Table_Limit
00000001   __TI_args_main
00001351   __TI_auto_init
20000f0c   __TI_cleanup_ptr
0000212d   __TI_decompress_none
00002175   __TI_decompress_rle24
20000f10   __TI_dtors_ptr
00000000   __TI_static_base__
000020af   __TI_zero_init
000014fd   __aeabi_cdcmpeq
000014fd   __aeabi_cdcmple
00001d61   __aeabi_f2d
00001185   __aeabi_memcpy
00001185   __aeabi_memcpy4
00001185   __aeabi_memcpy8
00001bb5   __aeabi_uidiv
00001bb5   __aeabi_uidivmod
ffffffff   __binit__
ffffffff   __c_args__
20000000   __stack
00001f59   _args_main
00001aa1   _c_int00
20000f04   _lock
00002073   _nop
0000206b   _register_lock
00002065   _register_unlock
20000f08   _unlock
00001b75   abort
ffffffff   binit
00001b2d   copy_in
00001b7d   exit
00001d99   feraiseexcept
00000bcd   fmodf
00000000   g_pfnVectors
20000d24   g_sAppState
20000e88   g_sCmdTable
0000026d   main
20000f24   main_func_sp
00001185   memcpy
00001e5f   raise
00001bf9   signal
0000217b   sinf
00001f71   strcmp
000012b9   ustrtoul


GLOBAL SYMBOLS: SORTED BY Symbol Address 

address    name
--------   ----
00000000   __TI_static_base__
00000000   g_pfnVectors
00000001   __TI_args_main
0000026d   main
00000511   UARTprintf
00000729   SysCtlClockGet
00000800   __STACK_SIZE
00000901   _FSin
00000a71   UARTStdioIntHandler
00000bcd   fmodf
00000cf1   AppRainbow
00000dd1   AppButtonHandler
00000ea5   GPIOPadConfigSet
00000f6d   _FDscale
0000102d   UARTStdioConfig
000010dd   UARTwrite
00001185   __aeabi_memcpy
00001185   __aeabi_memcpy4
00001185   __aeabi_memcpy8
00001185   memcpy
00001221   RGBInit
000012b9   ustrtoul
00001351   __TI_auto_init
000013e5   RGBEnable
000014fd   __aeabi_cdcmpeq
000014fd   __aeabi_cdcmple
00001585   RGBColorSet
00001605   ButtonsPoll
00001681   _FDnorm
000016fd   AppHibernateEnter
00001775   SysTickIntHandler
000017ed   ButtonsInit
00001855   CmdLineProcess
00001915   SysCtlPeripheralEnable
0000196d   UARTgets
000019c1   HibernateEnableExpClk
00001a0d   RGBDisable
00001a59   GPIOPinConfigure
00001aa1   _c_int00
00001ae9   UARTPeek
00001b2d   copy_in
00001b71   C$$EXIT
00001b75   abort
00001b7d   exit
00001bb5   __aeabi_uidiv
00001bb5   __aeabi_uidivmod
00001bf9   signal
00001c39   CMD_help
00001c75   CMD_intensity
00001cb1   CMD_rgb
00001ced   UARTFlushTx
00001d29   HibernateWriteComplete
00001d61   __aeabi_f2d
00001d99   feraiseexcept
00001dcd   _FDtest
00001e01   _Feraise
00001e31   GPIODirModeSet
00001e5f   raise
00001e8d   UARTFlushRx
00001eb9   HibernateDataSet
00001ee1   HibernateIntStatus
00001f05   UARTStdioInit
00001f25   HibernateDataGet
00001f59   _args_main
00001f71   strcmp
00001f9d   HibernateGPIORetentionEnable
00001fb1   HibernateIntClear
00001fc5   HibernateRTCEnable
00001fd9   HibernateRequest
00001fed   HibernateWakeSet
00002001   RGBIntensitySet
00002015   SysCtlResetCauseClear
00002029   SysTickEnable
0000203d   SysTickIntEnable
00002051   TimerDisable
00002065   _register_unlock
0000206b   _register_lock
00002073   _nop
00002079   GPIOPinTypeGPIOInput
0000208b   GPIOPinTypeTimer
0000209d   TimerMatchSet
000020af   __TI_zero_init
000020c1   CMD_rand
000020d1   HibernateIsActive
000020e1   HibernateRTCMatch0Set
000020f1   HibernateRTCSet
00002101   SysTickPeriodSet
0000211f   TimerEnable
0000212d   __TI_decompress_none
0000213b   CPUcpsie
00002149   SysCtlResetCauseGet
00002155   CMD_hib
0000215f   IntMasterEnable
00002169   ResetISR
0000216f   SysCtlDelay
00002175   __TI_decompress_rle24
0000217b   sinf
00002484   __TI_Handler_Table_Base
00002490   __TI_Handler_Table_Limit
00002498   __TI_CINIT_Base
000024a8   __TI_CINIT_Limit
20000000   __stack
20000800   __STACK_END
20000800   __STACK_TOP
20000d24   g_sAppState
20000e20   _FDenorm
20000e30   _FEps
20000e40   _FInf
20000e50   _FNan
20000e60   _FSnan
20000e70   _FRteps
20000e80   _FXbig
20000e84   _FZero
20000e88   g_sCmdTable
20000f04   _lock
20000f08   _unlock
20000f0c   __TI_cleanup_ptr
20000f10   __TI_dtors_ptr
20000f14   _Fenv
20000f18   _Tls_setup__Fenv
20000f20   _Errno
20000f24   main_func_sp
ffffffff   __binit__
ffffffff   __c_args__
ffffffff   binit
UNDEFED    SHT$$INIT_ARRAY$$Base
UNDEFED    SHT$$INIT_ARRAY$$Limit

[127 symbols]
