<?xml version="1.0"?>
<link_info>
   <banner>TI ARM Linker PC v5.1.6</banner>
   <copyright>Copyright (c) 1996-2014 Texas Instruments Incorporated</copyright>
   <link_time>0x54dc167f</link_time>
   <link_errors>0x1</link_errors>
   <output_file>qs-rgb.out</output_file>
   <entry_point>
      <name>_c_int00</name>
      <address>0x1015</address>
   </entry_point>
   <input_file_list>
      <input_file id="fl-2">
         <path>.\</path>
         <kind>object</kind>
         <file>qs-rgb.obj</file>
         <name>qs-rgb.obj</name>
      </input_file>
      <input_file id="fl-3">
         <path>.\</path>
         <kind>object</kind>
         <file>rgb_commands.obj</file>
         <name>rgb_commands.obj</name>
      </input_file>
      <input_file id="fl-4">
         <path>.\</path>
         <kind>object</kind>
         <file>startup_ccs.obj</file>
         <name>startup_ccs.obj</name>
      </input_file>
      <input_file id="fl-133">
         <path>c:\ti\ccsv6\tools\compiler\arm_5.1.6\lib\</path>
         <kind>archive</kind>
         <file>rtsv7M4_T_le_v4SPD16_eabi.lib</file>
         <name>boot.obj</name>
      </input_file>
      <input_file id="fl-134">
         <path>c:\ti\ccsv6\tools\compiler\arm_5.1.6\lib\</path>
         <kind>archive</kind>
         <file>rtsv7M4_T_le_v4SPD16_eabi.lib</file>
         <name>copy_decompress_none.obj</name>
      </input_file>
      <input_file id="fl-135">
         <path>c:\ti\ccsv6\tools\compiler\arm_5.1.6\lib\</path>
         <kind>archive</kind>
         <file>rtsv7M4_T_le_v4SPD16_eabi.lib</file>
         <name>copy_decompress_rle.obj</name>
      </input_file>
      <input_file id="fl-136">
         <path>c:\ti\ccsv6\tools\compiler\arm_5.1.6\lib\</path>
         <kind>archive</kind>
         <file>rtsv7M4_T_le_v4SPD16_eabi.lib</file>
         <name>copy_zero_init.obj</name>
      </input_file>
      <input_file id="fl-137">
         <path>c:\ti\ccsv6\tools\compiler\arm_5.1.6\lib\</path>
         <kind>archive</kind>
         <file>rtsv7M4_T_le_v4SPD16_eabi.lib</file>
         <name>exit.obj</name>
      </input_file>
      <input_file id="fl-138">
         <path>c:\ti\ccsv6\tools\compiler\arm_5.1.6\lib\</path>
         <kind>archive</kind>
         <file>rtsv7M4_T_le_v4SPD16_eabi.lib</file>
         <name>memcpy_t2.obj</name>
      </input_file>
      <input_file id="fl-139">
         <path>c:\ti\ccsv6\tools\compiler\arm_5.1.6\lib\</path>
         <kind>archive</kind>
         <file>rtsv7M4_T_le_v4SPD16_eabi.lib</file>
         <name>sinf.obj</name>
      </input_file>
      <input_file id="fl-13a">
         <path>c:\ti\ccsv6\tools\compiler\arm_5.1.6\lib\</path>
         <kind>archive</kind>
         <file>rtsv7M4_T_le_v4SPD16_eabi.lib</file>
         <name>stkdepth_vars.obj</name>
      </input_file>
      <input_file id="fl-13b">
         <path>c:\ti\ccsv6\tools\compiler\arm_5.1.6\lib\</path>
         <kind>archive</kind>
         <file>rtsv7M4_T_le_v4SPD16_eabi.lib</file>
         <name>xfsin.obj</name>
      </input_file>
      <input_file id="fl-13c">
         <path>c:\ti\ccsv6\tools\compiler\arm_5.1.6\lib\</path>
         <kind>archive</kind>
         <file>rtsv7M4_T_le_v4SPD16_eabi.lib</file>
         <name>xfvalues.obj</name>
      </input_file>
      <input_file id="fl-13d">
         <path>c:\ti\ccsv6\tools\compiler\arm_5.1.6\lib\</path>
         <kind>archive</kind>
         <file>rtsv7M4_T_le_v4SPD16_eabi.lib</file>
         <name>_lock.obj</name>
      </input_file>
      <input_file id="fl-13e">
         <path>c:\ti\ccsv6\tools\compiler\arm_5.1.6\lib\</path>
         <kind>archive</kind>
         <file>rtsv7M4_T_le_v4SPD16_eabi.lib</file>
         <name>args_main.obj</name>
      </input_file>
      <input_file id="fl-13f">
         <path>c:\ti\ccsv6\tools\compiler\arm_5.1.6\lib\</path>
         <kind>archive</kind>
         <file>rtsv7M4_T_le_v4SPD16_eabi.lib</file>
         <name>auto_init.obj</name>
      </input_file>
      <input_file id="fl-140">
         <path>c:\ti\ccsv6\tools\compiler\arm_5.1.6\lib\</path>
         <kind>archive</kind>
         <file>rtsv7M4_T_le_v4SPD16_eabi.lib</file>
         <name>cpy_tbl.obj</name>
      </input_file>
      <input_file id="fl-141">
         <path>c:\ti\ccsv6\tools\compiler\arm_5.1.6\lib\</path>
         <kind>archive</kind>
         <file>rtsv7M4_T_le_v4SPD16_eabi.lib</file>
         <name>fd_cmp_t2.obj</name>
      </input_file>
      <input_file id="fl-142">
         <path>c:\ti\ccsv6\tools\compiler\arm_5.1.6\lib\</path>
         <kind>archive</kind>
         <file>rtsv7M4_T_le_v4SPD16_eabi.lib</file>
         <name>fmodf.obj</name>
      </input_file>
      <input_file id="fl-143">
         <path>c:\ti\ccsv6\tools\compiler\arm_5.1.6\lib\</path>
         <kind>archive</kind>
         <file>rtsv7M4_T_le_v4SPD16_eabi.lib</file>
         <name>fs_tod_t2.obj</name>
      </input_file>
      <input_file id="fl-144">
         <path>c:\ti\ccsv6\tools\compiler\arm_5.1.6\lib\</path>
         <kind>archive</kind>
         <file>rtsv7M4_T_le_v4SPD16_eabi.lib</file>
         <name>xfdnorm.obj</name>
      </input_file>
      <input_file id="fl-145">
         <path>c:\ti\ccsv6\tools\compiler\arm_5.1.6\lib\</path>
         <kind>archive</kind>
         <file>rtsv7M4_T_le_v4SPD16_eabi.lib</file>
         <name>xfdscale.obj</name>
      </input_file>
      <input_file id="fl-146">
         <path>c:\ti\ccsv6\tools\compiler\arm_5.1.6\lib\</path>
         <kind>archive</kind>
         <file>rtsv7M4_T_le_v4SPD16_eabi.lib</file>
         <name>xfdtest.obj</name>
      </input_file>
      <input_file id="fl-147">
         <path>c:\ti\ccsv6\tools\compiler\arm_5.1.6\lib\</path>
         <kind>archive</kind>
         <file>rtsv7M4_T_le_v4SPD16_eabi.lib</file>
         <name>xferaise.obj</name>
      </input_file>
      <input_file id="fl-148">
         <path>c:\ti\ccsv6\tools\compiler\arm_5.1.6\lib\</path>
         <kind>archive</kind>
         <file>rtsv7M4_T_le_v4SPD16_eabi.lib</file>
         <name>errno.obj</name>
      </input_file>
      <input_file id="fl-149">
         <path>c:\ti\ccsv6\tools\compiler\arm_5.1.6\lib\</path>
         <kind>archive</kind>
         <file>rtsv7M4_T_le_v4SPD16_eabi.lib</file>
         <name>feraiseexcept.obj</name>
      </input_file>
      <input_file id="fl-14a">
         <path>c:\ti\ccsv6\tools\compiler\arm_5.1.6\lib\</path>
         <kind>archive</kind>
         <file>rtsv7M4_T_le_v4SPD16_eabi.lib</file>
         <name>raise.obj</name>
      </input_file>
      <input_file id="fl-14b">
         <path>c:\ti\ccsv6\tools\compiler\arm_5.1.6\lib\</path>
         <kind>archive</kind>
         <file>rtsv7M4_T_le_v4SPD16_eabi.lib</file>
         <name>signal.obj</name>
      </input_file>
      <input_file id="fl-14c">
         <path>C:\StellarisWare\boards\ek-lm4f120xl\qs-rgb\ccs\..\..\..\..\driverlib\ccs-cm4f\Debug\</path>
         <kind>archive</kind>
         <file>driverlib-cm4f.lib</file>
         <name>systick.obj</name>
      </input_file>
      <input_file id="fl-14d">
         <path>C:\StellarisWare\boards\ek-lm4f120xl\qs-rgb\ccs\..\..\..\..\driverlib\ccs-cm4f\Debug\</path>
         <kind>archive</kind>
         <file>driverlib-cm4f.lib</file>
         <name>sysctl.obj</name>
      </input_file>
      <input_file id="fl-14e">
         <path>C:\StellarisWare\boards\ek-lm4f120xl\qs-rgb\ccs\..\..\..\..\driverlib\ccs-cm4f\Debug\</path>
         <kind>archive</kind>
         <file>driverlib-cm4f.lib</file>
         <name>interrupt.obj</name>
      </input_file>
      <input_file id="fl-14f">
         <path>C:\StellarisWare\boards\ek-lm4f120xl\qs-rgb\ccs\..\..\..\..\driverlib\ccs-cm4f\Debug\</path>
         <kind>archive</kind>
         <file>driverlib-cm4f.lib</file>
         <name>hibernate.obj</name>
      </input_file>
      <input_file id="fl-150">
         <path>C:\StellarisWare\boards\ek-lm4f120xl\qs-rgb\ccs\..\..\..\..\driverlib\ccs-cm4f\Debug\</path>
         <kind>archive</kind>
         <file>driverlib-cm4f.lib</file>
         <name>cpu.obj</name>
      </input_file>
   </input_file_list>
   <object_component_list>
      <object_component id="oc-e">
         <name>.intvecs</name>
         <load_address>0x0</load_address>
         <run_address>0x0</run_address>
         <size>0x26c</size>
         <input_file_ref idref="fl-4"/>
      </object_component>
      <object_component id="oc-a2">
         <name>.text:main</name>
         <load_address>0x26c</load_address>
         <run_address>0x26c</run_address>
         <size>0x2a4</size>
         <input_file_ref idref="fl-2"/>
      </object_component>
      <object_component id="oc-f7">
         <name>.text:SysCtlClockGet</name>
         <load_address>0x510</load_address>
         <run_address>0x510</run_address>
         <size>0x1d8</size>
         <input_file_ref idref="fl-14d"/>
      </object_component>
      <object_component id="oc-13d">
         <name>.text</name>
         <load_address>0x6e8</load_address>
         <run_address>0x6e8</run_address>
         <size>0x170</size>
         <input_file_ref idref="fl-13b"/>
      </object_component>
      <object_component id="oc-1aa">
         <name>.text</name>
         <load_address>0x858</load_address>
         <run_address>0x858</run_address>
         <size>0x124</size>
         <input_file_ref idref="fl-142"/>
      </object_component>
      <object_component id="oc-89">
         <name>.text:AppRainbow</name>
         <load_address>0x97c</load_address>
         <run_address>0x97c</run_address>
         <size>0xe0</size>
         <input_file_ref idref="fl-2"/>
      </object_component>
      <object_component id="oc-83">
         <name>.text:AppButtonHandler</name>
         <load_address>0xa5c</load_address>
         <run_address>0xa5c</run_address>
         <size>0xd4</size>
         <input_file_ref idref="fl-2"/>
      </object_component>
      <object_component id="oc-1e2">
         <name>.text</name>
         <load_address>0xb30</load_address>
         <run_address>0xb30</run_address>
         <size>0xc0</size>
         <input_file_ref idref="fl-145"/>
      </object_component>
      <object_component id="oc-5f">
         <name>.text</name>
         <load_address>0xbf0</load_address>
         <run_address>0xbf0</run_address>
         <size>0x9c</size>
         <input_file_ref idref="fl-138"/>
      </object_component>
      <object_component id="oc-4a">
         <name>.text</name>
         <load_address>0xc8c</load_address>
         <run_address>0xc8c</run_address>
         <size>0x94</size>
         <input_file_ref idref="fl-13f"/>
      </object_component>
      <object_component id="oc-1a5">
         <name>.text:__aeabi_cdcmple</name>
         <load_address>0xd20</load_address>
         <run_address>0xd20</run_address>
         <size>0x86</size>
         <input_file_ref idref="fl-141"/>
      </object_component>
      <object_component id="oc-1dc">
         <name>.text</name>
         <load_address>0xda6</load_address>
         <run_address>0xda6</run_address>
         <size>0x7a</size>
         <input_file_ref idref="fl-144"/>
      </object_component>
      <object_component id="oc-110">
         <name>.text:AppHibernateEnter</name>
         <load_address>0xe20</load_address>
         <run_address>0xe20</run_address>
         <size>0x78</size>
         <input_file_ref idref="fl-2"/>
      </object_component>
      <object_component id="oc-41">
         <name>.text:SysTickIntHandler</name>
         <load_address>0xe98</load_address>
         <run_address>0xe98</run_address>
         <size>0x78</size>
         <input_file_ref idref="fl-2"/>
      </object_component>
      <object_component id="oc-72">
         <name>.text</name>
         <load_address>0xf10</load_address>
         <run_address>0xf10</run_address>
         <size>0x5e</size>
         <input_file_ref idref="fl-135"/>
      </object_component>
      <object_component id="oc-35">
         <name>.text:FaultISR</name>
         <load_address>0xf6e</load_address>
         <run_address>0xf6e</run_address>
         <size>0x2</size>
         <input_file_ref idref="fl-4"/>
      </object_component>
      <object_component id="oc-db">
         <name>.text:SysCtlPeripheralEnable</name>
         <load_address>0xf70</load_address>
         <run_address>0xf70</run_address>
         <size>0x58</size>
         <input_file_ref idref="fl-14d"/>
      </object_component>
      <object_component id="oc-fb">
         <name>.text:HibernateEnableExpClk</name>
         <load_address>0xfc8</load_address>
         <run_address>0xfc8</run_address>
         <size>0x4c</size>
         <input_file_ref idref="fl-14f"/>
      </object_component>
      <object_component id="oc-11">
         <name>.text</name>
         <load_address>0x1014</load_address>
         <run_address>0x1014</run_address>
         <size>0x48</size>
         <input_file_ref idref="fl-133"/>
      </object_component>
      <object_component id="oc-9b">
         <name>.text</name>
         <load_address>0x105c</load_address>
         <run_address>0x105c</run_address>
         <size>0x44</size>
         <input_file_ref idref="fl-140"/>
      </object_component>
      <object_component id="oc-55">
         <name>.text</name>
         <load_address>0x10a0</load_address>
         <run_address>0x10a0</run_address>
         <size>0x44</size>
         <input_file_ref idref="fl-137"/>
      </object_component>
      <object_component id="oc-20b">
         <name>.text</name>
         <load_address>0x10e4</load_address>
         <run_address>0x10e4</run_address>
         <size>0x40</size>
         <input_file_ref idref="fl-14b"/>
      </object_component>
      <object_component id="oc-15d">
         <name>.text:HibernateWriteComplete</name>
         <load_address>0x1124</load_address>
         <run_address>0x1124</run_address>
         <size>0x38</size>
         <input_file_ref idref="fl-14f"/>
      </object_component>
      <object_component id="oc-1a0">
         <name>.text</name>
         <load_address>0x115c</load_address>
         <run_address>0x115c</run_address>
         <size>0x38</size>
         <input_file_ref idref="fl-143"/>
      </object_component>
      <object_component id="oc-1d0">
         <name>.text</name>
         <load_address>0x1194</load_address>
         <run_address>0x1194</run_address>
         <size>0x34</size>
         <input_file_ref idref="fl-149"/>
      </object_component>
      <object_component id="oc-194">
         <name>.text</name>
         <load_address>0x11c8</load_address>
         <run_address>0x11c8</run_address>
         <size>0x34</size>
         <input_file_ref idref="fl-146"/>
      </object_component>
      <object_component id="oc-19a">
         <name>.text</name>
         <load_address>0x11fc</load_address>
         <run_address>0x11fc</run_address>
         <size>0x30</size>
         <input_file_ref idref="fl-147"/>
      </object_component>
      <object_component id="oc-1f7">
         <name>.text</name>
         <load_address>0x122c</load_address>
         <run_address>0x122c</run_address>
         <size>0x2e</size>
         <input_file_ref idref="fl-14a"/>
      </object_component>
      <object_component id="oc-3b">
         <name>.text:IntDefaultHandler</name>
         <load_address>0x125a</load_address>
         <run_address>0x125a</run_address>
         <size>0x2</size>
         <input_file_ref idref="fl-4"/>
      </object_component>
      <object_component id="oc-186">
         <name>.text:HibernateDataSet</name>
         <load_address>0x125c</load_address>
         <run_address>0x125c</run_address>
         <size>0x28</size>
         <input_file_ref idref="fl-14f"/>
      </object_component>
      <object_component id="oc-eb">
         <name>.text:HibernateIntStatus</name>
         <load_address>0x1284</load_address>
         <run_address>0x1284</run_address>
         <size>0x24</size>
         <input_file_ref idref="fl-14f"/>
      </object_component>
      <object_component id="oc-f3">
         <name>.text:HibernateDataGet</name>
         <load_address>0x12a8</load_address>
         <run_address>0x12a8</run_address>
         <size>0x1c</size>
         <input_file_ref idref="fl-14f"/>
      </object_component>
      <object_component id="oc-4f">
         <name>.text</name>
         <load_address>0x12c4</load_address>
         <run_address>0x12c4</run_address>
         <size>0x18</size>
         <input_file_ref idref="fl-13e"/>
      </object_component>
      <object_component id="oc-172">
         <name>.text:HibernateGPIORetentionEnable</name>
         <load_address>0x12dc</load_address>
         <run_address>0x12dc</run_address>
         <size>0x14</size>
         <input_file_ref idref="fl-14f"/>
      </object_component>
      <object_component id="oc-ef">
         <name>.text:HibernateIntClear</name>
         <load_address>0x12f0</load_address>
         <run_address>0x12f0</run_address>
         <size>0x14</size>
         <input_file_ref idref="fl-14f"/>
      </object_component>
      <object_component id="oc-17a">
         <name>.text:HibernateRTCEnable</name>
         <load_address>0x1304</load_address>
         <run_address>0x1304</run_address>
         <size>0x14</size>
         <input_file_ref idref="fl-14f"/>
      </object_component>
      <object_component id="oc-18a">
         <name>.text:HibernateRequest</name>
         <load_address>0x1318</load_address>
         <run_address>0x1318</run_address>
         <size>0x14</size>
         <input_file_ref idref="fl-14f"/>
      </object_component>
      <object_component id="oc-182">
         <name>.text:HibernateWakeSet</name>
         <load_address>0x132c</load_address>
         <run_address>0x132c</run_address>
         <size>0x14</size>
         <input_file_ref idref="fl-14f"/>
      </object_component>
      <object_component id="oc-e3">
         <name>.text:SysCtlResetCauseClear</name>
         <load_address>0x1340</load_address>
         <run_address>0x1340</run_address>
         <size>0x14</size>
         <input_file_ref idref="fl-14d"/>
      </object_component>
      <object_component id="oc-103">
         <name>.text:SysTickEnable</name>
         <load_address>0x1354</load_address>
         <run_address>0x1354</run_address>
         <size>0x14</size>
         <input_file_ref idref="fl-14c"/>
      </object_component>
      <object_component id="oc-107">
         <name>.text:SysTickIntEnable</name>
         <load_address>0x1368</load_address>
         <run_address>0x1368</run_address>
         <size>0x14</size>
         <input_file_ref idref="fl-14c"/>
      </object_component>
      <object_component id="oc-121">
         <name>.text</name>
         <load_address>0x137c</load_address>
         <run_address>0x137c</run_address>
         <size>0x14</size>
         <input_file_ref idref="fl-13d"/>
      </object_component>
      <object_component id="oc-1c">
         <name>.text:decompress:ZI</name>
         <load_address>0x1390</load_address>
         <run_address>0x1390</run_address>
         <size>0x12</size>
         <input_file_ref idref="fl-136"/>
      </object_component>
      <object_component id="oc-2f">
         <name>.text:NmiSR</name>
         <load_address>0x13a2</load_address>
         <run_address>0x13a2</run_address>
         <size>0x2</size>
         <input_file_ref idref="fl-4"/>
      </object_component>
      <object_component id="oc-e7">
         <name>.text:HibernateIsActive</name>
         <load_address>0x13a4</load_address>
         <run_address>0x13a4</run_address>
         <size>0x10</size>
         <input_file_ref idref="fl-14f"/>
      </object_component>
      <object_component id="oc-17e">
         <name>.text:HibernateRTCMatch0Set</name>
         <load_address>0x13b4</load_address>
         <run_address>0x13b4</run_address>
         <size>0x10</size>
         <input_file_ref idref="fl-14f"/>
      </object_component>
      <object_component id="oc-176">
         <name>.text:HibernateRTCSet</name>
         <load_address>0x13c4</load_address>
         <run_address>0x13c4</run_address>
         <size>0x10</size>
         <input_file_ref idref="fl-14f"/>
      </object_component>
      <object_component id="oc-ff">
         <name>.text:SysTickPeriodSet</name>
         <load_address>0x13d4</load_address>
         <run_address>0x13d4</run_address>
         <size>0x10</size>
         <input_file_ref idref="fl-14c"/>
      </object_component>
      <object_component id="oc-16">
         <name>.text:decompress:none</name>
         <load_address>0x13e4</load_address>
         <run_address>0x13e4</run_address>
         <size>0xe</size>
         <input_file_ref idref="fl-134"/>
      </object_component>
      <object_component id="oc-16d">
         <name>.text:CPUcpsie</name>
         <load_address>0x13f2</load_address>
         <run_address>0x13f2</run_address>
         <size>0xc</size>
         <input_file_ref idref="fl-150"/>
      </object_component>
      <object_component id="oc-df">
         <name>.text:SysCtlResetCauseGet</name>
         <load_address>0x1400</load_address>
         <run_address>0x1400</run_address>
         <size>0xc</size>
         <input_file_ref idref="fl-14d"/>
      </object_component>
      <object_component id="oc-10b">
         <name>.text:IntMasterEnable</name>
         <load_address>0x140c</load_address>
         <run_address>0x140c</run_address>
         <size>0xa</size>
         <input_file_ref idref="fl-14e"/>
      </object_component>
      <object_component id="oc-29">
         <name>.text:ResetISR</name>
         <load_address>0x1416</load_address>
         <run_address>0x1416</run_address>
         <size>0x6</size>
         <input_file_ref idref="fl-4"/>
      </object_component>
      <object_component id="oc-10f">
         <name>.text:SysCtlDelay</name>
         <load_address>0x141c</load_address>
         <run_address>0x141c</run_address>
         <size>0x6</size>
         <input_file_ref idref="fl-14d"/>
      </object_component>
      <object_component id="oc-22">
         <name>.text:decompress:rle24</name>
         <load_address>0x1422</load_address>
         <run_address>0x1422</run_address>
         <size>0x6</size>
         <input_file_ref idref="fl-135"/>
      </object_component>
      <object_component id="oc-cf">
         <name>.text</name>
         <load_address>0x1428</load_address>
         <run_address>0x1428</run_address>
         <size>0x6</size>
         <input_file_ref idref="fl-139"/>
      </object_component>
      <object_component id="oc-163">
         <name>.const:g_pulXtals</name>
         <load_address>0x1430</load_address>
         <run_address>0x1430</run_address>
         <size>0x6c</size>
         <input_file_ref idref="fl-14d"/>
      </object_component>
      <object_component id="oc-14c">
         <name>.const</name>
         <load_address>0x149c</load_address>
         <run_address>0x149c</run_address>
         <size>0x40</size>
         <input_file_ref idref="fl-14d"/>
      </object_component>
      <object_component id="oc-1b3">
         <name>.const</name>
         <load_address>0x14dc</load_address>
         <run_address>0x14dc</run_address>
         <size>0x28</size>
         <input_file_ref idref="fl-13b"/>
      </object_component>
      <object_component id="oc-250">
         <name>.cinit..data.load</name>
         <load_address>0x1508</load_address>
         <run_address>0x1508</run_address>
         <size>0x50</size>
      </object_component>
      <object_component id="oc-24e">
         <name>__TI_handler_table</name>
         <load_address>0x1558</load_address>
         <run_address>0x1558</run_address>
         <size>0xc</size>
      </object_component>
      <object_component id="oc-251">
         <name>.cinit..bss.load</name>
         <load_address>0x1568</load_address>
         <run_address>0x1568</run_address>
         <size>0x8</size>
      </object_component>
      <object_component id="oc-24f">
         <name>__TI_cinit_table</name>
         <load_address>0x1570</load_address>
         <run_address>0x1570</run_address>
         <size>0x10</size>
      </object_component>
      <object_component id="oc-5b">
         <name>.data</name>
         <load_address>0x20000950</load_address>
         <run_address>0x20000950</run_address>
         <size>0x4</size>
         <input_file_ref idref="fl-13a"/>
      </object_component>
      <object_component id="oc-aa">
         <name>.data</name>
         <load_address>0x20000934</load_address>
         <run_address>0x20000934</run_address>
         <size>0x8</size>
         <input_file_ref idref="fl-13d"/>
      </object_component>
      <object_component id="oc-ad">
         <name>.data</name>
         <load_address>0x2000093c</load_address>
         <run_address>0x2000093c</run_address>
         <size>0x8</size>
         <input_file_ref idref="fl-137"/>
      </object_component>
      <object_component id="oc-cb">
         <name>.data</name>
         <load_address>0x20000918</load_address>
         <run_address>0x20000918</run_address>
         <size>0x1c</size>
         <input_file_ref idref="fl-2"/>
      </object_component>
      <object_component id="oc-1b0">
         <name>.data</name>
         <load_address>0x200008b0</load_address>
         <run_address>0x200008b0</run_address>
         <size>0x68</size>
         <input_file_ref idref="fl-13c"/>
      </object_component>
      <object_component id="oc-1d6">
         <name>.data</name>
         <load_address>0x2000094c</load_address>
         <run_address>0x2000094c</run_address>
         <size>0x4</size>
         <input_file_ref idref="fl-148"/>
      </object_component>
      <object_component id="oc-1fd">
         <name>.data</name>
         <load_address>0x20000944</load_address>
         <run_address>0x20000944</run_address>
         <size>0x8</size>
         <input_file_ref idref="fl-149"/>
      </object_component>
      <object_component id="oc-220">
         <name>.data:sigtable</name>
         <load_address>0x20000800</load_address>
         <run_address>0x20000800</run_address>
         <size>0xb0</size>
         <input_file_ref idref="fl-14b"/>
      </object_component>
      <object_component id="oc-8f">
         <name>.bss:g_sAppState</name>
         <uninitialized>true</uninitialized>
         <run_address>0x200009d4</run_address>
         <size>0x24</size>
         <input_file_ref idref="fl-2"/>
      </object_component>
      <object_component id="oc-116">
         <name>.bss:g_cInput</name>
         <uninitialized>true</uninitialized>
         <run_address>0x20000954</run_address>
         <size>0x80</size>
         <input_file_ref idref="fl-2"/>
      </object_component>
      <object_component id="oc-166">
         <name>.bss</name>
         <uninitialized>true</uninitialized>
         <run_address>0x200009f8</run_address>
         <size>0x4</size>
         <input_file_ref idref="fl-14f"/>
      </object_component>
      <object_component id="oc-c8">
         <name>.common:ulHibModeEntryCount</name>
         <uninitialized>true</uninitialized>
         <run_address>0x20000a00</run_address>
         <size>0x4</size>
      </object_component>
      <object_component id="oc-c7">
         <name>.common:ulTickCounter$1</name>
         <uninitialized>true</uninitialized>
         <run_address>0x20000a04</run_address>
         <size>0x4</size>
      </object_component>
      <object_component id="oc-d5">
         <name>.common:fPrevPos$2</name>
         <uninitialized>true</uninitialized>
         <run_address>0x200009fc</run_address>
         <size>0x4</size>
      </object_component>
      <object_component id="oc-92">
         <name>.common:x$3</name>
         <uninitialized>true</uninitialized>
         <run_address>0x20000a08</run_address>
         <size>0x4</size>
      </object_component>
      <object_component id="oc-28">
         <name>.stack</name>
         <uninitialized>true</uninitialized>
         <run_address>0x20000000</run_address>
         <size>0x0</size>
         <input_file_ref idref="fl-133"/>
      </object_component>
      <object_component id="oc-252">
         <name>.stack</name>
         <uninitialized>true</uninitialized>
         <run_address>0x20000000</run_address>
         <size>0x0</size>
      </object_component>
      <object_component id="oc-f">
         <name>.debug_info</name>
         <load_address>0x0</load_address>
         <run_address>0x0</run_address>
         <size>0xe6</size>
         <input_file_ref idref="fl-4"/>
      </object_component>
      <object_component id="oc-12">
         <name>.debug_info</name>
         <load_address>0xe6</load_address>
         <run_address>0xe6</run_address>
         <size>0xf3</size>
         <input_file_ref idref="fl-133"/>
      </object_component>
      <object_component id="oc-19">
         <name>.debug_info</name>
         <load_address>0x1d9</load_address>
         <run_address>0x1d9</run_address>
         <size>0x194</size>
         <input_file_ref idref="fl-134"/>
      </object_component>
      <object_component id="oc-1d">
         <name>.debug_info</name>
         <load_address>0x36d</load_address>
         <run_address>0x36d</run_address>
         <size>0x16a</size>
         <input_file_ref idref="fl-136"/>
      </object_component>
      <object_component id="oc-24">
         <name>.debug_info</name>
         <load_address>0x4d7</load_address>
         <run_address>0x4d7</run_address>
         <size>0x18e</size>
         <input_file_ref idref="fl-135"/>
      </object_component>
      <object_component id="oc-2a">
         <name>.debug_info</name>
         <load_address>0x665</load_address>
         <run_address>0x665</run_address>
         <size>0x116</size>
         <input_file_ref idref="fl-4"/>
      </object_component>
      <object_component id="oc-30">
         <name>.debug_info</name>
         <load_address>0x77b</load_address>
         <run_address>0x77b</run_address>
         <size>0x105</size>
         <input_file_ref idref="fl-4"/>
      </object_component>
      <object_component id="oc-36">
         <name>.debug_info</name>
         <load_address>0x880</load_address>
         <run_address>0x880</run_address>
         <size>0x10d</size>
         <input_file_ref idref="fl-4"/>
      </object_component>
      <object_component id="oc-3c">
         <name>.debug_info</name>
         <load_address>0x98d</load_address>
         <run_address>0x98d</run_address>
         <size>0x11f</size>
         <input_file_ref idref="fl-4"/>
      </object_component>
      <object_component id="oc-42">
         <name>.debug_info</name>
         <load_address>0xaac</load_address>
         <run_address>0xaac</run_address>
         <size>0x168</size>
         <input_file_ref idref="fl-2"/>
      </object_component>
      <object_component id="oc-49">
         <name>.debug_info</name>
         <load_address>0xc14</load_address>
         <run_address>0xc14</run_address>
         <size>0x159</size>
         <input_file_ref idref="fl-4"/>
      </object_component>
      <object_component id="oc-4c">
         <name>.debug_info</name>
         <load_address>0xd6d</load_address>
         <run_address>0xd6d</run_address>
         <size>0x13d</size>
         <input_file_ref idref="fl-13f"/>
      </object_component>
      <object_component id="oc-50">
         <name>.debug_info</name>
         <load_address>0xeaa</load_address>
         <run_address>0xeaa</run_address>
         <size>0x11c</size>
         <input_file_ref idref="fl-13e"/>
      </object_component>
      <object_component id="oc-57">
         <name>.debug_info</name>
         <load_address>0xfc6</load_address>
         <run_address>0xfc6</run_address>
         <size>0x1c2</size>
         <input_file_ref idref="fl-137"/>
      </object_component>
      <object_component id="oc-5c">
         <name>.debug_info</name>
         <load_address>0x1188</load_address>
         <run_address>0x1188</run_address>
         <size>0xbe</size>
         <input_file_ref idref="fl-13a"/>
      </object_component>
      <object_component id="oc-60">
         <name>.debug_info</name>
         <load_address>0x1246</load_address>
         <run_address>0x1246</run_address>
         <size>0xcc</size>
         <input_file_ref idref="fl-138"/>
      </object_component>
      <object_component id="oc-65">
         <name>.debug_info</name>
         <load_address>0x1312</load_address>
         <run_address>0x1312</run_address>
         <size>0x46</size>
         <input_file_ref idref="fl-134"/>
      </object_component>
      <object_component id="oc-6a">
         <name>.debug_info</name>
         <load_address>0x1358</load_address>
         <run_address>0x1358</run_address>
         <size>0xf2</size>
         <input_file_ref idref="fl-134"/>
      </object_component>
      <object_component id="oc-6c">
         <name>.debug_info</name>
         <load_address>0x144a</load_address>
         <run_address>0x144a</run_address>
         <size>0x46</size>
         <input_file_ref idref="fl-136"/>
      </object_component>
      <object_component id="oc-71">
         <name>.debug_info</name>
         <load_address>0x1490</load_address>
         <run_address>0x1490</run_address>
         <size>0xad</size>
         <input_file_ref idref="fl-136"/>
      </object_component>
      <object_component id="oc-74">
         <name>.debug_info</name>
         <load_address>0x153d</load_address>
         <run_address>0x153d</run_address>
         <size>0x1ef</size>
         <input_file_ref idref="fl-135"/>
      </object_component>
      <object_component id="oc-79">
         <name>.debug_info</name>
         <load_address>0x172c</load_address>
         <run_address>0x172c</run_address>
         <size>0xb7</size>
         <input_file_ref idref="fl-135"/>
      </object_component>
      <object_component id="oc-7a">
         <name>.debug_info</name>
         <load_address>0x17e3</load_address>
         <run_address>0x17e3</run_address>
         <size>0x39</size>
         <input_file_ref idref="fl-135"/>
      </object_component>
      <object_component id="oc-84">
         <name>.debug_info</name>
         <load_address>0x181c</load_address>
         <run_address>0x181c</run_address>
         <size>0x14e</size>
         <input_file_ref idref="fl-2"/>
      </object_component>
      <object_component id="oc-8a">
         <name>.debug_info</name>
         <load_address>0x196a</load_address>
         <run_address>0x196a</run_address>
         <size>0x1fb</size>
         <input_file_ref idref="fl-2"/>
      </object_component>
      <object_component id="oc-90">
         <name>.debug_info</name>
         <load_address>0x1b65</load_address>
         <run_address>0x1b65</run_address>
         <size>0xe0</size>
         <input_file_ref idref="fl-2"/>
      </object_component>
      <object_component id="oc-94">
         <name>.debug_info</name>
         <load_address>0x1c45</load_address>
         <run_address>0x1c45</run_address>
         <size>0x84</size>
         <input_file_ref idref="fl-2"/>
      </object_component>
      <object_component id="oc-9c">
         <name>.debug_info</name>
         <load_address>0x1cc9</load_address>
         <run_address>0x1cc9</run_address>
         <size>0x14b</size>
         <input_file_ref idref="fl-140"/>
      </object_component>
      <object_component id="oc-a3">
         <name>.debug_info</name>
         <load_address>0x1e14</load_address>
         <run_address>0x1e14</run_address>
         <size>0x47a</size>
         <input_file_ref idref="fl-2"/>
      </object_component>
      <object_component id="oc-a9">
         <name>.debug_info</name>
         <load_address>0x228e</load_address>
         <run_address>0x228e</run_address>
         <size>0x11b</size>
         <input_file_ref idref="fl-13e"/>
      </object_component>
      <object_component id="oc-ab">
         <name>.debug_info</name>
         <load_address>0x23a9</load_address>
         <run_address>0x23a9</run_address>
         <size>0xc8</size>
         <input_file_ref idref="fl-13d"/>
      </object_component>
      <object_component id="oc-ae">
         <name>.debug_info</name>
         <load_address>0x2471</load_address>
         <run_address>0x2471</run_address>
         <size>0xeb</size>
         <input_file_ref idref="fl-137"/>
      </object_component>
      <object_component id="oc-b1">
         <name>.debug_info</name>
         <load_address>0x255c</load_address>
         <run_address>0x255c</run_address>
         <size>0x146</size>
         <input_file_ref idref="fl-137"/>
      </object_component>
      <object_component id="oc-b6">
         <name>.debug_info</name>
         <load_address>0x26a2</load_address>
         <run_address>0x26a2</run_address>
         <size>0x2c</size>
         <input_file_ref idref="fl-134"/>
      </object_component>
      <object_component id="oc-bd">
         <name>.debug_info</name>
         <load_address>0x26ce</load_address>
         <run_address>0x26ce</run_address>
         <size>0x2c</size>
         <input_file_ref idref="fl-136"/>
      </object_component>
      <object_component id="oc-c9">
         <name>.debug_info</name>
         <load_address>0x26fa</load_address>
         <run_address>0x26fa</run_address>
         <size>0x791</size>
         <input_file_ref idref="fl-2"/>
      </object_component>
      <object_component id="oc-cc">
         <name>.debug_info</name>
         <load_address>0x2e8b</load_address>
         <run_address>0x2e8b</run_address>
         <size>0xe3</size>
         <input_file_ref idref="fl-2"/>
      </object_component>
      <object_component id="oc-d0">
         <name>.debug_info</name>
         <load_address>0x2f6e</load_address>
         <run_address>0x2f6e</run_address>
         <size>0xf9</size>
         <input_file_ref idref="fl-139"/>
      </object_component>
      <object_component id="oc-da">
         <name>.debug_info</name>
         <load_address>0x3067</load_address>
         <run_address>0x3067</run_address>
         <size>0x148</size>
         <input_file_ref idref="fl-140"/>
      </object_component>
      <object_component id="oc-dc">
         <name>.debug_info</name>
         <load_address>0x31af</load_address>
         <run_address>0x31af</run_address>
         <size>0x1da</size>
         <input_file_ref idref="fl-14d"/>
      </object_component>
      <object_component id="oc-e0">
         <name>.debug_info</name>
         <load_address>0x3389</load_address>
         <run_address>0x3389</run_address>
         <size>0x196</size>
         <input_file_ref idref="fl-14d"/>
      </object_component>
      <object_component id="oc-e4">
         <name>.debug_info</name>
         <load_address>0x351f</load_address>
         <run_address>0x351f</run_address>
         <size>0x1c8</size>
         <input_file_ref idref="fl-14d"/>
      </object_component>
      <object_component id="oc-e8">
         <name>.debug_info</name>
         <load_address>0x36e7</load_address>
         <run_address>0x36e7</run_address>
         <size>0x19b</size>
         <input_file_ref idref="fl-14f"/>
      </object_component>
      <object_component id="oc-ec">
         <name>.debug_info</name>
         <load_address>0x3882</load_address>
         <run_address>0x3882</run_address>
         <size>0x1cb</size>
         <input_file_ref idref="fl-14f"/>
      </object_component>
      <object_component id="oc-f0">
         <name>.debug_info</name>
         <load_address>0x3a4d</load_address>
         <run_address>0x3a4d</run_address>
         <size>0x1e9</size>
         <input_file_ref idref="fl-14f"/>
      </object_component>
      <object_component id="oc-f4">
         <name>.debug_info</name>
         <load_address>0x3c36</load_address>
         <run_address>0x3c36</run_address>
         <size>0x261</size>
         <input_file_ref idref="fl-14f"/>
      </object_component>
      <object_component id="oc-f8">
         <name>.debug_info</name>
         <load_address>0x3e97</load_address>
         <run_address>0x3e97</run_address>
         <size>0x202</size>
         <input_file_ref idref="fl-14d"/>
      </object_component>
      <object_component id="oc-fc">
         <name>.debug_info</name>
         <load_address>0x4099</load_address>
         <run_address>0x4099</run_address>
         <size>0x1ec</size>
         <input_file_ref idref="fl-14f"/>
      </object_component>
      <object_component id="oc-100">
         <name>.debug_info</name>
         <load_address>0x4285</load_address>
         <run_address>0x4285</run_address>
         <size>0x1be</size>
         <input_file_ref idref="fl-14c"/>
      </object_component>
      <object_component id="oc-104">
         <name>.debug_info</name>
         <load_address>0x4443</load_address>
         <run_address>0x4443</run_address>
         <size>0x186</size>
         <input_file_ref idref="fl-14c"/>
      </object_component>
      <object_component id="oc-108">
         <name>.debug_info</name>
         <load_address>0x45c9</load_address>
         <run_address>0x45c9</run_address>
         <size>0x18c</size>
         <input_file_ref idref="fl-14c"/>
      </object_component>
      <object_component id="oc-10c">
         <name>.debug_info</name>
         <load_address>0x4755</load_address>
         <run_address>0x4755</run_address>
         <size>0x1a3</size>
         <input_file_ref idref="fl-14e"/>
      </object_component>
      <object_component id="oc-111">
         <name>.debug_info</name>
         <load_address>0x48f8</load_address>
         <run_address>0x48f8</run_address>
         <size>0x24c</size>
         <input_file_ref idref="fl-2"/>
      </object_component>
      <object_component id="oc-117">
         <name>.debug_info</name>
         <load_address>0x4b44</load_address>
         <run_address>0x4b44</run_address>
         <size>0xd9</size>
         <input_file_ref idref="fl-2"/>
      </object_component>
      <object_component id="oc-11c">
         <name>.debug_info</name>
         <load_address>0x4c1d</load_address>
         <run_address>0x4c1d</run_address>
         <size>0x5e</size>
         <input_file_ref idref="fl-13e"/>
      </object_component>
      <object_component id="oc-122">
         <name>.debug_info</name>
         <load_address>0x4c7b</load_address>
         <run_address>0x4c7b</run_address>
         <size>0x1d4</size>
         <input_file_ref idref="fl-13d"/>
      </object_component>
      <object_component id="oc-129">
         <name>.debug_info</name>
         <load_address>0x4e4f</load_address>
         <run_address>0x4e4f</run_address>
         <size>0xd9</size>
         <input_file_ref idref="fl-13d"/>
      </object_component>
      <object_component id="oc-131">
         <name>.debug_info</name>
         <load_address>0x4f28</load_address>
         <run_address>0x4f28</run_address>
         <size>0xc2</size>
         <input_file_ref idref="fl-2"/>
      </object_component>
      <object_component id="oc-136">
         <name>.debug_info</name>
         <load_address>0x4fea</load_address>
         <run_address>0x4fea</run_address>
         <size>0x2c</size>
         <input_file_ref idref="fl-2"/>
      </object_component>
      <object_component id="oc-13e">
         <name>.debug_info</name>
         <load_address>0x5016</load_address>
         <run_address>0x5016</run_address>
         <size>0x1c2</size>
         <input_file_ref idref="fl-13b"/>
      </object_component>
      <object_component id="oc-144">
         <name>.debug_info</name>
         <load_address>0x51d8</load_address>
         <run_address>0x51d8</run_address>
         <size>0xb7</size>
         <input_file_ref idref="fl-139"/>
      </object_component>
      <object_component id="oc-147">
         <name>.debug_info</name>
         <load_address>0x528f</load_address>
         <run_address>0x528f</run_address>
         <size>0xcd</size>
         <input_file_ref idref="fl-140"/>
      </object_component>
      <object_component id="oc-14d">
         <name>.debug_info</name>
         <load_address>0x535c</load_address>
         <run_address>0x535c</run_address>
         <size>0x1b2</size>
         <input_file_ref idref="fl-14d"/>
      </object_component>
      <object_component id="oc-14f">
         <name>.debug_info</name>
         <load_address>0x550e</load_address>
         <run_address>0x550e</run_address>
         <size>0x84</size>
         <input_file_ref idref="fl-14c"/>
      </object_component>
      <object_component id="oc-153">
         <name>.debug_info</name>
         <load_address>0x5592</load_address>
         <run_address>0x5592</run_address>
         <size>0x391</size>
         <input_file_ref idref="fl-14d"/>
      </object_component>
      <object_component id="oc-158">
         <name>.debug_info</name>
         <load_address>0x5923</load_address>
         <run_address>0x5923</run_address>
         <size>0x2c</size>
         <input_file_ref idref="fl-14c"/>
      </object_component>
      <object_component id="oc-15c">
         <name>.debug_info</name>
         <load_address>0x594f</load_address>
         <run_address>0x594f</run_address>
         <size>0x34c</size>
         <input_file_ref idref="fl-14f"/>
      </object_component>
      <object_component id="oc-15e">
         <name>.debug_info</name>
         <load_address>0x5c9b</load_address>
         <run_address>0x5c9b</run_address>
         <size>0x236</size>
         <input_file_ref idref="fl-14f"/>
      </object_component>
      <object_component id="oc-164">
         <name>.debug_info</name>
         <load_address>0x5ed1</load_address>
         <run_address>0x5ed1</run_address>
         <size>0x108</size>
         <input_file_ref idref="fl-14d"/>
      </object_component>
      <object_component id="oc-167">
         <name>.debug_info</name>
         <load_address>0x5fd9</load_address>
         <run_address>0x5fd9</run_address>
         <size>0x113</size>
         <input_file_ref idref="fl-14f"/>
      </object_component>
      <object_component id="oc-16a">
         <name>.debug_info</name>
         <load_address>0x60ec</load_address>
         <run_address>0x60ec</run_address>
         <size>0x2d8</size>
         <input_file_ref idref="fl-14c"/>
      </object_component>
      <object_component id="oc-16e">
         <name>.debug_info</name>
         <load_address>0x63c4</load_address>
         <run_address>0x63c4</run_address>
         <size>0x177</size>
         <input_file_ref idref="fl-150"/>
      </object_component>
      <object_component id="oc-173">
         <name>.debug_info</name>
         <load_address>0x653b</load_address>
         <run_address>0x653b</run_address>
         <size>0x1c5</size>
         <input_file_ref idref="fl-14f"/>
      </object_component>
      <object_component id="oc-177">
         <name>.debug_info</name>
         <load_address>0x6700</load_address>
         <run_address>0x6700</run_address>
         <size>0x1e5</size>
         <input_file_ref idref="fl-14f"/>
      </object_component>
      <object_component id="oc-17b">
         <name>.debug_info</name>
         <load_address>0x68e5</load_address>
         <run_address>0x68e5</run_address>
         <size>0x1b1</size>
         <input_file_ref idref="fl-14f"/>
      </object_component>
      <object_component id="oc-17f">
         <name>.debug_info</name>
         <load_address>0x6a96</load_address>
         <run_address>0x6a96</run_address>
         <size>0x1e5</size>
         <input_file_ref idref="fl-14f"/>
      </object_component>
      <object_component id="oc-183">
         <name>.debug_info</name>
         <load_address>0x6c7b</load_address>
         <run_address>0x6c7b</run_address>
         <size>0x1eb</size>
         <input_file_ref idref="fl-14f"/>
      </object_component>
      <object_component id="oc-187">
         <name>.debug_info</name>
         <load_address>0x6e66</load_address>
         <run_address>0x6e66</run_address>
         <size>0x27e</size>
         <input_file_ref idref="fl-14f"/>
      </object_component>
      <object_component id="oc-18b">
         <name>.debug_info</name>
         <load_address>0x70e4</load_address>
         <run_address>0x70e4</run_address>
         <size>0x1ad</size>
         <input_file_ref idref="fl-14f"/>
      </object_component>
      <object_component id="oc-195">
         <name>.debug_info</name>
         <load_address>0x7291</load_address>
         <run_address>0x7291</run_address>
         <size>0x114</size>
         <input_file_ref idref="fl-146"/>
      </object_component>
      <object_component id="oc-19b">
         <name>.debug_info</name>
         <load_address>0x73a5</load_address>
         <run_address>0x73a5</run_address>
         <size>0x127</size>
         <input_file_ref idref="fl-147"/>
      </object_component>
      <object_component id="oc-1a2">
         <name>.debug_info</name>
         <load_address>0x74cc</load_address>
         <run_address>0x74cc</run_address>
         <size>0xdf</size>
         <input_file_ref idref="fl-143"/>
      </object_component>
      <object_component id="oc-1a7">
         <name>.debug_info</name>
         <load_address>0x75ab</load_address>
         <run_address>0x75ab</run_address>
         <size>0xdb</size>
         <input_file_ref idref="fl-141"/>
      </object_component>
      <object_component id="oc-1ab">
         <name>.debug_info</name>
         <load_address>0x7686</load_address>
         <run_address>0x7686</run_address>
         <size>0x1fd</size>
         <input_file_ref idref="fl-142"/>
      </object_component>
      <object_component id="oc-1b1">
         <name>.debug_info</name>
         <load_address>0x7883</load_address>
         <run_address>0x7883</run_address>
         <size>0x179</size>
         <input_file_ref idref="fl-13c"/>
      </object_component>
      <object_component id="oc-1b4">
         <name>.debug_info</name>
         <load_address>0x79fc</load_address>
         <run_address>0x79fc</run_address>
         <size>0x112</size>
         <input_file_ref idref="fl-13b"/>
      </object_component>
      <object_component id="oc-1cf">
         <name>.debug_info</name>
         <load_address>0x7b0e</load_address>
         <run_address>0x7b0e</run_address>
         <size>0x9b</size>
         <input_file_ref idref="fl-146"/>
      </object_component>
      <object_component id="oc-1d1">
         <name>.debug_info</name>
         <load_address>0x7ba9</load_address>
         <run_address>0x7ba9</run_address>
         <size>0x143</size>
         <input_file_ref idref="fl-149"/>
      </object_component>
      <object_component id="oc-1d7">
         <name>.debug_info</name>
         <load_address>0x7cec</load_address>
         <run_address>0x7cec</run_address>
         <size>0xaa</size>
         <input_file_ref idref="fl-148"/>
      </object_component>
      <object_component id="oc-1dd">
         <name>.debug_info</name>
         <load_address>0x7d96</load_address>
         <run_address>0x7d96</run_address>
         <size>0x126</size>
         <input_file_ref idref="fl-144"/>
      </object_component>
      <object_component id="oc-1e3">
         <name>.debug_info</name>
         <load_address>0x7ebc</load_address>
         <run_address>0x7ebc</run_address>
         <size>0x178</size>
         <input_file_ref idref="fl-145"/>
      </object_component>
      <object_component id="oc-1e9">
         <name>.debug_info</name>
         <load_address>0x8034</load_address>
         <run_address>0x8034</run_address>
         <size>0x175</size>
         <input_file_ref idref="fl-142"/>
      </object_component>
      <object_component id="oc-1ec">
         <name>.debug_info</name>
         <load_address>0x81a9</load_address>
         <run_address>0x81a9</run_address>
         <size>0x86</size>
         <input_file_ref idref="fl-2"/>
      </object_component>
      <object_component id="oc-1f3">
         <name>.debug_info</name>
         <load_address>0x822f</load_address>
         <run_address>0x822f</run_address>
         <size>0x17b</size>
         <input_file_ref idref="fl-13b"/>
      </object_component>
      <object_component id="oc-1f8">
         <name>.debug_info</name>
         <load_address>0x83aa</load_address>
         <run_address>0x83aa</run_address>
         <size>0x128</size>
         <input_file_ref idref="fl-14a"/>
      </object_component>
      <object_component id="oc-1fe">
         <name>.debug_info</name>
         <load_address>0x84d2</load_address>
         <run_address>0x84d2</run_address>
         <size>0xe2</size>
         <input_file_ref idref="fl-149"/>
      </object_component>
      <object_component id="oc-204">
         <name>.debug_info</name>
         <load_address>0x85b4</load_address>
         <run_address>0x85b4</run_address>
         <size>0x9b</size>
         <input_file_ref idref="fl-144"/>
      </object_component>
      <object_component id="oc-206">
         <name>.debug_info</name>
         <load_address>0x864f</load_address>
         <run_address>0x864f</run_address>
         <size>0xea</size>
         <input_file_ref idref="fl-145"/>
      </object_component>
      <object_component id="oc-20c">
         <name>.debug_info</name>
         <load_address>0x8739</load_address>
         <run_address>0x8739</run_address>
         <size>0x13e</size>
         <input_file_ref idref="fl-14b"/>
      </object_component>
      <object_component id="oc-212">
         <name>.debug_info</name>
         <load_address>0x8877</load_address>
         <run_address>0x8877</run_address>
         <size>0xd1</size>
         <input_file_ref idref="fl-14a"/>
      </object_component>
      <object_component id="oc-215">
         <name>.debug_info</name>
         <load_address>0x8948</load_address>
         <run_address>0x8948</run_address>
         <size>0x6f</size>
         <input_file_ref idref="fl-149"/>
      </object_component>
      <object_component id="oc-21a">
         <name>.debug_info</name>
         <load_address>0x89b7</load_address>
         <run_address>0x89b7</run_address>
         <size>0x112</size>
         <input_file_ref idref="fl-149"/>
      </object_component>
      <object_component id="oc-221">
         <name>.debug_info</name>
         <load_address>0x8ac9</load_address>
         <run_address>0x8ac9</run_address>
         <size>0xaf</size>
         <input_file_ref idref="fl-14b"/>
      </object_component>
      <object_component id="oc-224">
         <name>.debug_info</name>
         <load_address>0x8b78</load_address>
         <run_address>0x8b78</run_address>
         <size>0xf1</size>
         <input_file_ref idref="fl-14b"/>
      </object_component>
      <object_component id="oc-227">
         <name>.debug_info</name>
         <load_address>0x8c69</load_address>
         <run_address>0x8c69</run_address>
         <size>0x2c</size>
         <input_file_ref idref="fl-14a"/>
      </object_component>
      <object_component id="oc-253">
         <name>.debug_info</name>
         <load_address>0x8c95</load_address>
         <run_address>0x8c95</run_address>
         <size>0xae</size>
      </object_component>
      <object_component id="oc-10">
         <name>.debug_pubnames</name>
         <load_address>0x0</load_address>
         <run_address>0x0</run_address>
         <size>0x23</size>
         <input_file_ref idref="fl-4"/>
      </object_component>
      <object_component id="oc-14">
         <name>.debug_pubnames</name>
         <load_address>0x23</load_address>
         <run_address>0x23</run_address>
         <size>0x1f</size>
         <input_file_ref idref="fl-133"/>
      </object_component>
      <object_component id="oc-1a">
         <name>.debug_pubnames</name>
         <load_address>0x42</load_address>
         <run_address>0x42</run_address>
         <size>0x2b</size>
         <input_file_ref idref="fl-134"/>
      </object_component>
      <object_component id="oc-1f">
         <name>.debug_pubnames</name>
         <load_address>0x6d</load_address>
         <run_address>0x6d</run_address>
         <size>0x25</size>
         <input_file_ref idref="fl-136"/>
      </object_component>
      <object_component id="oc-26">
         <name>.debug_pubnames</name>
         <load_address>0x92</load_address>
         <run_address>0x92</run_address>
         <size>0x2c</size>
         <input_file_ref idref="fl-135"/>
      </object_component>
      <object_component id="oc-2c">
         <name>.debug_pubnames</name>
         <load_address>0xbe</load_address>
         <run_address>0xbe</run_address>
         <size>0x1f</size>
         <input_file_ref idref="fl-4"/>
      </object_component>
      <object_component id="oc-32">
         <name>.debug_pubnames</name>
         <load_address>0xdd</load_address>
         <run_address>0xdd</run_address>
         <size>0x1c</size>
         <input_file_ref idref="fl-4"/>
      </object_component>
      <object_component id="oc-38">
         <name>.debug_pubnames</name>
         <load_address>0xf9</load_address>
         <run_address>0xf9</run_address>
         <size>0x1f</size>
         <input_file_ref idref="fl-4"/>
      </object_component>
      <object_component id="oc-3e">
         <name>.debug_pubnames</name>
         <load_address>0x118</load_address>
         <run_address>0x118</run_address>
         <size>0x28</size>
         <input_file_ref idref="fl-4"/>
      </object_component>
      <object_component id="oc-44">
         <name>.debug_pubnames</name>
         <load_address>0x140</load_address>
         <run_address>0x140</run_address>
         <size>0x28</size>
         <input_file_ref idref="fl-2"/>
      </object_component>
      <object_component id="oc-4e">
         <name>.debug_pubnames</name>
         <load_address>0x168</load_address>
         <run_address>0x168</run_address>
         <size>0x37</size>
         <input_file_ref idref="fl-13f"/>
      </object_component>
      <object_component id="oc-52">
         <name>.debug_pubnames</name>
         <load_address>0x19f</load_address>
         <run_address>0x19f</run_address>
         <size>0x21</size>
         <input_file_ref idref="fl-13e"/>
      </object_component>
      <object_component id="oc-59">
         <name>.debug_pubnames</name>
         <load_address>0x1c0</load_address>
         <run_address>0x1c0</run_address>
         <size>0x35</size>
         <input_file_ref idref="fl-137"/>
      </object_component>
      <object_component id="oc-5d">
         <name>.debug_pubnames</name>
         <load_address>0x1f5</load_address>
         <run_address>0x1f5</run_address>
         <size>0x23</size>
         <input_file_ref idref="fl-13a"/>
      </object_component>
      <object_component id="oc-62">
         <name>.debug_pubnames</name>
         <load_address>0x218</load_address>
         <run_address>0x218</run_address>
         <size>0x1d</size>
         <input_file_ref idref="fl-138"/>
      </object_component>
      <object_component id="oc-76">
         <name>.debug_pubnames</name>
         <load_address>0x235</load_address>
         <run_address>0x235</run_address>
         <size>0x2f</size>
         <input_file_ref idref="fl-135"/>
      </object_component>
      <object_component id="oc-86">
         <name>.debug_pubnames</name>
         <load_address>0x264</load_address>
         <run_address>0x264</run_address>
         <size>0x27</size>
         <input_file_ref idref="fl-2"/>
      </object_component>
      <object_component id="oc-8c">
         <name>.debug_pubnames</name>
         <load_address>0x28b</load_address>
         <run_address>0x28b</run_address>
         <size>0x21</size>
         <input_file_ref idref="fl-2"/>
      </object_component>
      <object_component id="oc-91">
         <name>.debug_pubnames</name>
         <load_address>0x2ac</load_address>
         <run_address>0x2ac</run_address>
         <size>0x22</size>
         <input_file_ref idref="fl-2"/>
      </object_component>
      <object_component id="oc-9e">
         <name>.debug_pubnames</name>
         <load_address>0x2ce</load_address>
         <run_address>0x2ce</run_address>
         <size>0x1e</size>
         <input_file_ref idref="fl-140"/>
      </object_component>
      <object_component id="oc-a5">
         <name>.debug_pubnames</name>
         <load_address>0x2ec</load_address>
         <run_address>0x2ec</run_address>
         <size>0x1b</size>
         <input_file_ref idref="fl-2"/>
      </object_component>
      <object_component id="oc-ac">
         <name>.debug_pubnames</name>
         <load_address>0x307</load_address>
         <run_address>0x307</run_address>
         <size>0x28</size>
         <input_file_ref idref="fl-13d"/>
      </object_component>
      <object_component id="oc-af">
         <name>.debug_pubnames</name>
         <load_address>0x32f</load_address>
         <run_address>0x32f</run_address>
         <size>0x3a</size>
         <input_file_ref idref="fl-137"/>
      </object_component>
      <object_component id="oc-ca">
         <name>.debug_pubnames</name>
         <load_address>0x369</load_address>
         <run_address>0x369</run_address>
         <size>0x2a</size>
         <input_file_ref idref="fl-2"/>
      </object_component>
      <object_component id="oc-cd">
         <name>.debug_pubnames</name>
         <load_address>0x393</load_address>
         <run_address>0x393</run_address>
         <size>0x24</size>
         <input_file_ref idref="fl-2"/>
      </object_component>
      <object_component id="oc-d2">
         <name>.debug_pubnames</name>
         <load_address>0x3b7</load_address>
         <run_address>0x3b7</run_address>
         <size>0x1b</size>
         <input_file_ref idref="fl-139"/>
      </object_component>
      <object_component id="oc-113">
         <name>.debug_pubnames</name>
         <load_address>0x3d2</load_address>
         <run_address>0x3d2</run_address>
         <size>0x28</size>
         <input_file_ref idref="fl-2"/>
      </object_component>
      <object_component id="oc-118">
         <name>.debug_pubnames</name>
         <load_address>0x3fa</load_address>
         <run_address>0x3fa</run_address>
         <size>0x1f</size>
         <input_file_ref idref="fl-2"/>
      </object_component>
      <object_component id="oc-124">
         <name>.debug_pubnames</name>
         <load_address>0x419</load_address>
         <run_address>0x419</run_address>
         <size>0x43</size>
         <input_file_ref idref="fl-13d"/>
      </object_component>
      <object_component id="oc-140">
         <name>.debug_pubnames</name>
         <load_address>0x45c</load_address>
         <run_address>0x45c</run_address>
         <size>0x1c</size>
         <input_file_ref idref="fl-13b"/>
      </object_component>
      <object_component id="oc-197">
         <name>.debug_pubnames</name>
         <load_address>0x478</load_address>
         <run_address>0x478</run_address>
         <size>0x1e</size>
         <input_file_ref idref="fl-146"/>
      </object_component>
      <object_component id="oc-19d">
         <name>.debug_pubnames</name>
         <load_address>0x496</load_address>
         <run_address>0x496</run_address>
         <size>0x1f</size>
         <input_file_ref idref="fl-147"/>
      </object_component>
      <object_component id="oc-1a4">
         <name>.debug_pubnames</name>
         <load_address>0x4b5</load_address>
         <run_address>0x4b5</run_address>
         <size>0x22</size>
         <input_file_ref idref="fl-143"/>
      </object_component>
      <object_component id="oc-1a9">
         <name>.debug_pubnames</name>
         <load_address>0x4d7</load_address>
         <run_address>0x4d7</run_address>
         <size>0x26</size>
         <input_file_ref idref="fl-141"/>
      </object_component>
      <object_component id="oc-1ad">
         <name>.debug_pubnames</name>
         <load_address>0x4fd</load_address>
         <run_address>0x4fd</run_address>
         <size>0x1c</size>
         <input_file_ref idref="fl-142"/>
      </object_component>
      <object_component id="oc-1b2">
         <name>.debug_pubnames</name>
         <load_address>0x519</load_address>
         <run_address>0x519</run_address>
         <size>0x6a</size>
         <input_file_ref idref="fl-13c"/>
      </object_component>
      <object_component id="oc-1b5">
         <name>.debug_pubnames</name>
         <load_address>0x583</load_address>
         <run_address>0x583</run_address>
         <size>0x42</size>
         <input_file_ref idref="fl-13b"/>
      </object_component>
      <object_component id="oc-1d3">
         <name>.debug_pubnames</name>
         <load_address>0x5c5</load_address>
         <run_address>0x5c5</run_address>
         <size>0x24</size>
         <input_file_ref idref="fl-149"/>
      </object_component>
      <object_component id="oc-1d8">
         <name>.debug_pubnames</name>
         <load_address>0x5e9</load_address>
         <run_address>0x5e9</run_address>
         <size>0x1d</size>
         <input_file_ref idref="fl-148"/>
      </object_component>
      <object_component id="oc-1df">
         <name>.debug_pubnames</name>
         <load_address>0x606</load_address>
         <run_address>0x606</run_address>
         <size>0x1e</size>
         <input_file_ref idref="fl-144"/>
      </object_component>
      <object_component id="oc-1e5">
         <name>.debug_pubnames</name>
         <load_address>0x624</load_address>
         <run_address>0x624</run_address>
         <size>0x1f</size>
         <input_file_ref idref="fl-145"/>
      </object_component>
      <object_component id="oc-1fa">
         <name>.debug_pubnames</name>
         <load_address>0x643</load_address>
         <run_address>0x643</run_address>
         <size>0x1c</size>
         <input_file_ref idref="fl-14a"/>
      </object_component>
      <object_component id="oc-1ff">
         <name>.debug_pubnames</name>
         <load_address>0x65f</load_address>
         <run_address>0x65f</run_address>
         <size>0x31</size>
         <input_file_ref idref="fl-149"/>
      </object_component>
      <object_component id="oc-20e">
         <name>.debug_pubnames</name>
         <load_address>0x690</load_address>
         <run_address>0x690</run_address>
         <size>0x1d</size>
         <input_file_ref idref="fl-14b"/>
      </object_component>
      <object_component id="oc-222">
         <name>.debug_pubnames</name>
         <load_address>0x6ad</load_address>
         <run_address>0x6ad</run_address>
         <size>0x1f</size>
         <input_file_ref idref="fl-14b"/>
      </object_component>
      <object_component id="oc-13">
         <name>.debug_aranges</name>
         <load_address>0x0</load_address>
         <run_address>0x0</run_address>
         <size>0x20</size>
         <input_file_ref idref="fl-133"/>
      </object_component>
      <object_component id="oc-17">
         <name>.debug_aranges</name>
         <load_address>0x20</load_address>
         <run_address>0x20</run_address>
         <size>0x20</size>
         <input_file_ref idref="fl-134"/>
      </object_component>
      <object_component id="oc-1e">
         <name>.debug_aranges</name>
         <load_address>0x40</load_address>
         <run_address>0x40</run_address>
         <size>0x20</size>
         <input_file_ref idref="fl-136"/>
      </object_component>
      <object_component id="oc-25">
         <name>.debug_aranges</name>
         <load_address>0x60</load_address>
         <run_address>0x60</run_address>
         <size>0x20</size>
         <input_file_ref idref="fl-135"/>
      </object_component>
      <object_component id="oc-2b">
         <name>.debug_aranges</name>
         <load_address>0x80</load_address>
         <run_address>0x80</run_address>
         <size>0x20</size>
         <input_file_ref idref="fl-4"/>
      </object_component>
      <object_component id="oc-31">
         <name>.debug_aranges</name>
         <load_address>0xa0</load_address>
         <run_address>0xa0</run_address>
         <size>0x20</size>
         <input_file_ref idref="fl-4"/>
      </object_component>
      <object_component id="oc-37">
         <name>.debug_aranges</name>
         <load_address>0xc0</load_address>
         <run_address>0xc0</run_address>
         <size>0x20</size>
         <input_file_ref idref="fl-4"/>
      </object_component>
      <object_component id="oc-3d">
         <name>.debug_aranges</name>
         <load_address>0xe0</load_address>
         <run_address>0xe0</run_address>
         <size>0x20</size>
         <input_file_ref idref="fl-4"/>
      </object_component>
      <object_component id="oc-43">
         <name>.debug_aranges</name>
         <load_address>0x100</load_address>
         <run_address>0x100</run_address>
         <size>0x20</size>
         <input_file_ref idref="fl-2"/>
      </object_component>
      <object_component id="oc-4d">
         <name>.debug_aranges</name>
         <load_address>0x120</load_address>
         <run_address>0x120</run_address>
         <size>0x28</size>
         <input_file_ref idref="fl-13f"/>
      </object_component>
      <object_component id="oc-51">
         <name>.debug_aranges</name>
         <load_address>0x148</load_address>
         <run_address>0x148</run_address>
         <size>0x20</size>
         <input_file_ref idref="fl-13e"/>
      </object_component>
      <object_component id="oc-58">
         <name>.debug_aranges</name>
         <load_address>0x168</load_address>
         <run_address>0x168</run_address>
         <size>0x30</size>
         <input_file_ref idref="fl-137"/>
      </object_component>
      <object_component id="oc-61">
         <name>.debug_aranges</name>
         <load_address>0x198</load_address>
         <run_address>0x198</run_address>
         <size>0x20</size>
         <input_file_ref idref="fl-138"/>
      </object_component>
      <object_component id="oc-75">
         <name>.debug_aranges</name>
         <load_address>0x1b8</load_address>
         <run_address>0x1b8</run_address>
         <size>0x20</size>
         <input_file_ref idref="fl-135"/>
      </object_component>
      <object_component id="oc-85">
         <name>.debug_aranges</name>
         <load_address>0x1d8</load_address>
         <run_address>0x1d8</run_address>
         <size>0x20</size>
         <input_file_ref idref="fl-2"/>
      </object_component>
      <object_component id="oc-8b">
         <name>.debug_aranges</name>
         <load_address>0x1f8</load_address>
         <run_address>0x1f8</run_address>
         <size>0x20</size>
         <input_file_ref idref="fl-2"/>
      </object_component>
      <object_component id="oc-9d">
         <name>.debug_aranges</name>
         <load_address>0x218</load_address>
         <run_address>0x218</run_address>
         <size>0x20</size>
         <input_file_ref idref="fl-140"/>
      </object_component>
      <object_component id="oc-a4">
         <name>.debug_aranges</name>
         <load_address>0x238</load_address>
         <run_address>0x238</run_address>
         <size>0x20</size>
         <input_file_ref idref="fl-2"/>
      </object_component>
      <object_component id="oc-d1">
         <name>.debug_aranges</name>
         <load_address>0x258</load_address>
         <run_address>0x258</run_address>
         <size>0x20</size>
         <input_file_ref idref="fl-139"/>
      </object_component>
      <object_component id="oc-112">
         <name>.debug_aranges</name>
         <load_address>0x278</load_address>
         <run_address>0x278</run_address>
         <size>0x20</size>
         <input_file_ref idref="fl-2"/>
      </object_component>
      <object_component id="oc-123">
         <name>.debug_aranges</name>
         <load_address>0x298</load_address>
         <run_address>0x298</run_address>
         <size>0x30</size>
         <input_file_ref idref="fl-13d"/>
      </object_component>
      <object_component id="oc-13f">
         <name>.debug_aranges</name>
         <load_address>0x2c8</load_address>
         <run_address>0x2c8</run_address>
         <size>0x20</size>
         <input_file_ref idref="fl-13b"/>
      </object_component>
      <object_component id="oc-196">
         <name>.debug_aranges</name>
         <load_address>0x2e8</load_address>
         <run_address>0x2e8</run_address>
         <size>0x20</size>
         <input_file_ref idref="fl-146"/>
      </object_component>
      <object_component id="oc-19c">
         <name>.debug_aranges</name>
         <load_address>0x308</load_address>
         <run_address>0x308</run_address>
         <size>0x20</size>
         <input_file_ref idref="fl-147"/>
      </object_component>
      <object_component id="oc-1a3">
         <name>.debug_aranges</name>
         <load_address>0x328</load_address>
         <run_address>0x328</run_address>
         <size>0x20</size>
         <input_file_ref idref="fl-143"/>
      </object_component>
      <object_component id="oc-1a8">
         <name>.debug_aranges</name>
         <load_address>0x348</load_address>
         <run_address>0x348</run_address>
         <size>0x20</size>
         <input_file_ref idref="fl-141"/>
      </object_component>
      <object_component id="oc-1ac">
         <name>.debug_aranges</name>
         <load_address>0x368</load_address>
         <run_address>0x368</run_address>
         <size>0x20</size>
         <input_file_ref idref="fl-142"/>
      </object_component>
      <object_component id="oc-1d2">
         <name>.debug_aranges</name>
         <load_address>0x388</load_address>
         <run_address>0x388</run_address>
         <size>0x20</size>
         <input_file_ref idref="fl-149"/>
      </object_component>
      <object_component id="oc-1de">
         <name>.debug_aranges</name>
         <load_address>0x3a8</load_address>
         <run_address>0x3a8</run_address>
         <size>0x20</size>
         <input_file_ref idref="fl-144"/>
      </object_component>
      <object_component id="oc-1e4">
         <name>.debug_aranges</name>
         <load_address>0x3c8</load_address>
         <run_address>0x3c8</run_address>
         <size>0x20</size>
         <input_file_ref idref="fl-145"/>
      </object_component>
      <object_component id="oc-1f9">
         <name>.debug_aranges</name>
         <load_address>0x3e8</load_address>
         <run_address>0x3e8</run_address>
         <size>0x20</size>
         <input_file_ref idref="fl-14a"/>
      </object_component>
      <object_component id="oc-20d">
         <name>.debug_aranges</name>
         <load_address>0x408</load_address>
         <run_address>0x408</run_address>
         <size>0x20</size>
         <input_file_ref idref="fl-14b"/>
      </object_component>
      <object_component id="oc-15">
         <name>.debug_line</name>
         <load_address>0x0</load_address>
         <run_address>0x0</run_address>
         <size>0x4f</size>
         <input_file_ref idref="fl-133"/>
      </object_component>
      <object_component id="oc-1b">
         <name>.debug_line</name>
         <load_address>0x4f</load_address>
         <run_address>0x4f</run_address>
         <size>0x55</size>
         <input_file_ref idref="fl-134"/>
      </object_component>
      <object_component id="oc-20">
         <name>.debug_line</name>
         <load_address>0xa4</load_address>
         <run_address>0xa4</run_address>
         <size>0x4c</size>
         <input_file_ref idref="fl-136"/>
      </object_component>
      <object_component id="oc-23">
         <name>.debug_line</name>
         <load_address>0xf0</load_address>
         <run_address>0xf0</run_address>
         <size>0x4b</size>
         <input_file_ref idref="fl-135"/>
      </object_component>
      <object_component id="oc-2d">
         <name>.debug_line</name>
         <load_address>0x13b</load_address>
         <run_address>0x13b</run_address>
         <size>0x46</size>
         <input_file_ref idref="fl-4"/>
      </object_component>
      <object_component id="oc-33">
         <name>.debug_line</name>
         <load_address>0x181</load_address>
         <run_address>0x181</run_address>
         <size>0x49</size>
         <input_file_ref idref="fl-4"/>
      </object_component>
      <object_component id="oc-39">
         <name>.debug_line</name>
         <load_address>0x1ca</load_address>
         <run_address>0x1ca</run_address>
         <size>0x49</size>
         <input_file_ref idref="fl-4"/>
      </object_component>
      <object_component id="oc-3f">
         <name>.debug_line</name>
         <load_address>0x213</load_address>
         <run_address>0x213</run_address>
         <size>0x49</size>
         <input_file_ref idref="fl-4"/>
      </object_component>
      <object_component id="oc-45">
         <name>.debug_line</name>
         <load_address>0x25c</load_address>
         <run_address>0x25c</run_address>
         <size>0x58</size>
         <input_file_ref idref="fl-2"/>
      </object_component>
      <object_component id="oc-48">
         <name>.debug_line</name>
         <load_address>0x2b4</load_address>
         <run_address>0x2b4</run_address>
         <size>0x34</size>
         <input_file_ref idref="fl-4"/>
      </object_component>
      <object_component id="oc-4b">
         <name>.debug_line</name>
         <load_address>0x2e8</load_address>
         <run_address>0x2e8</run_address>
         <size>0x87</size>
         <input_file_ref idref="fl-13f"/>
      </object_component>
      <object_component id="oc-53">
         <name>.debug_line</name>
         <load_address>0x36f</load_address>
         <run_address>0x36f</run_address>
         <size>0x50</size>
         <input_file_ref idref="fl-13e"/>
      </object_component>
      <object_component id="oc-56">
         <name>.debug_line</name>
         <load_address>0x3bf</load_address>
         <run_address>0x3bf</run_address>
         <size>0x7a</size>
         <input_file_ref idref="fl-137"/>
      </object_component>
      <object_component id="oc-63">
         <name>.debug_line</name>
         <load_address>0x439</load_address>
         <run_address>0x439</run_address>
         <size>0x88</size>
         <input_file_ref idref="fl-138"/>
      </object_component>
      <object_component id="oc-68">
         <name>.debug_line</name>
         <load_address>0x4c1</load_address>
         <run_address>0x4c1</run_address>
         <size>0x3a</size>
         <input_file_ref idref="fl-134"/>
      </object_component>
      <object_component id="oc-6f">
         <name>.debug_line</name>
         <load_address>0x4fb</load_address>
         <run_address>0x4fb</run_address>
         <size>0x34</size>
         <input_file_ref idref="fl-136"/>
      </object_component>
      <object_component id="oc-73">
         <name>.debug_line</name>
         <load_address>0x52f</load_address>
         <run_address>0x52f</run_address>
         <size>0x8c</size>
         <input_file_ref idref="fl-135"/>
      </object_component>
      <object_component id="oc-7d">
         <name>.debug_line</name>
         <load_address>0x5bb</load_address>
         <run_address>0x5bb</run_address>
         <size>0x39</size>
         <input_file_ref idref="fl-135"/>
      </object_component>
      <object_component id="oc-87">
         <name>.debug_line</name>
         <load_address>0x5f4</load_address>
         <run_address>0x5f4</run_address>
         <size>0xc3</size>
         <input_file_ref idref="fl-2"/>
      </object_component>
      <object_component id="oc-8d">
         <name>.debug_line</name>
         <load_address>0x6b7</load_address>
         <run_address>0x6b7</run_address>
         <size>0x75</size>
         <input_file_ref idref="fl-2"/>
      </object_component>
      <object_component id="oc-97">
         <name>.debug_line</name>
         <load_address>0x72c</load_address>
         <run_address>0x72c</run_address>
         <size>0x20</size>
         <input_file_ref idref="fl-2"/>
      </object_component>
      <object_component id="oc-9a">
         <name>.debug_line</name>
[...]
         <name>SEGMENT_0</name>
         <load_address>0x0</load_address>
         <run_address>0x0</run_address>
         <size>0x1580</size>
         <flags>0x5</flags>
         <contents>
            <logical_group_ref idref="lg-3"/>
            <logical_group_ref idref="lg-4"/>
            <logical_group_ref idref="lg-5"/>
            <logical_group_ref idref="lg-6"/>
         </contents>
      </load_segment>
      <load_segment id="lg-258" display="no" color="cyan">
         <name>SEGMENT_1</name>
         <run_address>0x20000000</run_address>
         <size>0xa0c</size>
         <flags>0x6</flags>
         <contents>
            <logical_group_ref idref="lg-d"/>
            <logical_group_ref idref="lg-a"/>
            <logical_group_ref idref="lg-b"/>
         </contents>
      </load_segment>
   </logical_group_list>
   <placement_map>
      <memory_area display="yes" color="green">
         <name>FLASH</name>
         <page_id>0x0</page_id>
         <origin>0x0</origin>
         <length>0x40000</length>
         <used_space>0x157a</used_space>
         <unused_space>0x3ea86</unused_space>
         <attributes>RX</attributes>
         <usage_details>
            <allocated_space>
               <start_address>0x0</start_address>
               <size>0x26c</size>
               <logical_group_ref idref="lg-3"/>
            </allocated_space>
            <allocated_space>
               <start_address>0x26c</start_address>
               <size>0x11c2</size>
               <logical_group_ref idref="lg-4"/>
            </allocated_space>
            <available_space>
               <start_address>0x142e</start_address>
               <size>0x2</size>
            </available_space>
            <allocated_space>
               <start_address>0x1430</start_address>
               <size>0xd4</size>
               <logical_group_ref idref="lg-5"/>
            </allocated_space>
            <available_space>
               <start_address>0x1504</start_address>
               <size>0x4</size>
            </available_space>
            <allocated_space>
               <start_address>0x1508</start_address>
               <size>0x78</size>
               <logical_group_ref idref="lg-6"/>
            </allocated_space>
            <available_space>
               <start_address>0x1580</start_address>
               <size>0x3ea80</size>
            </available_space>
         </usage_details>
      </memory_area>
      <memory_area display="yes" color="green">
         <name>SRAM</name>
         <page_id>0x0</page_id>
         <origin>0x20000000</origin>
         <length>0x8000</length>
         <used_space>0xa0c</used_space>
         <unused_space>0x75f4</unused_space>
         <attributes>RWX</attributes>
         <usage_details>
            <allocated_space>
               <start_address>0x20000000</start_address>
               <size>0x800</size>
               <logical_group_ref idref="lg-d"/>
            </allocated_space>
            <allocated_space>
               <start_address>0x20000800</start_address>
               <size>0x154</size>
               <logical_group_ref idref="lg-a"/>
            </allocated_space>
            <allocated_space>
               <start_address>0x20000954</start_address>
               <size>0xb8</size>
               <logical_group_ref idref="lg-b"/>
            </allocated_space>
            <available_space>
               <start_address>0x20000a0c</start_address>
               <size>0x75f4</size>
            </available_space>
         </usage_details>
      </memory_area>
   </placement_map>
   <cptbl_list>
      <cptbl>
         <name>__TI_cinit_table</name>
         <cprec>
            <name>.data</name>
            <load_address>0x1508</load_address>
            <load_size>0x50</load_size>
            <run_address>0x20000800</run_address>
            <run_size>0x154</run_size>
            <compression>rle</compression>
         </cprec>
         <cprec>
            <name>.bss</name>
            <load_address>0x1568</load_address>
            <load_size>0x8</load_size>
            <run_address>0x20000954</run_address>
            <run_size>0xb8</run_size>
            <compression>zero_init</compression>
         </cprec>
      </cptbl>
   </cptbl_list>
   <handler_table>
      <handler_table_name>__TI_handler_table</handler_table_name>
      <handler>
         <index>0x0</index>
         <name>__TI_decompress_rle24</name>
      </handler>
      <handler>
         <index>0x1</index>
         <name>__TI_decompress_none</name>
      </handler>
      <handler>
         <index>0x2</index>
         <name>__TI_zero_init</name>
      </handler>
   </handler_table>
   <symbol_table>
      <symbol id="sm-1">
         <name>__STACK_TOP</name>
         <value>0x20000800</value>
      </symbol>
      <symbol id="sm-2">
         <name>__TI_CINIT_Base</name>
         <value>0x1570</value>
      </symbol>
      <symbol id="sm-3">
         <name>__TI_CINIT_Limit</name>
         <value>0x1580</value>
      </symbol>
      <symbol id="sm-4">
         <name>__TI_Handler_Table_Base</name>
         <value>0x1558</value>
      </symbol>
      <symbol id="sm-5">
         <name>__TI_Handler_Table_Limit</name>
         <value>0x1564</value>
      </symbol>
      <symbol id="sm-6">
         <name>binit</name>
         <value>0xffffffff</value>
      </symbol>
      <symbol id="sm-7">
         <name>__binit__</name>
         <value>0xffffffff</value>
      </symbol>
      <symbol id="sm-8">
         <name>__STACK_SIZE</name>
         <value>0x800</value>
      </symbol>
      <symbol id="sm-9">
         <name>__STACK_END</name>
         <value>0x20000800</value>
      </symbol>
      <symbol id="sm-a">
         <name>__c_args__</name>
         <value>0xffffffff</value>
      </symbol>
      <symbol id="sm-c0">
         <name>SysTickIntHandler</name>
         <value>0xe99</value>
         <object_component_ref idref="oc-41"/>
      </symbol>
      <symbol id="sm-c1">
         <name>g_sAppState</name>
         <value>0x200009d4</value>
         <object_component_ref idref="oc-8f"/>
      </symbol>
      <symbol id="sm-c2">
         <name>main</name>
         <value>0x26d</value>
         <object_component_ref idref="oc-a2"/>
      </symbol>
      <symbol id="sm-c3">
         <name>AppButtonHandler</name>
         <value>0xa5d</value>
         <object_component_ref idref="oc-83"/>
      </symbol>
      <symbol id="sm-c4">
         <name>AppRainbow</name>
         <value>0x97d</value>
         <object_component_ref idref="oc-89"/>
      </symbol>
      <symbol id="sm-c5">
         <name>AppHibernateEnter</name>
         <value>0xe21</value>
         <object_component_ref idref="oc-110"/>
      </symbol>
      <symbol id="sm-f7">
         <name>ResetISR</name>
         <value>0x1417</value>
         <object_component_ref idref="oc-29"/>
      </symbol>
      <symbol id="sm-f8">
         <name>g_pfnVectors</name>
         <value>0x0</value>
         <object_component_ref idref="oc-e"/>
      </symbol>
      <symbol id="sm-108">
         <name>_c_int00</name>
         <value>0x1015</value>
         <object_component_ref idref="oc-11"/>
      </symbol>
      <symbol id="sm-109">
         <name>__stack</name>
         <value>0x20000000</value>
         <object_component_ref idref="oc-28"/>
      </symbol>
      <symbol id="sm-120">
         <name>__TI_decompress_none</name>
         <value>0x13e5</value>
         <object_component_ref idref="oc-16"/>
      </symbol>
      <symbol id="sm-144">
         <name>__TI_decompress_rle24</name>
         <value>0x1423</value>
         <object_component_ref idref="oc-22"/>
      </symbol>
      <symbol id="sm-15d">
         <name>__TI_zero_init</name>
         <value>0x1391</value>
         <object_component_ref idref="oc-1c"/>
      </symbol>
      <symbol id="sm-17c">
         <name>C$$EXIT</name>
         <value>0x10a1</value>
         <object_component_ref idref="oc-55"/>
      </symbol>
      <symbol id="sm-17d">
         <name>abort</name>
         <value>0x10a5</value>
         <object_component_ref idref="oc-55"/>
      </symbol>
      <symbol id="sm-17e">
         <name>exit</name>
         <value>0x10ad</value>
         <object_component_ref idref="oc-55"/>
      </symbol>
      <symbol id="sm-17f">
         <name>__TI_dtors_ptr</name>
         <value>0x20000940</value>
         <object_component_ref idref="oc-ad"/>
      </symbol>
      <symbol id="sm-180">
         <name>__TI_cleanup_ptr</name>
         <value>0x2000093c</value>
         <object_component_ref idref="oc-ad"/>
      </symbol>
      <symbol id="sm-19b">
         <name>memcpy</name>
         <value>0xbf1</value>
         <object_component_ref idref="oc-5f"/>
      </symbol>
      <symbol id="sm-19c">
         <name>__aeabi_memcpy</name>
         <value>0xbf1</value>
         <object_component_ref idref="oc-5f"/>
      </symbol>
      <symbol id="sm-19d">
         <name>__aeabi_memcpy8</name>
         <value>0xbf1</value>
         <object_component_ref idref="oc-5f"/>
      </symbol>
      <symbol id="sm-19e">
         <name>__aeabi_memcpy4</name>
         <value>0xbf1</value>
         <object_component_ref idref="oc-5f"/>
      </symbol>
      <symbol id="sm-1ab">
         <name>sinf</name>
         <value>0x1429</value>
         <object_component_ref idref="oc-cf"/>
      </symbol>
      <symbol id="sm-1b3">
         <name>main_func_sp</name>
         <value>0x20000950</value>
         <object_component_ref idref="oc-5b"/>
      </symbol>
      <symbol id="sm-1e7">
         <name>_FSin</name>
         <value>0x6e9</value>
         <object_component_ref idref="oc-13d"/>
      </symbol>
      <symbol id="sm-1f6">
         <name>_FZero</name>
         <value>0x20000914</value>
         <object_component_ref idref="oc-1b0"/>
      </symbol>
      <symbol id="sm-1f7">
         <name>_FRteps</name>
         <value>0x20000900</value>
         <object_component_ref idref="oc-1b0"/>
      </symbol>
      <symbol id="sm-1f8">
         <name>_FSnan</name>
         <value>0x200008f0</value>
         <object_component_ref idref="oc-1b0"/>
      </symbol>
      <symbol id="sm-1f9">
         <name>_FNan</name>
         <value>0x200008e0</value>
         <object_component_ref idref="oc-1b0"/>
      </symbol>
      <symbol id="sm-1fa">
         <name>_FInf</name>
         <value>0x200008d0</value>
         <object_component_ref idref="oc-1b0"/>
      </symbol>
      <symbol id="sm-1fb">
         <name>_FEps</name>
         <value>0x200008c0</value>
         <object_component_ref idref="oc-1b0"/>
      </symbol>
      <symbol id="sm-1fc">
         <name>_FXbig</name>
         <value>0x20000910</value>
         <object_component_ref idref="oc-1b0"/>
      </symbol>
      <symbol id="sm-1fd">
         <name>_FDenorm</name>
         <value>0x200008b0</value>
         <object_component_ref idref="oc-1b0"/>
      </symbol>
      <symbol id="sm-216">
         <name>_nop</name>
         <value>0x138b</value>
         <object_component_ref idref="oc-121"/>
      </symbol>
      <symbol id="sm-217">
         <name>_lock</name>
         <value>0x20000934</value>
         <object_component_ref idref="oc-aa"/>
      </symbol>
      <symbol id="sm-218">
         <name>_unlock</name>
         <value>0x20000938</value>
         <object_component_ref idref="oc-aa"/>
      </symbol>
      <symbol id="sm-219">
         <name>_register_lock</name>
         <value>0x1383</value>
         <object_component_ref idref="oc-121"/>
      </symbol>
      <symbol id="sm-21a">
         <name>_register_unlock</name>
         <value>0x137d</value>
         <object_component_ref idref="oc-121"/>
      </symbol>
      <symbol id="sm-22e">
         <name>_args_main</name>
         <value>0x12c5</value>
         <object_component_ref idref="oc-4f"/>
      </symbol>
      <symbol id="sm-24b">
         <name>__TI_auto_init</name>
         <value>0xc8d</value>
         <object_component_ref idref="oc-4a"/>
      </symbol>
      <symbol id="sm-264">
         <name>copy_in</name>
         <value>0x105d</value>
         <object_component_ref idref="oc-9b"/>
      </symbol>
      <symbol id="sm-276">
         <name>__aeabi_cdcmpeq</name>
         <value>0xd21</value>
         <object_component_ref idref="oc-1a5"/>
      </symbol>
      <symbol id="sm-277">
         <name>__aeabi_cdcmple</name>
         <value>0xd21</value>
         <object_component_ref idref="oc-1a5"/>
      </symbol>
      <symbol id="sm-297">
         <name>fmodf</name>
         <value>0x859</value>
         <object_component_ref idref="oc-1aa"/>
      </symbol>
      <symbol id="sm-2a2">
         <name>__aeabi_f2d</name>
         <value>0x115d</value>
         <object_component_ref idref="oc-1a0"/>
      </symbol>
      <symbol id="sm-2b6">
         <name>_FDnorm</name>
         <value>0xda7</value>
         <object_component_ref idref="oc-1dc"/>
      </symbol>
      <symbol id="sm-2d0">
         <name>_FDscale</name>
         <value>0xb31</value>
         <object_component_ref idref="oc-1e2"/>
      </symbol>
      <symbol id="sm-2e2">
         <name>_FDtest</name>
         <value>0x11c9</value>
         <object_component_ref idref="oc-194"/>
      </symbol>
      <symbol id="sm-2f1">
         <name>_Feraise</name>
         <value>0x11fd</value>
         <object_component_ref idref="oc-19a"/>
      </symbol>
      <symbol id="sm-2f9">
         <name>_Errno</name>
         <value>0x2000094c</value>
         <object_component_ref idref="oc-1d6"/>
      </symbol>
      <symbol id="sm-317">
         <name>feraiseexcept</name>
         <value>0x1195</value>
         <object_component_ref idref="oc-1d0"/>
      </symbol>
      <symbol id="sm-318">
         <name>_Tls_setup__Fenv</name>
         <value>0x20000948</value>
         <object_component_ref idref="oc-1fd"/>
      </symbol>
      <symbol id="sm-319">
         <name>_Fenv</name>
         <value>0x20000944</value>
         <object_component_ref idref="oc-1fd"/>
      </symbol>
      <symbol id="sm-32d">
         <name>raise</name>
         <value>0x122d</value>
         <object_component_ref idref="oc-1f7"/>
      </symbol>
      <symbol id="sm-347">
         <name>signal</name>
         <value>0x10e5</value>
         <object_component_ref idref="oc-20b"/>
      </symbol>
      <symbol id="sm-36c">
         <name>SysTickEnable</name>
         <value>0x1355</value>
         <object_component_ref idref="oc-103"/>
      </symbol>
      <symbol id="sm-36d">
         <name>SysTickIntEnable</name>
         <value>0x1369</value>
         <object_component_ref idref="oc-107"/>
      </symbol>
      <symbol id="sm-36e">
         <name>SysTickPeriodSet</name>
         <value>0x13d5</value>
         <object_component_ref idref="oc-ff"/>
      </symbol>
      <symbol id="sm-3d0">
         <name>SysCtlResetCauseGet</name>
         <value>0x1401</value>
         <object_component_ref idref="oc-df"/>
      </symbol>
      <symbol id="sm-3d1">
         <name>SysCtlDelay</name>
         <value>0x141d</value>
         <object_component_ref idref="oc-10f"/>
      </symbol>
      <symbol id="sm-3d2">
         <name>SysCtlPeripheralEnable</name>
         <value>0xf71</value>
         <object_component_ref idref="oc-db"/>
      </symbol>
      <symbol id="sm-3d3">
         <name>SysCtlClockGet</name>
         <value>0x511</value>
         <object_component_ref idref="oc-f7"/>
      </symbol>
      <symbol id="sm-3d4">
         <name>SysCtlResetCauseClear</name>
         <value>0x1341</value>
         <object_component_ref idref="oc-e3"/>
      </symbol>
      <symbol id="sm-3dc">
         <name>IntMasterEnable</name>
         <value>0x140d</value>
         <object_component_ref idref="oc-10b"/>
      </symbol>
      <symbol id="sm-466">
         <name>HibernateDataSet</name>
         <value>0x125d</value>
         <object_component_ref idref="oc-186"/>
      </symbol>
      <symbol id="sm-467">
         <name>HibernateIntClear</name>
         <value>0x12f1</value>
         <object_component_ref idref="oc-ef"/>
      </symbol>
      <symbol id="sm-468">
         <name>HibernateRTCSet</name>
         <value>0x13c5</value>
         <object_component_ref idref="oc-176"/>
      </symbol>
      <symbol id="sm-469">
         <name>HibernateWakeSet</name>
         <value>0x132d</value>
         <object_component_ref idref="oc-182"/>
      </symbol>
      <symbol id="sm-46a">
         <name>HibernateEnableExpClk</name>
         <value>0xfc9</value>
         <object_component_ref idref="oc-fb"/>
      </symbol>
      <symbol id="sm-46b">
         <name>HibernateRTCMatch0Set</name>
         <value>0x13b5</value>
         <object_component_ref idref="oc-17e"/>
      </symbol>
      <symbol id="sm-46c">
         <name>HibernateWriteComplete</name>
         <value>0x1125</value>
         <object_component_ref idref="oc-15d"/>
      </symbol>
      <symbol id="sm-46d">
         <name>HibernateRequest</name>
         <value>0x1319</value>
         <object_component_ref idref="oc-18a"/>
      </symbol>
      <symbol id="sm-46e">
         <name>HibernateRTCEnable</name>
         <value>0x1305</value>
         <object_component_ref idref="oc-17a"/>
      </symbol>
      <symbol id="sm-46f">
         <name>HibernateIntStatus</name>
         <value>0x1285</value>
         <object_component_ref idref="oc-eb"/>
      </symbol>
      <symbol id="sm-470">
         <name>HibernateDataGet</name>
         <value>0x12a9</value>
         <object_component_ref idref="oc-f3"/>
      </symbol>
      <symbol id="sm-471">
         <name>HibernateIsActive</name>
         <value>0x13a5</value>
         <object_component_ref idref="oc-e7"/>
      </symbol>
      <symbol id="sm-472">
         <name>HibernateGPIORetentionEnable</name>
         <value>0x12dd</value>
         <object_component_ref idref="oc-172"/>
      </symbol>
      <symbol id="sm-47a">
         <name>CPUcpsie</name>
         <value>0x13f3</value>
         <object_component_ref idref="oc-16d"/>
      </symbol>
      <symbol id="sm-47b">
         <name>__TI_static_base__</name>
         <value>0x0</value>
      </symbol>
      <symbol id="sm-47c">
         <name>UARTgets</name>
         <value>0x0</value>
      </symbol>
      <symbol id="sm-47d">
         <name>RGBDisable</name>
         <value>0x0</value>
      </symbol>
      <symbol id="sm-47e">
         <name>UARTStdioInit</name>
         <value>0x0</value>
      </symbol>
      <symbol id="sm-47f">
         <name>RGBIntensitySet</name>
         <value>0x0</value>
      </symbol>
      <symbol id="sm-480">
         <name>CmdLineProcess</name>
         <value>0x0</value>
      </symbol>
      <symbol id="sm-481">
         <name>RGBEnable</name>
         <value>0x0</value>
      </symbol>
      <symbol id="sm-482">
         <name>ButtonsInit</name>
         <value>0x0</value>
      </symbol>
      <symbol id="sm-483">
         <name>UARTPeek</name>
         <value>0x0</value>
      </symbol>
      <symbol id="sm-484">
         <name>RGBInit</name>
         <value>0x0</value>
      </symbol>
      <symbol id="sm-485">
         <name>ButtonsPoll</name>
         <value>0x0</value>
      </symbol>
      <symbol id="sm-486">
         <name>UARTprintf</name>
         <value>0x0</value>
      </symbol>
      <symbol id="sm-487">
         <name>RGBColorSet</name>
         <value>0x0</value>
      </symbol>
      <symbol id="sm-488">
         <name>UARTStdioIntHandler</name>
         <value>0x0</value>
      </symbol>
      <symbol id="sm-489">
         <name>__TI_args_main</name>
         <value>0x1</value>
      </symbol>
      <symbol id="sm-48a">
         <name>SHT$$INIT_ARRAY$$Limit</name>
         <value>0x0</value>
      </symbol>
      <symbol id="sm-48b">
         <name>SHT$$INIT_ARRAY$$Base</name>
         <value>0x0</value>
      </symbol>
   </symbol_table>
   <title>Link errors: red sections failed placement</title>
</link_info>
