******************************************************************************
                  TI ARM Linker PC v5.1.6                      
******************************************************************************
>> Linked Wed Feb 11 21:03:52 2015

OUTPUT FILE NAME:   <Project_5.out>
ENTRY POINT SYMBOL: "_c_int00"  address: 00000d75


MEMORY CONFIGURATION

         name            origin    length      used     unused   attr    fill
----------------------  --------  ---------  --------  --------  ----  --------
  FLASH                 00000000   00040000  0000127c  0003ed84  R  X
  SRAM                  20000000   00008000  00000224  00007ddc  RW X


SEGMENT ALLOCATION MAP

run origin  load origin   length   init length attrs members
----------  ----------- ---------- ----------- ----- -------
00000000    00000000    00001280   00001280    r-x
  00000000    00000000    0000026c   0000026c    r-- .intvecs
  0000026c    0000026c    00000e44   00000e44    r-x .text
  000010b0    000010b0    00000194   00000194    r-- .const
  00001248    00001248    00000038   00000038    r-- .cinit
20000000    20000000    00000224   00000000    rw-
  20000000    20000000    00000200   00000000    rw- .stack
  20000200    20000200    00000014   00000000    rw- .data
  20000214    20000214    00000010   00000000    rw- .bss


SECTION ALLOCATION MAP

 output                                  attributes/
section   page    origin      length       input sections
--------  ----  ----------  ----------   ----------------
.intvecs   0    00000000    0000026c     
                  00000000    0000026c     lm4f120h5qr_startup_ccs.obj (.intvecs)

.init_array 
*          0    00000000    00000000     UNINITIALIZED

.text      0    0000026c    00000e44     
                  0000026c    00000224     main.obj (.text)
                  00000490    000001d8     driverlib-cm4f.lib : sysctl.obj (.text:SysCtlClockGet)
                  00000668    0000013c                        : sysctl.obj (.text:SysCtlClockSet)
                  000007a4    000000fc     rtsv7M4_T_le_v4SPD16_eabi.lib : fd_mul_t2.obj (.text)
                  000008a0    000000c8     driverlib-cm4f.lib : gpio.obj (.text:GPIOPadConfigSet)
                  00000968    0000009c     rtsv7M4_T_le_v4SPD16_eabi.lib : memcpy_t2.obj (.text)
                  00000a04    00000094                                   : auto_init.obj (.text)
                  00000a98    00000086                                   : fd_cmp_t2.obj (.text:__aeabi_cdcmple)
                  00000b1e    00000086                                   : fd_cmp_t2.obj (.text:__aeabi_cdrcmple)
                  00000ba4    0000006c     driverlib-cm4f.lib : adc.obj (.text:ADCSequenceStepConfigure)
                  00000c10    00000064                        : interrupt.obj (.text:IntEnable)
                  00000c74    0000005e     rtsv7M4_T_le_v4SPD16_eabi.lib : copy_decompress_rle.obj (.text)
                  00000cd2    00000002     --HOLE-- [fill = 0]
                  00000cd4    00000058     driverlib-cm4f.lib : sysctl.obj (.text:SysCtlPeripheralEnable)
                  00000d2c    00000048                        : gpio.obj (.text:GPIOPinConfigure)
                  00000d74    00000048     rtsv7M4_T_le_v4SPD16_eabi.lib : boot.obj (.text)
                  00000dbc    00000044                                   : cpy_tbl.obj (.text)
                  00000e00    00000044                                   : exit.obj (.text)
                  00000e44    00000044                                   : fd_tou_t2.obj (.text)
                  00000e88    0000002e     driverlib-cm4f.lib : gpio.obj (.text:GPIODirModeSet)
                  00000eb6    0000002a                        : adc.obj (.text:ADCSequenceConfigure)
                  00000ee0    00000028                        : timer.obj (.text:TimerConfigure)
                  00000f08    00000020                        : adc.obj (.text:ADCSequenceDataGet)
                  00000f28    00000020                        : sysctl.obj (.text:SysCtlADCSpeedSet)
                  00000f48    00000020     rtsv7M4_T_le_v4SPD16_eabi.lib : u_tofd_t2.obj (.text)
                  00000f68    00000018     driverlib-cm4f.lib : timer.obj (.text:TimerControlLevel)
                  00000f80    00000018     rtsv7M4_T_le_v4SPD16_eabi.lib : args_main.obj (.text)
                  00000f98    00000016     driverlib-cm4f.lib : adc.obj (.text:ADCProcessorTrigger)
                  00000fae    00000002     --HOLE-- [fill = 0]
                  00000fb0    00000014     rtsv7M4_T_le_v4SPD16_eabi.lib : _lock.obj (.text)
                  00000fc4    00000012     driverlib-cm4f.lib : gpio.obj (.text:GPIOPinTypeADC)
                  00000fd6    00000012                        : gpio.obj (.text:GPIOPinTypeGPIOInput)
                  00000fe8    00000012                        : gpio.obj (.text:GPIOPinTypeTimer)
                  00000ffa    00000012                        : timer.obj (.text:TimerLoadSet)
                  0000100c    00000012                        : timer.obj (.text:TimerMatchSet)
                  0000101e    00000012     rtsv7M4_T_le_v4SPD16_eabi.lib : copy_zero_init.obj (.text:decompress:ZI)
                  00001030    00000010     driverlib-cm4f.lib : adc.obj (.text:ADCIntEnable)
                  00001040    0000000e                        : adc.obj (.text:ADCSequenceDisable)
                  0000104e    0000000e                        : adc.obj (.text:ADCSequenceEnable)
                  0000105c    0000000e                        : timer.obj (.text:TimerEnable)
                  0000106a    0000000e     rtsv7M4_T_le_v4SPD16_eabi.lib : copy_decompress_none.obj (.text:decompress:none)
                  00001078    0000000c     driverlib-cm4f.lib : cpu.obj (.text:CPUcpsie)
                  00001084    0000000c     lm4f120h5qr_startup_ccs.obj (.text)
                  00001090    0000000a     driverlib-cm4f.lib : adc.obj (.text:ADCIntClear)
                  0000109a    0000000a                        : interrupt.obj (.text:IntMasterEnable)
                  000010a4    00000006                        : sysctl.obj (.text:SysCtlDelay)
                  000010aa    00000006     rtsv7M4_T_le_v4SPD16_eabi.lib : copy_decompress_rle.obj (.text:decompress:rle24)

.const     0    000010b0    00000194     
                  000010b0    00000078     driverlib-cm4f.lib : gpio.obj (.const:g_pulGPIOBaseAddrs)
                  00001128    00000070                        : interrupt.obj (.const)
                  00001198    0000006c                        : sysctl.obj (.const:g_pulXtals)
                  00001204    00000040                        : sysctl.obj (.const)

.cinit     0    00001248    00000038     
                  00001248    0000000f     (.cinit..data.load) [load image, compression = rle]
                  00001257    00000001     --HOLE-- [fill = 0]
                  00001258    0000000c     (__TI_handler_table)
                  00001264    00000004     --HOLE-- [fill = 0]
                  00001268    00000008     (.cinit..bss.load) [load image, compression = zero_init]
                  00001270    00000010     (__TI_cinit_table)

.stack     0    20000000    00000200     UNINITIALIZED
                  20000000    00000200     --HOLE--

.data      0    20000200    00000014     UNINITIALIZED
                  20000200    00000008     rtsv7M4_T_le_v4SPD16_eabi.lib : _lock.obj (.data)
                  20000208    00000008                                   : exit.obj (.data)
                  20000210    00000004                                   : stkdepth_vars.obj (.data)

.bss       0    20000214    00000010     UNINITIALIZED
                  20000214    00000010     (.common:ulADC0Value)


LINKER GENERATED COPY TABLES

__TI_cinit_table @ 00001270 records: 2, size/record: 8, table size: 16
	.data: load addr=00001248, load size=0000000f bytes, run addr=20000200, run size=00000014 bytes, compression=rle
	.bss: load addr=00001268, load size=00000008 bytes, run addr=20000214, run size=00000010 bytes, compression=zero_init


LINKER GENERATED HANDLER TABLE

__TI_handler_table @ 00001258 records: 3, size/record: 4, table size: 12
	index: 0, handler: __TI_decompress_rle24
	index: 1, handler: __TI_decompress_none
	index: 2, handler: __TI_zero_init


GLOBAL SYMBOLS: SORTED ALPHABETICALLY BY Name 

address    name
--------   ----
00001091   ADCIntClear
00001031   ADCIntEnable
00000f99   ADCProcessorTrigger
00000eb7   ADCSequenceConfigure
00000f09   ADCSequenceDataGet
00001041   ADCSequenceDisable
0000104f   ADCSequenceEnable
00000ba5   ADCSequenceStepConfigure
00000e01   C$$EXIT
00001079   CPUcpsie
00000e89   GPIODirModeSet
000008a1   GPIOPadConfigSet
00000d2d   GPIOPinConfigure
00000fc5   GPIOPinTypeADC
00000fd7   GPIOPinTypeGPIOInput
00000fe9   GPIOPinTypeTimer
00000c11   IntEnable
0000109b   IntMasterEnable
00001085   ResetISR
UNDEFED    SHT$$INIT_ARRAY$$Base
UNDEFED    SHT$$INIT_ARRAY$$Limit
0000032f   SequenceIntHandler
00000f29   SysCtlADCSpeedSet
00000491   SysCtlClockGet
00000669   SysCtlClockSet
000010a5   SysCtlDelay
00000cd5   SysCtlPeripheralEnable
00000ee1   TimerConfigure
00000f69   TimerControlLevel
0000105d   TimerEnable
00000ffb   TimerLoadSet
0000100d   TimerMatchSet
20000200   __STACK_END
00000200   __STACK_SIZE
20000200   __STACK_TOP
00001270   __TI_CINIT_Base
00001280   __TI_CINIT_Limit
00001258   __TI_Handler_Table_Base
00001264   __TI_Handler_Table_Limit
00000001   __TI_args_main
00000a05   __TI_auto_init
20000208   __TI_cleanup_ptr
0000106b   __TI_decompress_none
000010ab   __TI_decompress_rle24
2000020c   __TI_dtors_ptr
00000000   __TI_static_base__
0000101f   __TI_zero_init
00000a99   __aeabi_cdcmpeq
00000a99   __aeabi_cdcmple
00000b1f   __aeabi_cdrcmple
00000e45   __aeabi_d2uiz
000007a5   __aeabi_dmul
00000969   __aeabi_memcpy
00000969   __aeabi_memcpy4
00000969   __aeabi_memcpy8
00000f49   __aeabi_ui2d
ffffffff   __binit__
ffffffff   __c_args__
20000000   __stack
00000f81   _args_main
00000d75   _c_int00
20000200   _lock
00000fbf   _nop
00000fb7   _register_lock
00000fb1   _register_unlock
20000204   _unlock
00000e05   abort
ffffffff   binit
00000dbd   copy_in
00000e0d   exit
00000000   g_pfnVectors
0000026d   main
20000210   main_func_sp
00000969   memcpy
20000214   ulADC0Value


GLOBAL SYMBOLS: SORTED BY Symbol Address 

address    name
--------   ----
00000000   __TI_static_base__
00000000   g_pfnVectors
00000001   __TI_args_main
00000200   __STACK_SIZE
0000026d   main
0000032f   SequenceIntHandler
00000491   SysCtlClockGet
00000669   SysCtlClockSet
000007a5   __aeabi_dmul
000008a1   GPIOPadConfigSet
00000969   __aeabi_memcpy
00000969   __aeabi_memcpy4
00000969   __aeabi_memcpy8
00000969   memcpy
00000a05   __TI_auto_init
00000a99   __aeabi_cdcmpeq
00000a99   __aeabi_cdcmple
00000b1f   __aeabi_cdrcmple
00000ba5   ADCSequenceStepConfigure
00000c11   IntEnable
00000cd5   SysCtlPeripheralEnable
00000d2d   GPIOPinConfigure
00000d75   _c_int00
00000dbd   copy_in
00000e01   C$$EXIT
00000e05   abort
00000e0d   exit
00000e45   __aeabi_d2uiz
00000e89   GPIODirModeSet
00000eb7   ADCSequenceConfigure
00000ee1   TimerConfigure
00000f09   ADCSequenceDataGet
00000f29   SysCtlADCSpeedSet
00000f49   __aeabi_ui2d
00000f69   TimerControlLevel
00000f81   _args_main
00000f99   ADCProcessorTrigger
00000fb1   _register_unlock
00000fb7   _register_lock
00000fbf   _nop
00000fc5   GPIOPinTypeADC
00000fd7   GPIOPinTypeGPIOInput
00000fe9   GPIOPinTypeTimer
00000ffb   TimerLoadSet
0000100d   TimerMatchSet
0000101f   __TI_zero_init
00001031   ADCIntEnable
00001041   ADCSequenceDisable
0000104f   ADCSequenceEnable
0000105d   TimerEnable
0000106b   __TI_decompress_none
00001079   CPUcpsie
00001085   ResetISR
00001091   ADCIntClear
0000109b   IntMasterEnable
000010a5   SysCtlDelay
000010ab   __TI_decompress_rle24
00001258   __TI_Handler_Table_Base
00001264   __TI_Handler_Table_Limit
00001270   __TI_CINIT_Base
00001280   __TI_CINIT_Limit
20000000   __stack
20000200   __STACK_END
20000200   __STACK_TOP
20000200   _lock
20000204   _unlock
20000208   __TI_cleanup_ptr
2000020c   __TI_dtors_ptr
20000210   main_func_sp
20000214   ulADC0Value
ffffffff   __binit__
ffffffff   __c_args__
ffffffff   binit
UNDEFED    SHT$$INIT_ARRAY$$Base
UNDEFED    SHT$$INIT_ARRAY$$Limit

[75 symbols]
