******************************************************************************
                  TI ARM Linker PC v5.1.6                      
******************************************************************************
>> Linked Tue Feb 17 23:42:57 2015

OUTPUT FILE NAME:   <Project_5.out>
ENTRY POINT SYMBOL: "_c_int00"  address: 00000d61


MEMORY CONFIGURATION

         name            origin    length      used     unused   attr    fill
----------------------  --------  ---------  --------  --------  ----  --------
  FLASH                 00000000   00040000  000012a0  0003ed60  R  X
  SRAM                  20000000   00008000  00000224  00007ddc  RW X


SEGMENT ALLOCATION MAP

run origin  load origin   length   init length attrs members
----------  ----------- ---------- ----------- ----- -------
00000000    00000000    000012a0   000012a0    r-x
  00000000    00000000    0000026c   0000026c    r-- .intvecs
  0000026c    0000026c    00000e68   00000e68    r-x .text
  000010d4    000010d4    00000194   00000194    r-- .const
  00001268    00001268    00000038   00000038    r-- .cinit
20000000    20000000    00000224   00000000    rw-
  20000000    20000000    00000200   00000000    rw- .stack
  20000200    20000200    00000014   00000000    rw- .data
  20000214    20000214    00000010   00000000    rw- .bss


SECTION ALLOCATION MAP

 output                                  attributes/
section   page    origin      length       input sections
--------  ----  ----------  ----------   ----------------
.intvecs   0    00000000    0000026c     
                  00000000    0000026c     lm4f120h5qr_startup_ccs.obj (.intvecs)

.init_array 
*          0    00000000    00000000     UNINITIALIZED

.text      0    0000026c    00000e68     
                  0000026c    000001d8     driverlib-cm4f.lib : sysctl.obj (.text:SysCtlClockGet)
                  00000444    000001b6     rtsv7M4_T_le_v4SPD16_eabi.lib : fd_add_t2.obj (.text)
                  000005fa    00000002     --HOLE-- [fill = 0]
                  000005fc    00000164     main.obj (.text)
                  00000760    0000013c     driverlib-cm4f.lib : sysctl.obj (.text:SysCtlClockSet)
                  0000089c    000000fc     rtsv7M4_T_le_v4SPD16_eabi.lib : fd_mul_t2.obj (.text)
                  00000998    000000c8     driverlib-cm4f.lib : gpio.obj (.text:GPIOPadConfigSet)
                  00000a60    0000009c     rtsv7M4_T_le_v4SPD16_eabi.lib : memcpy_t2.obj (.text)
                  00000afc    00000094                                   : auto_init.obj (.text)
                  00000b90    0000006c     driverlib-cm4f.lib : adc.obj (.text:ADCSequenceStepConfigure)
                  00000bfc    00000064                        : interrupt.obj (.text:IntEnable)
                  00000c60    0000005e     rtsv7M4_T_le_v4SPD16_eabi.lib : copy_decompress_rle.obj (.text)
                  00000cbe    00000002     --HOLE-- [fill = 0]
                  00000cc0    00000058     driverlib-cm4f.lib : sysctl.obj (.text:SysCtlPeripheralEnable)
                  00000d18    00000048                        : gpio.obj (.text:GPIOPinConfigure)
                  00000d60    00000048     rtsv7M4_T_le_v4SPD16_eabi.lib : boot.obj (.text)
                  00000da8    00000044                                   : cpy_tbl.obj (.text)
                  00000dec    00000044                                   : exit.obj (.text)
                  00000e30    00000044                                   : fd_tou_t2.obj (.text)
                  00000e74    00000038                                   : fs_tod_t2.obj (.text)
                  00000eac    0000002e     driverlib-cm4f.lib : gpio.obj (.text:GPIODirModeSet)
                  00000eda    0000002a                        : adc.obj (.text:ADCSequenceConfigure)
                  00000f04    00000028                        : timer.obj (.text:TimerConfigure)
                  00000f2c    00000020                        : adc.obj (.text:ADCSequenceDataGet)
                  00000f4c    00000020                        : sysctl.obj (.text:SysCtlADCSpeedSet)
                  00000f6c    00000020     rtsv7M4_T_le_v4SPD16_eabi.lib : u_tofd_t2.obj (.text)
                  00000f8c    00000018     driverlib-cm4f.lib : timer.obj (.text:TimerControlLevel)
                  00000fa4    00000018     rtsv7M4_T_le_v4SPD16_eabi.lib : args_main.obj (.text)
                  00000fbc    00000016     driverlib-cm4f.lib : adc.obj (.text:ADCProcessorTrigger)
                  00000fd2    00000002     --HOLE-- [fill = 0]
                  00000fd4    00000014     rtsv7M4_T_le_v4SPD16_eabi.lib : _lock.obj (.text)
                  00000fe8    00000012     driverlib-cm4f.lib : gpio.obj (.text:GPIOPinTypeADC)
                  00000ffa    00000012                        : gpio.obj (.text:GPIOPinTypeGPIOInput)
                  0000100c    00000012                        : gpio.obj (.text:GPIOPinTypeTimer)
                  0000101e    00000012                        : timer.obj (.text:TimerLoadSet)
                  00001030    00000012                        : timer.obj (.text:TimerMatchSet)
                  00001042    00000012     rtsv7M4_T_le_v4SPD16_eabi.lib : copy_zero_init.obj (.text:decompress:ZI)
                  00001054    00000010     driverlib-cm4f.lib : adc.obj (.text:ADCIntEnable)
                  00001064    0000000e                        : adc.obj (.text:ADCSequenceDisable)
                  00001072    0000000e                        : adc.obj (.text:ADCSequenceEnable)
                  00001080    0000000e                        : timer.obj (.text:TimerEnable)
                  0000108e    0000000e     rtsv7M4_T_le_v4SPD16_eabi.lib : copy_decompress_none.obj (.text:decompress:none)
                  0000109c    0000000c     driverlib-cm4f.lib : cpu.obj (.text:CPUcpsie)
                  000010a8    0000000c     lm4f120h5qr_startup_ccs.obj (.text)
                  000010b4    0000000a     driverlib-cm4f.lib : adc.obj (.text:ADCIntClear)
                  000010be    0000000a                        : interrupt.obj (.text:IntMasterEnable)
                  000010c8    00000006                        : sysctl.obj (.text:SysCtlDelay)
                  000010ce    00000006     rtsv7M4_T_le_v4SPD16_eabi.lib : copy_decompress_rle.obj (.text:decompress:rle24)

.const     0    000010d4    00000194     
                  000010d4    00000078     driverlib-cm4f.lib : gpio.obj (.const:g_pulGPIOBaseAddrs)
                  0000114c    00000070                        : interrupt.obj (.const)
                  000011bc    0000006c                        : sysctl.obj (.const:g_pulXtals)
                  00001228    00000040                        : sysctl.obj (.const)

.cinit     0    00001268    00000038     
                  00001268    0000000f     (.cinit..data.load) [load image, compression = rle]
                  00001277    00000001     --HOLE-- [fill = 0]
                  00001278    0000000c     (__TI_handler_table)
                  00001284    00000004     --HOLE-- [fill = 0]
                  00001288    00000008     (.cinit..bss.load) [load image, compression = zero_init]
                  00001290    00000010     (__TI_cinit_table)

.stack     0    20000000    00000200     UNINITIALIZED
                  20000000    00000200     --HOLE--

.data      0    20000200    00000014     UNINITIALIZED
                  20000200    00000008     rtsv7M4_T_le_v4SPD16_eabi.lib : _lock.obj (.data)
                  20000208    00000008                                   : exit.obj (.data)
                  20000210    00000004                                   : stkdepth_vars.obj (.data)

.bss       0    20000214    00000010     UNINITIALIZED
                  20000214    00000010     (.common:ulADC0Value)


LINKER GENERATED COPY TABLES

__TI_cinit_table @ 00001290 records: 2, size/record: 8, table size: 16
	.data: load addr=00001268, load size=0000000f bytes, run addr=20000200, run size=00000014 bytes, compression=rle
	.bss: load addr=00001288, load size=00000008 bytes, run addr=20000214, run size=00000010 bytes, compression=zero_init


LINKER GENERATED HANDLER TABLE

__TI_handler_table @ 00001278 records: 3, size/record: 4, table size: 12
	index: 0, handler: __TI_decompress_rle24
	index: 1, handler: __TI_decompress_none
	index: 2, handler: __TI_zero_init


GLOBAL SYMBOLS: SORTED ALPHABETICALLY BY Name 

address    name
--------   ----
000010b5   ADCIntClear
00001055   ADCIntEnable
00000fbd   ADCProcessorTrigger
00000edb   ADCSequenceConfigure
00000f2d   ADCSequenceDataGet
00001065   ADCSequenceDisable
00001073   ADCSequenceEnable
00000b91   ADCSequenceStepConfigure
00000ded   C$$EXIT
0000109d   CPUcpsie
00000ead   GPIODirModeSet
00000999   GPIOPadConfigSet
00000d19   GPIOPinConfigure
00000fe9   GPIOPinTypeADC
00000ffb   GPIOPinTypeGPIOInput
0000100d   GPIOPinTypeTimer
00000bfd   IntEnable
000010bf   IntMasterEnable
000010a9   ResetISR
UNDEFED    SHT$$INIT_ARRAY$$Base
UNDEFED    SHT$$INIT_ARRAY$$Limit
0000069b   SequenceIntHandler
00000f4d   SysCtlADCSpeedSet
0000026d   SysCtlClockGet
00000761   SysCtlClockSet
000010c9   SysCtlDelay
00000cc1   SysCtlPeripheralEnable
00000f05   TimerConfigure
00000f8d   TimerControlLevel
00001081   TimerEnable
0000101f   TimerLoadSet
00001031   TimerMatchSet
20000200   __STACK_END
00000200   __STACK_SIZE
20000200   __STACK_TOP
00001290   __TI_CINIT_Base
000012a0   __TI_CINIT_Limit
00001278   __TI_Handler_Table_Base
00001284   __TI_Handler_Table_Limit
00000001   __TI_args_main
00000afd   __TI_auto_init
20000208   __TI_cleanup_ptr
0000108f   __TI_decompress_none
000010cf   __TI_decompress_rle24
2000020c   __TI_dtors_ptr
00000000   __TI_static_base__
00001043   __TI_zero_init
00000e31   __aeabi_d2uiz
0000044f   __aeabi_dadd
0000089d   __aeabi_dmul
00000445   __aeabi_dsub
00000e75   __aeabi_f2d
00000a61   __aeabi_memcpy
00000a61   __aeabi_memcpy4
00000a61   __aeabi_memcpy8
00000f6d   __aeabi_ui2d
ffffffff   __binit__
ffffffff   __c_args__
20000000   __stack
00000fa5   _args_main
00000d61   _c_int00
20000200   _lock
00000fe3   _nop
00000fdb   _register_lock
00000fd5   _register_unlock
20000204   _unlock
00000df1   abort
ffffffff   binit
00000da9   copy_in
00000df9   exit
00000000   g_pfnVectors
000005fd   main
20000210   main_func_sp
00000a61   memcpy
20000214   ulADC0Value


GLOBAL SYMBOLS: SORTED BY Symbol Address 

address    name
--------   ----
00000000   __TI_static_base__
00000000   g_pfnVectors
00000001   __TI_args_main
00000200   __STACK_SIZE
0000026d   SysCtlClockGet
00000445   __aeabi_dsub
0000044f   __aeabi_dadd
000005fd   main
0000069b   SequenceIntHandler
00000761   SysCtlClockSet
0000089d   __aeabi_dmul
00000999   GPIOPadConfigSet
00000a61   __aeabi_memcpy
00000a61   __aeabi_memcpy4
00000a61   __aeabi_memcpy8
00000a61   memcpy
00000afd   __TI_auto_init
00000b91   ADCSequenceStepConfigure
00000bfd   IntEnable
00000cc1   SysCtlPeripheralEnable
00000d19   GPIOPinConfigure
00000d61   _c_int00
00000da9   copy_in
00000ded   C$$EXIT
00000df1   abort
00000df9   exit
00000e31   __aeabi_d2uiz
00000e75   __aeabi_f2d
00000ead   GPIODirModeSet
00000edb   ADCSequenceConfigure
00000f05   TimerConfigure
00000f2d   ADCSequenceDataGet
00000f4d   SysCtlADCSpeedSet
00000f6d   __aeabi_ui2d
00000f8d   TimerControlLevel
00000fa5   _args_main
00000fbd   ADCProcessorTrigger
00000fd5   _register_unlock
00000fdb   _register_lock
00000fe3   _nop
00000fe9   GPIOPinTypeADC
00000ffb   GPIOPinTypeGPIOInput
0000100d   GPIOPinTypeTimer
0000101f   TimerLoadSet
00001031   TimerMatchSet
00001043   __TI_zero_init
00001055   ADCIntEnable
00001065   ADCSequenceDisable
00001073   ADCSequenceEnable
00001081   TimerEnable
0000108f   __TI_decompress_none
0000109d   CPUcpsie
000010a9   ResetISR
000010b5   ADCIntClear
000010bf   IntMasterEnable
000010c9   SysCtlDelay
000010cf   __TI_decompress_rle24
00001278   __TI_Handler_Table_Base
00001284   __TI_Handler_Table_Limit
00001290   __TI_CINIT_Base
000012a0   __TI_CINIT_Limit
20000000   __stack
20000200   __STACK_END
20000200   __STACK_TOP
20000200   _lock
20000204   _unlock
20000208   __TI_cleanup_ptr
2000020c   __TI_dtors_ptr
20000210   main_func_sp
20000214   ulADC0Value
ffffffff   __binit__
ffffffff   __c_args__
ffffffff   binit
UNDEFED    SHT$$INIT_ARRAY$$Base
UNDEFED    SHT$$INIT_ARRAY$$Limit

[75 symbols]
