******************************************************************************
                  TI ARM Linker PC v5.1.6                      
******************************************************************************
>> Linked Wed Feb 11 16:45:11 2015

OUTPUT FILE NAME:   <Project_4.out>
ENTRY POINT SYMBOL: "_c_int00"  address: 00000b31


MEMORY CONFIGURATION

         name            origin    length      used     unused   attr    fill
----------------------  --------  ---------  --------  --------  ----  --------
  FLASH                 00000000   00040000  00000eae  0003f152  R  X
  SRAM                  20000000   00008000  00000214  00007dec  RW X


SEGMENT ALLOCATION MAP

run origin  load origin   length   init length attrs members
----------  ----------- ---------- ----------- ----- -------
00000000    00000000    00000eb0   00000eb0    r-x
  00000000    00000000    0000026c   0000026c    r-- .intvecs
  0000026c    0000026c    00000afe   00000afe    r-x .text
  00000d6c    00000d6c    00000124   00000124    r-- .const
  00000e90    00000e90    00000020   00000020    r-- .cinit
20000000    20000000    00000214   00000000    rw-
  20000000    20000000    00000200   00000000    rw- .stack
  20000200    20000200    00000014   00000000    rw- .data


SECTION ALLOCATION MAP

 output                                  attributes/
section   page    origin      length       input sections
--------  ----  ----------  ----------   ----------------
.intvecs   0    00000000    0000026c     
                  00000000    0000026c     lm4f120h5qr_startup_ccs.obj (.intvecs)

.init_array 
*          0    00000000    00000000     UNINITIALIZED

.text      0    0000026c    00000afe     
                  0000026c    000001d8     driverlib-cm4f.lib : sysctl.obj (.text:SysCtlClockGet)
                  00000444    000001bc     main.obj (.text)
                  00000600    0000013c     driverlib-cm4f.lib : sysctl.obj (.text:SysCtlClockSet)
                  0000073c    000000fc     rtsv7M4_T_le_v4SPD16_eabi.lib : fd_mul_t2.obj (.text)
                  00000838    000000c8     driverlib-cm4f.lib : gpio.obj (.text:GPIOPadConfigSet)
                  00000900    0000009c     rtsv7M4_T_le_v4SPD16_eabi.lib : memcpy_t2.obj (.text)
                  0000099c    00000094                                   : auto_init.obj (.text)
                  00000a30    0000005e                                   : copy_decompress_rle.obj (.text)
                  00000a8e    00000002     --HOLE-- [fill = 0]
                  00000a90    00000058     driverlib-cm4f.lib : sysctl.obj (.text:SysCtlPeripheralEnable)
                  00000ae8    00000048                        : gpio.obj (.text:GPIOPinConfigure)
                  00000b30    00000048     rtsv7M4_T_le_v4SPD16_eabi.lib : boot.obj (.text)
                  00000b78    00000044                                   : cpy_tbl.obj (.text)
                  00000bbc    00000044                                   : exit.obj (.text)
                  00000c00    00000044                                   : fd_tou_t2.obj (.text)
                  00000c44    0000002e     driverlib-cm4f.lib : gpio.obj (.text:GPIODirModeSet)
                  00000c72    00000002     --HOLE-- [fill = 0]
                  00000c74    00000028                        : timer.obj (.text:TimerConfigure)
                  00000c9c    00000020     rtsv7M4_T_le_v4SPD16_eabi.lib : u_tofd_t2.obj (.text)
                  00000cbc    00000018     driverlib-cm4f.lib : timer.obj (.text:TimerControlLevel)
                  00000cd4    00000018     rtsv7M4_T_le_v4SPD16_eabi.lib : args_main.obj (.text)
                  00000cec    00000014                                   : _lock.obj (.text)
                  00000d00    00000012     driverlib-cm4f.lib : gpio.obj (.text:GPIOPinTypeTimer)
                  00000d12    00000012                        : timer.obj (.text:TimerLoadSet)
                  00000d24    00000012                        : timer.obj (.text:TimerMatchSet)
                  00000d36    0000000e                        : timer.obj (.text:TimerEnable)
                  00000d44    0000000e     rtsv7M4_T_le_v4SPD16_eabi.lib : copy_decompress_none.obj (.text:decompress:none)
                  00000d52    0000000c     lm4f120h5qr_startup_ccs.obj (.text)
                  00000d5e    00000006     driverlib-cm4f.lib : sysctl.obj (.text:SysCtlDelay)
                  00000d64    00000006     rtsv7M4_T_le_v4SPD16_eabi.lib : copy_decompress_rle.obj (.text:decompress:rle24)

.const     0    00000d6c    00000124     
                  00000d6c    00000078     driverlib-cm4f.lib : gpio.obj (.const:g_pulGPIOBaseAddrs)
                  00000de4    0000006c                        : sysctl.obj (.const:g_pulXtals)
                  00000e50    00000040                        : sysctl.obj (.const)

.cinit     0    00000e90    00000020     
                  00000e90    0000000f     (.cinit..data.load) [load image, compression = rle]
                  00000e9f    00000001     --HOLE-- [fill = 0]
                  00000ea0    00000008     (__TI_handler_table)
                  00000ea8    00000008     (__TI_cinit_table)

.stack     0    20000000    00000200     UNINITIALIZED
                  20000000    00000200     --HOLE--

.data      0    20000200    00000014     UNINITIALIZED
                  20000200    00000008     rtsv7M4_T_le_v4SPD16_eabi.lib : _lock.obj (.data)
                  20000208    00000008                                   : exit.obj (.data)
                  20000210    00000004                                   : stkdepth_vars.obj (.data)


LINKER GENERATED COPY TABLES

__TI_cinit_table @ 00000ea8 records: 1, size/record: 8, table size: 8
	.data: load addr=00000e90, load size=0000000f bytes, run addr=20000200, run size=00000014 bytes, compression=rle


LINKER GENERATED HANDLER TABLE

__TI_handler_table @ 00000ea0 records: 2, size/record: 4, table size: 8
	index: 0, handler: __TI_decompress_rle24
	index: 1, handler: __TI_decompress_none


GLOBAL SYMBOLS: SORTED ALPHABETICALLY BY Name 

address    name
--------   ----
00000bbd   C$$EXIT
00000c45   GPIODirModeSet
00000839   GPIOPadConfigSet
00000ae9   GPIOPinConfigure
00000d01   GPIOPinTypeTimer
00000d53   ResetISR
UNDEFED    SHT$$INIT_ARRAY$$Base
UNDEFED    SHT$$INIT_ARRAY$$Limit
0000026d   SysCtlClockGet
00000601   SysCtlClockSet
00000d5f   SysCtlDelay
00000a91   SysCtlPeripheralEnable
00000c75   TimerConfigure
00000cbd   TimerControlLevel
00000d37   TimerEnable
00000d13   TimerLoadSet
00000d25   TimerMatchSet
20000200   __STACK_END
00000200   __STACK_SIZE
20000200   __STACK_TOP
00000ea8   __TI_CINIT_Base
00000eb0   __TI_CINIT_Limit
00000ea0   __TI_Handler_Table_Base
00000ea8   __TI_Handler_Table_Limit
00000001   __TI_args_main
0000099d   __TI_auto_init
20000208   __TI_cleanup_ptr
00000d45   __TI_decompress_none
00000d65   __TI_decompress_rle24
2000020c   __TI_dtors_ptr
00000000   __TI_static_base__
00000c01   __aeabi_d2uiz
0000073d   __aeabi_dmul
00000901   __aeabi_memcpy
00000901   __aeabi_memcpy4
00000901   __aeabi_memcpy8
00000c9d   __aeabi_ui2d
ffffffff   __binit__
ffffffff   __c_args__
20000000   __stack
00000cd5   _args_main
00000b31   _c_int00
20000200   _lock
00000cfb   _nop
00000cf3   _register_lock
00000ced   _register_unlock
20000204   _unlock
00000bc1   abort
ffffffff   binit
00000b79   copy_in
00000bc9   exit
00000000   g_pfnVectors
00000445   main
20000210   main_func_sp
00000901   memcpy


GLOBAL SYMBOLS: SORTED BY Symbol Address 

address    name
--------   ----
00000000   __TI_static_base__
00000000   g_pfnVectors
00000001   __TI_args_main
00000200   __STACK_SIZE
0000026d   SysCtlClockGet
00000445   main
00000601   SysCtlClockSet
0000073d   __aeabi_dmul
00000839   GPIOPadConfigSet
00000901   __aeabi_memcpy
00000901   __aeabi_memcpy4
00000901   __aeabi_memcpy8
00000901   memcpy
0000099d   __TI_auto_init
00000a91   SysCtlPeripheralEnable
00000ae9   GPIOPinConfigure
00000b31   _c_int00
00000b79   copy_in
00000bbd   C$$EXIT
00000bc1   abort
00000bc9   exit
00000c01   __aeabi_d2uiz
00000c45   GPIODirModeSet
00000c75   TimerConfigure
00000c9d   __aeabi_ui2d
00000cbd   TimerControlLevel
00000cd5   _args_main
00000ced   _register_unlock
00000cf3   _register_lock
00000cfb   _nop
00000d01   GPIOPinTypeTimer
00000d13   TimerLoadSet
00000d25   TimerMatchSet
00000d37   TimerEnable
00000d45   __TI_decompress_none
00000d53   ResetISR
00000d5f   SysCtlDelay
00000d65   __TI_decompress_rle24
00000ea0   __TI_Handler_Table_Base
00000ea8   __TI_CINIT_Base
00000ea8   __TI_Handler_Table_Limit
00000eb0   __TI_CINIT_Limit
20000000   __stack
20000200   __STACK_END
20000200   __STACK_TOP
20000200   _lock
20000204   _unlock
20000208   __TI_cleanup_ptr
2000020c   __TI_dtors_ptr
20000210   main_func_sp
ffffffff   __binit__
ffffffff   __c_args__
ffffffff   binit
UNDEFED    SHT$$INIT_ARRAY$$Base
UNDEFED    SHT$$INIT_ARRAY$$Limit

[55 symbols]
